Archive member included to satisfy reference by file (symbol)

c:/st/stm32cubeide_1.8.0/stm32cubeide/plugins/com.st.stm32cube.ide.mcu.externaltools.gnu-tools-for-stm32.9-2020-q2-update.win32_2.0.0.202105311346/tools/bin/../lib/gcc/arm-none-eabi/9.3.1/../../../../arm-none-eabi/lib/thumb/v8-m.main+fp/hard\libc_nano.a(lib_a-errno.o)
                              ./Core/Src/syscalls.o (__errno)
c:/st/stm32cubeide_1.8.0/stm32cubeide/plugins/com.st.stm32cube.ide.mcu.externaltools.gnu-tools-for-stm32.9-2020-q2-update.win32_2.0.0.202105311346/tools/bin/../lib/gcc/arm-none-eabi/9.3.1/../../../../arm-none-eabi/lib/thumb/v8-m.main+fp/hard\libc_nano.a(lib_a-exit.o)
                              c:/st/stm32cubeide_1.8.0/stm32cubeide/plugins/com.st.stm32cube.ide.mcu.externaltools.gnu-tools-for-stm32.9-2020-q2-update.win32_2.0.0.202105311346/tools/bin/../lib/gcc/arm-none-eabi/9.3.1/../../../../arm-none-eabi/lib/thumb/v8-m.main+fp/hard/crt0.o (exit)
c:/st/stm32cubeide_1.8.0/stm32cubeide/plugins/com.st.stm32cube.ide.mcu.externaltools.gnu-tools-for-stm32.9-2020-q2-update.win32_2.0.0.202105311346/tools/bin/../lib/gcc/arm-none-eabi/9.3.1/../../../../arm-none-eabi/lib/thumb/v8-m.main+fp/hard\libc_nano.a(lib_a-impure.o)
                              c:/st/stm32cubeide_1.8.0/stm32cubeide/plugins/com.st.stm32cube.ide.mcu.externaltools.gnu-tools-for-stm32.9-2020-q2-update.win32_2.0.0.202105311346/tools/bin/../lib/gcc/arm-none-eabi/9.3.1/../../../../arm-none-eabi/lib/thumb/v8-m.main+fp/hard\libc_nano.a(lib_a-exit.o) (_global_impure_ptr)
c:/st/stm32cubeide_1.8.0/stm32cubeide/plugins/com.st.stm32cube.ide.mcu.externaltools.gnu-tools-for-stm32.9-2020-q2-update.win32_2.0.0.202105311346/tools/bin/../lib/gcc/arm-none-eabi/9.3.1/../../../../arm-none-eabi/lib/thumb/v8-m.main+fp/hard\libc_nano.a(lib_a-init.o)
                              c:/st/stm32cubeide_1.8.0/stm32cubeide/plugins/com.st.stm32cube.ide.mcu.externaltools.gnu-tools-for-stm32.9-2020-q2-update.win32_2.0.0.202105311346/tools/bin/../lib/gcc/arm-none-eabi/9.3.1/../../../../arm-none-eabi/lib/thumb/v8-m.main+fp/hard/crt0.o (__libc_init_array)
c:/st/stm32cubeide_1.8.0/stm32cubeide/plugins/com.st.stm32cube.ide.mcu.externaltools.gnu-tools-for-stm32.9-2020-q2-update.win32_2.0.0.202105311346/tools/bin/../lib/gcc/arm-none-eabi/9.3.1/../../../../arm-none-eabi/lib/thumb/v8-m.main+fp/hard\libc_nano.a(lib_a-memset.o)
                              c:/st/stm32cubeide_1.8.0/stm32cubeide/plugins/com.st.stm32cube.ide.mcu.externaltools.gnu-tools-for-stm32.9-2020-q2-update.win32_2.0.0.202105311346/tools/bin/../lib/gcc/arm-none-eabi/9.3.1/../../../../arm-none-eabi/lib/thumb/v8-m.main+fp/hard/crt0.o (memset)

Allocating common symbols
Common symbol       size              file

uwTick              0x4               ./Drivers/STM32L5xx_HAL_Driver/Src/stm32l5xx_hal.o
hspi1               0x64              ./Core/Src/main.o

Discarded input sections

 .text          0x0000000000000000        0x0 c:/st/stm32cubeide_1.8.0/stm32cubeide/plugins/com.st.stm32cube.ide.mcu.externaltools.gnu-tools-for-stm32.9-2020-q2-update.win32_2.0.0.202105311346/tools/bin/../lib/gcc/arm-none-eabi/9.3.1/thumb/v8-m.main+fp/hard/crti.o
 .data          0x0000000000000000        0x0 c:/st/stm32cubeide_1.8.0/stm32cubeide/plugins/com.st.stm32cube.ide.mcu.externaltools.gnu-tools-for-stm32.9-2020-q2-update.win32_2.0.0.202105311346/tools/bin/../lib/gcc/arm-none-eabi/9.3.1/thumb/v8-m.main+fp/hard/crti.o
 .bss           0x0000000000000000        0x0 c:/st/stm32cubeide_1.8.0/stm32cubeide/plugins/com.st.stm32cube.ide.mcu.externaltools.gnu-tools-for-stm32.9-2020-q2-update.win32_2.0.0.202105311346/tools/bin/../lib/gcc/arm-none-eabi/9.3.1/thumb/v8-m.main+fp/hard/crti.o
 .data          0x0000000000000000        0x4 c:/st/stm32cubeide_1.8.0/stm32cubeide/plugins/com.st.stm32cube.ide.mcu.externaltools.gnu-tools-for-stm32.9-2020-q2-update.win32_2.0.0.202105311346/tools/bin/../lib/gcc/arm-none-eabi/9.3.1/thumb/v8-m.main+fp/hard/crtbegin.o
 .text          0x0000000000000000       0x7c c:/st/stm32cubeide_1.8.0/stm32cubeide/plugins/com.st.stm32cube.ide.mcu.externaltools.gnu-tools-for-stm32.9-2020-q2-update.win32_2.0.0.202105311346/tools/bin/../lib/gcc/arm-none-eabi/9.3.1/../../../../arm-none-eabi/lib/thumb/v8-m.main+fp/hard/crt0.o
 .data          0x0000000000000000        0x0 c:/st/stm32cubeide_1.8.0/stm32cubeide/plugins/com.st.stm32cube.ide.mcu.externaltools.gnu-tools-for-stm32.9-2020-q2-update.win32_2.0.0.202105311346/tools/bin/../lib/gcc/arm-none-eabi/9.3.1/../../../../arm-none-eabi/lib/thumb/v8-m.main+fp/hard/crt0.o
 .bss           0x0000000000000000        0x0 c:/st/stm32cubeide_1.8.0/stm32cubeide/plugins/com.st.stm32cube.ide.mcu.externaltools.gnu-tools-for-stm32.9-2020-q2-update.win32_2.0.0.202105311346/tools/bin/../lib/gcc/arm-none-eabi/9.3.1/../../../../arm-none-eabi/lib/thumb/v8-m.main+fp/hard/crt0.o
[...]
Memory Configuration

Name             Origin             Length             Attributes
RAM              0x0000000020000000 0x0000000000040000 xrw
FLASH            0x0000000008000000 0x0000000000080000 xr
*default*        0x0000000000000000 0xffffffffffffffff

Linker script and memory map

LOAD c:/st/stm32cubeide_1.8.0/stm32cubeide/plugins/com.st.stm32cube.ide.mcu.externaltools.gnu-tools-for-stm32.9-2020-q2-update.win32_2.0.0.202105311346/tools/bin/../lib/gcc/arm-none-eabi/9.3.1/thumb/v8-m.main+fp/hard/crti.o
LOAD c:/st/stm32cubeide_1.8.0/stm32cubeide/plugins/com.st.stm32cube.ide.mcu.externaltools.gnu-tools-for-stm32.9-2020-q2-update.win32_2.0.0.202105311346/tools/bin/../lib/gcc/arm-none-eabi/9.3.1/thumb/v8-m.main+fp/hard/crtbegin.o
LOAD c:/st/stm32cubeide_1.8.0/stm32cubeide/plugins/com.st.stm32cube.ide.mcu.externaltools.gnu-tools-for-stm32.9-2020-q2-update.win32_2.0.0.202105311346/tools/bin/../lib/gcc/arm-none-eabi/9.3.1/../../../../arm-none-eabi/lib/thumb/v8-m.main+fp/hard/crt0.o
LOAD ./Core/Src/NRFL01.o
LOAD ./Core/Src/main.o
LOAD ./Core/Src/stm32l5xx_hal_msp.o
LOAD ./Core/Src/stm32l5xx_it.o
LOAD ./Core/Src/syscalls.o
LOAD ./Core/Src/sysmem.o
LOAD ./Core/Src/system_stm32l5xx.o
LOAD ./Core/Startup/startup_stm32l552zetxq.o
LOAD ./Drivers/STM32L5xx_HAL_Driver/Src/stm32l5xx_hal.o
LOAD ./Drivers/STM32L5xx_HAL_Driver/Src/stm32l5xx_hal_cortex.o
LOAD ./Drivers/STM32L5xx_HAL_Driver/Src/stm32l5xx_hal_dma.o
LOAD ./Drivers/STM32L5xx_HAL_Driver/Src/stm32l5xx_hal_dma_ex.o
LOAD ./Drivers/STM32L5xx_HAL_Driver/Src/stm32l5xx_hal_exti.o
LOAD ./Drivers/STM32L5xx_HAL_Driver/Src/stm32l5xx_hal_flash.o
LOAD ./Drivers/STM32L5xx_HAL_Driver/Src/stm32l5xx_hal_flash_ex.o
LOAD ./Drivers/STM32L5xx_HAL_Driver/Src/stm32l5xx_hal_flash_ramfunc.o
LOAD ./Drivers/STM32L5xx_HAL_Driver/Src/stm32l5xx_hal_gpio.o
LOAD ./Drivers/STM32L5xx_HAL_Driver/Src/stm32l5xx_hal_i2c.o
LOAD ./Drivers/STM32L5xx_HAL_Driver/Src/stm32l5xx_hal_i2c_ex.o
LOAD ./Drivers/STM32L5xx_HAL_Driver/Src/stm32l5xx_hal_icache.o
LOAD ./Drivers/STM32L5xx_HAL_Driver/Src/stm32l5xx_hal_pwr.o
LOAD ./Drivers/STM32L5xx_HAL_Driver/Src/stm32l5xx_hal_pwr_ex.o
LOAD ./Drivers/STM32L5xx_HAL_Driver/Src/stm32l5xx_hal_rcc.o
LOAD ./Drivers/STM32L5xx_HAL_Driver/Src/stm32l5xx_hal_rcc_ex.o
LOAD ./Drivers/STM32L5xx_HAL_Driver/Src/stm32l5xx_hal_spi.o
LOAD ./Drivers/STM32L5xx_HAL_Driver/Src/stm32l5xx_hal_spi_ex.o
LOAD ./Drivers/STM32L5xx_HAL_Driver/Src/stm32l5xx_hal_tim.o
LOAD ./Drivers/STM32L5xx_HAL_Driver/Src/stm32l5xx_hal_tim_ex.o
START GROUP
LOAD c:/st/stm32cubeide_1.8.0/stm32cubeide/plugins/com.st.stm32cube.ide.mcu.externaltools.gnu-tools-for-stm32.9-2020-q2-update.win32_2.0.0.202105311346/tools/bin/../lib/gcc/arm-none-eabi/9.3.1/../../../../arm-none-eabi/lib/thumb/v8-m.main+fp/hard\libc_nano.a
LOAD c:/st/stm32cubeide_1.8.0/stm32cubeide/plugins/com.st.stm32cube.ide.mcu.externaltools.gnu-tools-for-stm32.9-2020-q2-update.win32_2.0.0.202105311346/tools/bin/../lib/gcc/arm-none-eabi/9.3.1/../../../../arm-none-eabi/lib/thumb/v8-m.main+fp/hard\libm.a
END GROUP
START GROUP
LOAD c:/st/stm32cubeide_1.8.0/stm32cubeide/plugins/com.st.stm32cube.ide.mcu.externaltools.gnu-tools-for-stm32.9-2020-q2-update.win32_2.0.0.202105311346/tools/bin/../lib/gcc/arm-none-eabi/9.3.1/thumb/v8-m.main+fp/hard\libgcc.a
LOAD c:/st/stm32cubeide_1.8.0/stm32cubeide/plugins/com.st.stm32cube.ide.mcu.externaltools.gnu-tools-for-stm32.9-2020-q2-update.win32_2.0.0.202105311346/tools/bin/../lib/gcc/arm-none-eabi/9.3.1/../../../../arm-none-eabi/lib/thumb/v8-m.main+fp/hard\libc_nano.a
END GROUP
START GROUP
LOAD c:/st/stm32cubeide_1.8.0/stm32cubeide/plugins/com.st.stm32cube.ide.mcu.externaltools.gnu-tools-for-stm32.9-2020-q2-update.win32_2.0.0.202105311346/tools/bin/../lib/gcc/arm-none-eabi/9.3.1/thumb/v8-m.main+fp/hard\libgcc.a
LOAD c:/st/stm32cubeide_1.8.0/stm32cubeide/plugins/com.st.stm32cube.ide.mcu.externaltools.gnu-tools-for-stm32.9-2020-q2-update.win32_2.0.0.202105311346/tools/bin/../lib/gcc/arm-none-eabi/9.3.1/../../../../arm-none-eabi/lib/thumb/v8-m.main+fp/hard\libc_nano.a
LOAD c:/st/stm32cubeide_1.8.0/stm32cubeide/plugins/com.st.stm32cube.ide.mcu.externaltools.gnu-tools-for-stm32.9-2020-q2-update.win32_2.0.0.202105311346/tools/bin/../lib/gcc/arm-none-eabi/9.3.1/../../../../arm-none-eabi/lib/thumb/v8-m.main+fp/hard\libnosys.a
END GROUP
START GROUP
LOAD c:/st/stm32cubeide_1.8.0/stm32cubeide/plugins/com.st.stm32cube.ide.mcu.externaltools.gnu-tools-for-stm32.9-2020-q2-update.win32_2.0.0.202105311346/tools/bin/../lib/gcc/arm-none-eabi/9.3.1/thumb/v8-m.main+fp/hard\libgcc.a
LOAD c:/st/stm32cubeide_1.8.0/stm32cubeide/plugins/com.st.stm32cube.ide.mcu.externaltools.gnu-tools-for-stm32.9-2020-q2-update.win32_2.0.0.202105311346/tools/bin/../lib/gcc/arm-none-eabi/9.3.1/../../../../arm-none-eabi/lib/thumb/v8-m.main+fp/hard\libc_nano.a
LOAD c:/st/stm32cubeide_1.8.0/stm32cubeide/plugins/com.st.stm32cube.ide.mcu.externaltools.gnu-tools-for-stm32.9-2020-q2-update.win32_2.0.0.202105311346/tools/bin/../lib/gcc/arm-none-eabi/9.3.1/../../../../arm-none-eabi/lib/thumb/v8-m.main+fp/hard\libnosys.a
END GROUP
LOAD c:/st/stm32cubeide_1.8.0/stm32cubeide/plugins/com.st.stm32cube.ide.mcu.externaltools.gnu-tools-for-stm32.9-2020-q2-update.win32_2.0.0.202105311346/tools/bin/../lib/gcc/arm-none-eabi/9.3.1/thumb/v8-m.main+fp/hard/crtend.o
LOAD c:/st/stm32cubeide_1.8.0/stm32cubeide/plugins/com.st.stm32cube.ide.mcu.externaltools.gnu-tools-for-stm32.9-2020-q2-update.win32_2.0.0.202105311346/tools/bin/../lib/gcc/arm-none-eabi/9.3.1/thumb/v8-m.main+fp/hard/crtn.o
                0x0000000020040000                _estack = (ORIGIN (RAM) + LENGTH (RAM))
                0x0000000000000200                _Min_Heap_Size = 0x200
                0x0000000000000400                _Min_Stack_Size = 0x400

.isr_vector     0x0000000008000000      0x1f4
                0x0000000008000000                . = ALIGN (0x4)
 *(.isr_vector)
 .isr_vector    0x0000000008000000      0x1f4 ./Core/Startup/startup_stm32l552zetxq.o
                0x0000000008000000                g_pfnVectors
                0x00000000080001f4                . = ALIGN (0x4)

.text           0x00000000080001f4     0x3090
                0x00000000080001f4                . = ALIGN (0x4)
 *(.text)
 .text          0x00000000080001f4       0x40 c:/st/stm32cubeide_1.8.0/stm32cubeide/plugins/com.st.stm32cube.ide.mcu.externaltools.gnu-tools-for-stm32.9-2020-q2-update.win32_2.0.0.202105311346/tools/bin/../lib/gcc/arm-none-eabi/9.3.1/thumb/v8-m.main+fp/hard/crtbegin.o
 *(.text*)
 .text.CS_Select
                0x0000000008000234       0x18 ./Core/Src/NRFL01.o
                0x0000000008000234                CS_Select
 .text.CS_UnSelect
                0x000000000800024c       0x18 ./Core/Src/NRFL01.o
                0x000000000800024c                CS_UnSelect
 .text.CE_Enable
                0x0000000008000264       0x18 ./Core/Src/NRFL01.o
                0x0000000008000264                CE_Enable
 .text.CE_Disable
                0x000000000800027c       0x18 ./Core/Src/NRFL01.o
                0x000000000800027c                CE_Disable
 .text.nrf24_WriteReg
                0x0000000008000294       0x44 ./Core/Src/NRFL01.o
                0x0000000008000294                nrf24_WriteReg
 .text.nrf24_WriteRegMulti
                0x00000000080002d8       0x4c ./Core/Src/NRFL01.o
                0x00000000080002d8                nrf24_WriteRegMulti
 .text.nrf24_ReadReg
                0x0000000008000324       0x40 ./Core/Src/NRFL01.o
                0x0000000008000324                nrf24_ReadReg
 .text.nrf24_ReadReg_Multi
                0x0000000008000364       0x40 ./Core/Src/NRFL01.o
                0x0000000008000364                nrf24_ReadReg_Multi
 .text.nrfsendCmd
                0x00000000080003a4       0x2c ./Core/Src/NRFL01.o
                0x00000000080003a4                nrfsendCmd
 .text.nrf24_reset
                0x00000000080003d0      0x14c ./Core/Src/NRFL01.o
                0x00000000080003d0                nrf24_reset
 .text.NRF24_Init
                0x000000000800051c       0x4e ./Core/Src/NRFL01.o
                0x000000000800051c                NRF24_Init
 .text.NRF24_RxMode
                0x000000000800056a       0x7e ./Core/Src/NRFL01.o
                0x000000000800056a                NRF24_RxMode
 .text.isDataAvailable
                0x00000000080005e8       0x3e ./Core/Src/NRFL01.o
                0x00000000080005e8                isDataAvailable
 *fill*         0x0000000008000626        0x2 
 .text.NRF24_Receive
                0x0000000008000628       0x54 ./Core/Src/NRFL01.o
                0x0000000008000628                NRF24_Receive
 .text.NRF24_ReadAll
                0x000000000800067c       0xcc ./Core/Src/NRFL01.o
                0x000000000800067c                NRF24_ReadAll
 .text.main     0x0000000008000748       0xfc ./Core/Src/main.o
                0x0000000008000748                main
 .text.SystemClock_Config
                0x0000000008000844       0xa0 ./Core/Src/main.o
                0x0000000008000844                SystemClock_Config
 .text.MX_SPI1_Init
                0x00000000080008e4       0x7c ./Core/Src/main.o
 .text.MX_GPIO_Init
                0x0000000008000960       0xc8 ./Core/Src/main.o
 .text.Error_Handler
                0x0000000008000a28        0xa ./Core/Src/main.o
                0x0000000008000a28                Error_Handler
 *fill*         0x0000000008000a32        0x2 
 .text.HAL_MspInit
                0x0000000008000a34       0x48 ./Core/Src/stm32l5xx_hal_msp.o
                0x0000000008000a34                HAL_MspInit
 .text.HAL_SPI_MspInit
                0x0000000008000a7c       0x88 ./Core/Src/stm32l5xx_hal_msp.o
                0x0000000008000a7c                HAL_SPI_MspInit
 .text.NMI_Handler
                0x0000000008000b04        0x6 ./Core/Src/stm32l5xx_it.o
                0x0000000008000b04                NMI_Handler
 .text.HardFault_Handler
                0x0000000008000b0a        0x6 ./Core/Src/stm32l5xx_it.o
                0x0000000008000b0a                HardFault_Handler
 .text.MemManage_Handler
                0x0000000008000b10        0x6 ./Core/Src/stm32l5xx_it.o
                0x0000000008000b10                MemManage_Handler
 .text.BusFault_Handler
                0x0000000008000b16        0x6 ./Core/Src/stm32l5xx_it.o
                0x0000000008000b16                BusFault_Handler
 .text.UsageFault_Handler
                0x0000000008000b1c        0x6 ./Core/Src/stm32l5xx_it.o
                0x0000000008000b1c                UsageFault_Handler
 .text.SVC_Handler
                0x0000000008000b22        0xe ./Core/Src/stm32l5xx_it.o
                0x0000000008000b22                SVC_Handler
 .text.DebugMon_Handler
                0x0000000008000b30        0xe ./Core/Src/stm32l5xx_it.o
                0x0000000008000b30                DebugMon_Handler
 .text.PendSV_Handler
                0x0000000008000b3e        0xe ./Core/Src/stm32l5xx_it.o
                0x0000000008000b3e                PendSV_Handler
 .text.SysTick_Handler
                0x0000000008000b4c        0xc ./Core/Src/stm32l5xx_it.o
                0x0000000008000b4c                SysTick_Handler
 .text.SystemInit
                0x0000000008000b58       0x24 ./Core/Src/system_stm32l5xx.o
                0x0000000008000b58                SystemInit
 .text.SystemCoreClockUpdate
                0x0000000008000b7c      0x15c ./Core/Src/system_stm32l5xx.o
                0x0000000008000b7c                SystemCoreClockUpdate
 .text.Reset_Handler
                0x0000000008000cd8       0x50 ./Core/Startup/startup_stm32l552zetxq.o
                0x0000000008000cd8                Reset_Handler
 .text.Default_Handler
                0x0000000008000d28        0x2 ./Core/Startup/startup_stm32l552zetxq.o
                0x0000000008000d28                EXTI2_IRQHandler
                0x0000000008000d28                TIM8_TRG_COM_IRQHandler
                0x0000000008000d28                TIM8_CC_IRQHandler
                0x0000000008000d28                EXTI5_IRQHandler
                0x0000000008000d28                FLASH_S_IRQHandler
                0x0000000008000d28                EXTI13_IRQHandler
                0x0000000008000d28                TIM1_CC_IRQHandler
                0x0000000008000d28                TSC_IRQHandler
                0x0000000008000d28                TAMP_IRQHandler
                0x0000000008000d28                TIM6_IRQHandler
                0x0000000008000d28                EXTI12_IRQHandler
                0x0000000008000d28                DMA2_Channel8_IRQHandler
                0x0000000008000d28                EXTI3_IRQHandler
                0x0000000008000d28                EXTI8_IRQHandler
                0x0000000008000d28                LPTIM2_IRQHandler
                0x0000000008000d28                DFSDM1_FLT1_IRQHandler
                0x0000000008000d28                USB_FS_IRQHandler
                0x0000000008000d28                I2C3_ER_IRQHandler
                0x0000000008000d28                DFSDM1_FLT2_IRQHandler
                0x0000000008000d28                DMAMUX1_IRQHandler
                0x0000000008000d28                LPTIM3_IRQHandler
                0x0000000008000d28                EXTI0_IRQHandler
                0x0000000008000d28                I2C2_EV_IRQHandler
                0x0000000008000d28                FPU_IRQHandler
                0x0000000008000d28                FDCAN1_IT1_IRQHandler
                0x0000000008000d28                ADC1_2_IRQHandler
                0x0000000008000d28                SPI1_IRQHandler
                0x0000000008000d28                OCTOSPI1_IRQHandler
                0x0000000008000d28                TIM8_UP_IRQHandler
                0x0000000008000d28                RCC_S_IRQHandler
                0x0000000008000d28                DMA2_Channel2_IRQHandler
                0x0000000008000d28                DMA1_Channel4_IRQHandler
                0x0000000008000d28                SAI2_IRQHandler
                0x0000000008000d28                DFSDM1_FLT3_IRQHandler
                0x0000000008000d28                EXTI15_IRQHandler
                0x0000000008000d28                TIM17_IRQHandler
                0x0000000008000d28                USART3_IRQHandler
                0x0000000008000d28                RTC_IRQHandler
                0x0000000008000d28                EXTI9_IRQHandler
                0x0000000008000d28                DMA1_Channel7_IRQHandler
                0x0000000008000d28                UART5_IRQHandler
                0x0000000008000d28                TIM4_IRQHandler
                0x0000000008000d28                DMA2_Channel1_IRQHandler
                0x0000000008000d28                I2C1_EV_IRQHandler
                0x0000000008000d28                DMA1_Channel6_IRQHandler
                0x0000000008000d28                TIM16_IRQHandler
                0x0000000008000d28                UART4_IRQHandler
                0x0000000008000d28                DMA2_Channel4_IRQHandler
                0x0000000008000d28                SecureFault_Handler
                0x0000000008000d28                TIM3_IRQHandler
                0x0000000008000d28                RCC_IRQHandler
                0x0000000008000d28                TIM1_TRG_COM_IRQHandler
                0x0000000008000d28                DMA1_Channel1_IRQHandler
                0x0000000008000d28                Default_Handler
                0x0000000008000d28                DMA2_Channel7_IRQHandler
                0x0000000008000d28                DMA1_Channel8_IRQHandler
                0x0000000008000d28                TIM7_IRQHandler
                0x0000000008000d28                SDMMC1_IRQHandler
                0x0000000008000d28                TIM5_IRQHandler
                0x0000000008000d28                UCPD1_IRQHandler
                0x0000000008000d28                TIM15_IRQHandler
                0x0000000008000d28                I2C3_EV_IRQHandler
                0x0000000008000d28                PVD_PVM_IRQHandler
                0x0000000008000d28                SPI2_IRQHandler
                0x0000000008000d28                EXTI14_IRQHandler
                0x0000000008000d28                EXTI11_IRQHandler
                0x0000000008000d28                DMA2_Channel5_IRQHandler
                0x0000000008000d28                CRS_IRQHandler
                0x0000000008000d28                DMA1_Channel5_IRQHandler
                0x0000000008000d28                EXTI4_IRQHandler
                0x0000000008000d28                RTC_S_IRQHandler
                0x0000000008000d28                RNG_IRQHandler
                0x0000000008000d28                DMAMUX1_S_IRQHandler
                0x0000000008000d28                DMA1_Channel3_IRQHandler
                0x0000000008000d28                COMP_IRQHandler
                0x0000000008000d28                TIM1_UP_IRQHandler
                0x0000000008000d28                WWDG_IRQHandler
                0x0000000008000d28                I2C4_EV_IRQHandler
                0x0000000008000d28                LPUART1_IRQHandler
                0x0000000008000d28                DMA2_Channel6_IRQHandler
                0x0000000008000d28                FDCAN1_IT0_IRQHandler
                0x0000000008000d28                TIM2_IRQHandler
                0x0000000008000d28                TAMP_S_IRQHandler
                0x0000000008000d28                EXTI7_IRQHandler
                0x0000000008000d28                TIM1_BRK_IRQHandler
                0x0000000008000d28                DAC_IRQHandler
                0x0000000008000d28                EXTI1_IRQHandler
                0x0000000008000d28                GTZC_IRQHandler
                0x0000000008000d28                USART2_IRQHandler
                0x0000000008000d28                DFSDM1_FLT0_IRQHandler
                0x0000000008000d28                I2C2_ER_IRQHandler
                0x0000000008000d28                DMA1_Channel2_IRQHandler
                0x0000000008000d28                TIM8_BRK_IRQHandler
                0x0000000008000d28                FLASH_IRQHandler
                0x0000000008000d28                USART1_IRQHandler
                0x0000000008000d28                EXTI10_IRQHandler
                0x0000000008000d28                SPI3_IRQHandler
                0x0000000008000d28                I2C1_ER_IRQHandler
                0x0000000008000d28                FMC_IRQHandler
                0x0000000008000d28                EXTI6_IRQHandler
                0x0000000008000d28                LPTIM1_IRQHandler
                0x0000000008000d28                I2C4_ER_IRQHandler
                0x0000000008000d28                ICACHE_IRQHandler
                0x0000000008000d28                SAI1_IRQHandler
                0x0000000008000d28                HASH_IRQHandler
                0x0000000008000d28                DMA2_Channel3_IRQHandler
 .text.HAL_Init
                0x0000000008000d2a       0x34 ./Drivers/STM32L5xx_HAL_Driver/Src/stm32l5xx_hal.o
                0x0000000008000d2a                HAL_Init
 *fill*         0x0000000008000d5e        0x2 
 .text.HAL_InitTick
                0x0000000008000d60       0x78 ./Drivers/STM32L5xx_HAL_Driver/Src/stm32l5xx_hal.o
                0x0000000008000d60                HAL_InitTick
 .text.HAL_IncTick
                0x0000000008000dd8       0x28 ./Drivers/STM32L5xx_HAL_Driver/Src/stm32l5xx_hal.o
                0x0000000008000dd8                HAL_IncTick
 .text.HAL_GetTick
                0x0000000008000e00       0x18 ./Drivers/STM32L5xx_HAL_Driver/Src/stm32l5xx_hal.o
                0x0000000008000e00                HAL_GetTick
 .text.HAL_Delay
                0x0000000008000e18       0x48 ./Drivers/STM32L5xx_HAL_Driver/Src/stm32l5xx_hal.o
                0x0000000008000e18                HAL_Delay
 .text.__NVIC_SetPriorityGrouping
                0x0000000008000e60       0x48 ./Drivers/STM32L5xx_HAL_Driver/Src/stm32l5xx_hal_cortex.o
 .text.__NVIC_GetPriorityGrouping
                0x0000000008000ea8       0x1c ./Drivers/STM32L5xx_HAL_Driver/Src/stm32l5xx_hal_cortex.o
 .text.__NVIC_SetPriority
                0x0000000008000ec4       0x54 ./Drivers/STM32L5xx_HAL_Driver/Src/stm32l5xx_hal_cortex.o
 .text.NVIC_EncodePriority
                0x0000000008000f18       0x66 ./Drivers/STM32L5xx_HAL_Driver/Src/stm32l5xx_hal_cortex.o
 *fill*         0x0000000008000f7e        0x2 
 .text.SysTick_Config
                0x0000000008000f80       0x44 ./Drivers/STM32L5xx_HAL_Driver/Src/stm32l5xx_hal_cortex.o
 .text.HAL_NVIC_SetPriorityGrouping
                0x0000000008000fc4       0x16 ./Drivers/STM32L5xx_HAL_Driver/Src/stm32l5xx_hal_cortex.o
                0x0000000008000fc4                HAL_NVIC_SetPriorityGrouping
 .text.HAL_NVIC_SetPriority
                0x0000000008000fda       0x34 ./Drivers/STM32L5xx_HAL_Driver/Src/stm32l5xx_hal_cortex.o
                0x0000000008000fda                HAL_NVIC_SetPriority
 .text.HAL_SYSTICK_Config
                0x000000000800100e       0x18 ./Drivers/STM32L5xx_HAL_Driver/Src/stm32l5xx_hal_cortex.o
                0x000000000800100e                HAL_SYSTICK_Config
 *fill*         0x0000000008001026        0x2 
 .text.HAL_GPIO_Init
                0x0000000008001028      0x300 ./Drivers/STM32L5xx_HAL_Driver/Src/stm32l5xx_hal_gpio.o
                0x0000000008001028                HAL_GPIO_Init
 .text.HAL_GPIO_WritePin
                0x0000000008001328       0x30 ./Drivers/STM32L5xx_HAL_Driver/Src/stm32l5xx_hal_gpio.o
                0x0000000008001328                HAL_GPIO_WritePin
 .text.HAL_GPIO_TogglePin
                0x0000000008001358       0x34 ./Drivers/STM32L5xx_HAL_Driver/Src/stm32l5xx_hal_gpio.o
                0x0000000008001358                HAL_GPIO_TogglePin
 .text.HAL_PWREx_GetVoltageRange
                0x000000000800138c       0x1c ./Drivers/STM32L5xx_HAL_Driver/Src/stm32l5xx_hal_pwr_ex.o
                0x000000000800138c                HAL_PWREx_GetVoltageRange
 .text.HAL_PWREx_ControlVoltageScaling
                0x00000000080013a8       0xb8 ./Drivers/STM32L5xx_HAL_Driver/Src/stm32l5xx_hal_pwr_ex.o
                0x00000000080013a8                HAL_PWREx_ControlVoltageScaling
 .text.HAL_PWREx_DisableUCPDDeadBattery
                0x0000000008001460       0x20 ./Drivers/STM32L5xx_HAL_Driver/Src/stm32l5xx_hal_pwr_ex.o
                0x0000000008001460                HAL_PWREx_DisableUCPDDeadBattery
 .text.HAL_PWREx_SMPS_GetEffectiveMode
                0x0000000008001480       0x48 ./Drivers/STM32L5xx_HAL_Driver/Src/stm32l5xx_hal_pwr_ex.o
                0x0000000008001480                HAL_PWREx_SMPS_GetEffectiveMode
 .text.HAL_RCC_OscConfig
                0x00000000080014c8      0x9c4 ./Drivers/STM32L5xx_HAL_Driver/Src/stm32l5xx_hal_rcc.o
                0x00000000080014c8                HAL_RCC_OscConfig
 .text.HAL_RCC_ClockConfig
                0x0000000008001e8c      0x250 ./Drivers/STM32L5xx_HAL_Driver/Src/stm32l5xx_hal_rcc.o
                0x0000000008001e8c                HAL_RCC_ClockConfig
 .text.HAL_RCC_GetSysClockFreq
                0x00000000080020dc      0x13c ./Drivers/STM32L5xx_HAL_Driver/Src/stm32l5xx_hal_rcc.o
                0x00000000080020dc                HAL_RCC_GetSysClockFreq
 .text.HAL_RCC_GetHCLKFreq
                0x0000000008002218       0x28 ./Drivers/STM32L5xx_HAL_Driver/Src/stm32l5xx_hal_rcc.o
                0x0000000008002218                HAL_RCC_GetHCLKFreq
 .text.RCC_SetFlashLatencyFromMSIRange
                0x0000000008002240       0xc8 ./Drivers/STM32L5xx_HAL_Driver/Src/stm32l5xx_hal_rcc.o
 .text.RCC_GetSysClockFreqFromPLLSource
                0x0000000008002308       0xf4 ./Drivers/STM32L5xx_HAL_Driver/Src/stm32l5xx_hal_rcc.o
 .text.HAL_SPI_Init
                0x00000000080023fc      0x146 ./Drivers/STM32L5xx_HAL_Driver/Src/stm32l5xx_hal_spi.o
                0x00000000080023fc                HAL_SPI_Init
 .text.HAL_SPI_Transmit
                0x0000000008002542      0x2dc ./Drivers/STM32L5xx_HAL_Driver/Src/stm32l5xx_hal_spi.o
                0x0000000008002542                HAL_SPI_Transmit
 .text.HAL_SPI_Receive
                0x000000000800281e      0x260 ./Drivers/STM32L5xx_HAL_Driver/Src/stm32l5xx_hal_spi.o
                0x000000000800281e                HAL_SPI_Receive
 .text.HAL_SPI_TransmitReceive
                0x0000000008002a7e      0x426 ./Drivers/STM32L5xx_HAL_Driver/Src/stm32l5xx_hal_spi.o
                0x0000000008002a7e                HAL_SPI_TransmitReceive
 .text.SPI_WaitFlagStateUntilTimeout
                0x0000000008002ea4      0x110 ./Drivers/STM32L5xx_HAL_Driver/Src/stm32l5xx_hal_spi.o
 .text.SPI_WaitFifoStateUntilTimeout
                0x0000000008002fb4      0x124 ./Drivers/STM32L5xx_HAL_Driver/Src/stm32l5xx_hal_spi.o
 .text.SPI_EndRxTransaction
                0x00000000080030d8       0xb0 ./Drivers/STM32L5xx_HAL_Driver/Src/stm32l5xx_hal_spi.o
 .text.SPI_EndRxTxTransaction
                0x0000000008003188       0x8c ./Drivers/STM32L5xx_HAL_Driver/Src/stm32l5xx_hal_spi.o
 .text.__libc_init_array
                0x0000000008003214       0x48 c:/st/stm32cubeide_1.8.0/stm32cubeide/plugins/com.st.stm32cube.ide.mcu.externaltools.gnu-tools-for-stm32.9-2020-q2-update.win32_2.0.0.202105311346/tools/bin/../lib/gcc/arm-none-eabi/9.3.1/../../../../arm-none-eabi/lib/thumb/v8-m.main+fp/hard\libc_nano.a(lib_a-init.o)
                0x0000000008003214                __libc_init_array
 .text.memset   0x000000000800325c       0x10 c:/st/stm32cubeide_1.8.0/stm32cubeide/plugins/com.st.stm32cube.ide.mcu.externaltools.gnu-tools-for-stm32.9-2020-q2-update.win32_2.0.0.202105311346/tools/bin/../lib/gcc/arm-none-eabi/9.3.1/../../../../arm-none-eabi/lib/thumb/v8-m.main+fp/hard\libc_nano.a(lib_a-memset.o)
                0x000000000800325c                memset
 *(.glue_7)
 .glue_7        0x000000000800326c        0x0 linker stubs
 *(.glue_7t)
 .glue_7t       0x000000000800326c        0x0 linker stubs
 *(.eh_frame)
 .eh_frame      0x000000000800326c        0x0 c:/st/stm32cubeide_1.8.0/stm32cubeide/plugins/com.st.stm32cube.ide.mcu.externaltools.gnu-tools-for-stm32.9-2020-q2-update.win32_2.0.0.202105311346/tools/bin/../lib/gcc/arm-none-eabi/9.3.1/thumb/v8-m.main+fp/hard/crtbegin.o
 *(.init)
 .init          0x000000000800326c        0x4 c:/st/stm32cubeide_1.8.0/stm32cubeide/plugins/com.st.stm32cube.ide.mcu.externaltools.gnu-tools-for-stm32.9-2020-q2-update.win32_2.0.0.202105311346/tools/bin/../lib/gcc/arm-none-eabi/9.3.1/thumb/v8-m.main+fp/hard/crti.o
                0x000000000800326c                _init
 .init          0x0000000008003270        0x8 c:/st/stm32cubeide_1.8.0/stm32cubeide/plugins/com.st.stm32cube.ide.mcu.externaltools.gnu-tools-for-stm32.9-2020-q2-update.win32_2.0.0.202105311346/tools/bin/../lib/gcc/arm-none-eabi/9.3.1/thumb/v8-m.main+fp/hard/crtn.o
 *(.fini)
 .fini          0x0000000008003278        0x4 c:/st/stm32cubeide_1.8.0/stm32cubeide/plugins/com.st.stm32cube.ide.mcu.externaltools.gnu-tools-for-stm32.9-2020-q2-update.win32_2.0.0.202105311346/tools/bin/../lib/gcc/arm-none-eabi/9.3.1/thumb/v8-m.main+fp/hard/crti.o
                0x0000000008003278                _fini
 .fini          0x000000000800327c        0x8 c:/st/stm32cubeide_1.8.0/stm32cubeide/plugins/com.st.stm32cube.ide.mcu.externaltools.gnu-tools-for-stm32.9-2020-q2-update.win32_2.0.0.202105311346/tools/bin/../lib/gcc/arm-none-eabi/9.3.1/thumb/v8-m.main+fp/hard/crtn.o
                0x0000000008003284                . = ALIGN (0x4)
                0x0000000008003284                _etext = .

.vfp11_veneer   0x0000000008003284        0x0
 .vfp11_veneer  0x0000000008003284        0x0 linker stubs

.v4_bx          0x0000000008003284        0x0
 .v4_bx         0x0000000008003284        0x0 linker stubs

.iplt           0x0000000008003284        0x0
 .iplt          0x0000000008003284        0x0 c:/st/stm32cubeide_1.8.0/stm32cubeide/plugins/com.st.stm32cube.ide.mcu.externaltools.gnu-tools-for-stm32.9-2020-q2-update.win32_2.0.0.202105311346/tools/bin/../lib/gcc/arm-none-eabi/9.3.1/thumb/v8-m.main+fp/hard/crtbegin.o

.rodata         0x0000000008003284       0x68
                0x0000000008003284                . = ALIGN (0x4)
 *(.rodata)
 .rodata        0x0000000008003284        0xd ./Core/Src/NRFL01.o
 *fill*         0x0000000008003291        0x3 
 .rodata        0x0000000008003294        0x5 ./Core/Src/main.o
 *(.rodata*)
 *fill*         0x0000000008003299        0x3 
 .rodata.AHBPrescTable
                0x000000000800329c       0x10 ./Core/Src/system_stm32l5xx.o
                0x000000000800329c                AHBPrescTable
 .rodata.MSIRangeTable
                0x00000000080032ac       0x40 ./Core/Src/system_stm32l5xx.o
                0x00000000080032ac                MSIRangeTable
                0x00000000080032ec                . = ALIGN (0x4)

.rel.dyn        0x00000000080032ec        0x0
 .rel.iplt      0x00000000080032ec        0x0 c:/st/stm32cubeide_1.8.0/stm32cubeide/plugins/com.st.stm32cube.ide.mcu.externaltools.gnu-tools-for-stm32.9-2020-q2-update.win32_2.0.0.202105311346/tools/bin/../lib/gcc/arm-none-eabi/9.3.1/thumb/v8-m.main+fp/hard/crtbegin.o

.ARM.extab      0x00000000080032ec        0x0
                0x00000000080032ec                . = ALIGN (0x4)
 *(.ARM.extab* .gnu.linkonce.armextab.*)
                0x00000000080032ec                . = ALIGN (0x4)

.ARM            0x00000000080032ec        0x0
                0x00000000080032ec                . = ALIGN (0x4)
                0x00000000080032ec                __exidx_start = .
 *(.ARM.exidx*)
                0x00000000080032ec                __exidx_end = .
                0x00000000080032ec                . = ALIGN (0x4)

.preinit_array  0x00000000080032ec        0x0
                0x00000000080032ec                . = ALIGN (0x4)
                0x00000000080032ec                PROVIDE (__preinit_array_start = .)
 *(.preinit_array*)
                0x00000000080032ec                PROVIDE (__preinit_array_end = .)
                0x00000000080032ec                . = ALIGN (0x4)

.init_array     0x00000000080032ec        0x4
                0x00000000080032ec                . = ALIGN (0x4)
                0x00000000080032ec                PROVIDE (__init_array_start = .)
 *(SORT_BY_NAME(.init_array.*))
 *(.init_array*)
 .init_array    0x00000000080032ec        0x4 c:/st/stm32cubeide_1.8.0/stm32cubeide/plugins/com.st.stm32cube.ide.mcu.externaltools.gnu-tools-for-stm32.9-2020-q2-update.win32_2.0.0.202105311346/tools/bin/../lib/gcc/arm-none-eabi/9.3.1/thumb/v8-m.main+fp/hard/crtbegin.o
                0x00000000080032f0                PROVIDE (__init_array_end = .)
                0x00000000080032f0                . = ALIGN (0x4)

.fini_array     0x00000000080032f0        0x4
                0x00000000080032f0                . = ALIGN (0x4)
                [!provide]                        PROVIDE (__fini_array_start = .)
 *(SORT_BY_NAME(.fini_array.*))
 *(.fini_array*)
 .fini_array    0x00000000080032f0        0x4 c:/st/stm32cubeide_1.8.0/stm32cubeide/plugins/com.st.stm32cube.ide.mcu.externaltools.gnu-tools-for-stm32.9-2020-q2-update.win32_2.0.0.202105311346/tools/bin/../lib/gcc/arm-none-eabi/9.3.1/thumb/v8-m.main+fp/hard/crtbegin.o
                [!provide]                        PROVIDE (__fini_array_end = .)
                0x00000000080032f4                . = ALIGN (0x4)
                0x00000000080032f4                _sidata = LOADADDR (.data)

.data           0x0000000020000000        0xc load address 0x00000000080032f4
                0x0000000020000000                . = ALIGN (0x4)
                0x0000000020000000                _sdata = .
 *(.data)
 *(.data*)
 .data.SystemCoreClock
                0x0000000020000000        0x4 ./Core/Src/system_stm32l5xx.o
                0x0000000020000000                SystemCoreClock
 .data.uwTickPrio
                0x0000000020000004        0x4 ./Drivers/STM32L5xx_HAL_Driver/Src/stm32l5xx_hal.o
                0x0000000020000004                uwTickPrio
 .data.uwTickFreq
                0x0000000020000008        0x1 ./Drivers/STM32L5xx_HAL_Driver/Src/stm32l5xx_hal.o
                0x0000000020000008                uwTickFreq
 *(.RamFunc)
 *(.RamFunc*)
                0x000000002000000c                . = ALIGN (0x4)
 *fill*         0x0000000020000009        0x3 
                0x000000002000000c                _edata = .

.igot.plt       0x000000002000000c        0x0 load address 0x0000000008003300
 .igot.plt      0x000000002000000c        0x0 c:/st/stm32cubeide_1.8.0/stm32cubeide/plugins/com.st.stm32cube.ide.mcu.externaltools.gnu-tools-for-stm32.9-2020-q2-update.win32_2.0.0.202105311346/tools/bin/../lib/gcc/arm-none-eabi/9.3.1/thumb/v8-m.main+fp/hard/crtbegin.o
                0x000000002000000c                . = ALIGN (0x4)

.bss            0x000000002000000c       0x84 load address 0x0000000008003300
                0x000000002000000c                _sbss = .
                0x000000002000000c                __bss_start__ = _sbss
 *(.bss)
 .bss           0x000000002000000c       0x1c c:/st/stm32cubeide_1.8.0/stm32cubeide/plugins/com.st.stm32cube.ide.mcu.externaltools.gnu-tools-for-stm32.9-2020-q2-update.win32_2.0.0.202105311346/tools/bin/../lib/gcc/arm-none-eabi/9.3.1/thumb/v8-m.main+fp/hard/crtbegin.o
 *(.bss*)
 *(COMMON)
 COMMON         0x0000000020000028       0x64 ./Core/Src/main.o
                0x0000000020000028                hspi1
 COMMON         0x000000002000008c        0x4 ./Drivers/STM32L5xx_HAL_Driver/Src/stm32l5xx_hal.o
                0x000000002000008c                uwTick
                0x0000000020000090                . = ALIGN (0x4)
                0x0000000020000090                _ebss = .
                0x0000000020000090                __bss_end__ = _ebss

._user_heap_stack
                0x0000000020000090      0x600 load address 0x0000000008003300
                0x0000000020000090                . = ALIGN (0x8)
                [!provide]                        PROVIDE (end = .)
                0x0000000020000090                PROVIDE (_end = .)
                0x0000000020000290                . = (. + _Min_Heap_Size)
 *fill*         0x0000000020000090      0x200 
                0x0000000020000690                . = (. + _Min_Stack_Size)
 *fill*         0x0000000020000290      0x400 
                0x0000000020000690                . = ALIGN (0x8)

/DISCARD/
 libc.a(*)
 libm.a(*)
 libgcc.a(*)

.ARM.attributes
                0x0000000000000000       0x36
 *(.ARM.attributes)
 .ARM.attributes
                0x0000000000000000       0x22 c:/st/stm32cubeide_1.8.0/stm32cubeide/plugins/com.st.stm32cube.ide.mcu.externaltools.gnu-tools-for-stm32.9-2020-q2-update.win32_2.0.0.202105311346/tools/bin/../lib/gcc/arm-none-eabi/9.3.1/thumb/v8-m.main+fp/hard/crti.o
 .ARM.attributes
                0x0000000000000022       0x38 c:/st/stm32cubeide_1.8.0/stm32cubeide/plugins/com.st.stm32cube.ide.mcu.externaltools.gnu-tools-for-stm32.9-2020-q2-update.win32_2.0.0.202105311346/tools/bin/../lib/gcc/arm-none-eabi/9.3.1/thumb/v8-m.main+fp/hard/crtbegin.o
 .ARM.attributes
                0x000000000000005a       0x3a ./Core/Src/NRFL01.o
 .ARM.attributes
                0x0000000000000094       0x3a ./Core/Src/main.o
 .ARM.attributes
                0x00000000000000ce       0x3a ./Core/Src/stm32l5xx_hal_msp.o
 .ARM.attributes
                0x0000000000000108       0x3a ./Core/Src/stm32l5xx_it.o
 .ARM.attributes
                0x0000000000000142       0x3a ./Core/Src/system_stm32l5xx.o
 .ARM.attributes
                0x000000000000017c       0x24 ./Core/Startup/startup_stm32l552zetxq.o
 .ARM.attributes
                0x00000000000001a0       0x3a ./Drivers/STM32L5xx_HAL_Driver/Src/stm32l5xx_hal.o
 .ARM.attributes
                0x00000000000001da       0x3a ./Drivers/STM32L5xx_HAL_Driver/Src/stm32l5xx_hal_cortex.o
 .ARM.attributes
                0x0000000000000214       0x3a ./Drivers/STM32L5xx_HAL_Driver/Src/stm32l5xx_hal_gpio.o
 .ARM.attributes
                0x000000000000024e       0x3a ./Drivers/STM32L5xx_HAL_Driver/Src/stm32l5xx_hal_pwr_ex.o
 .ARM.attributes
                0x0000000000000288       0x3a ./Drivers/STM32L5xx_HAL_Driver/Src/stm32l5xx_hal_rcc.o
 .ARM.attributes
                0x00000000000002c2       0x3a ./Drivers/STM32L5xx_HAL_Driver/Src/stm32l5xx_hal_spi.o
 .ARM.attributes
                0x00000000000002fc       0x38 c:/st/stm32cubeide_1.8.0/stm32cubeide/plugins/com.st.stm32cube.ide.mcu.externaltools.gnu-tools-for-stm32.9-2020-q2-update.win32_2.0.0.202105311346/tools/bin/../lib/gcc/arm-none-eabi/9.3.1/../../../../arm-none-eabi/lib/thumb/v8-m.main+fp/hard\libc_nano.a(lib_a-init.o)
 .ARM.attributes
                0x0000000000000334       0x38 c:/st/stm32cubeide_1.8.0/stm32cubeide/plugins/com.st.stm32cube.ide.mcu.externaltools.gnu-tools-for-stm32.9-2020-q2-update.win32_2.0.0.202105311346/tools/bin/../lib/gcc/arm-none-eabi/9.3.1/../../../../arm-none-eabi/lib/thumb/v8-m.main+fp/hard\libc_nano.a(lib_a-memset.o)
 .ARM.attributes
                0x000000000000036c       0x22 c:/st/stm32cubeide_1.8.0/stm32cubeide/plugins/com.st.stm32cube.ide.mcu.externaltools.gnu-tools-for-stm32.9-2020-q2-update.win32_2.0.0.202105311346/tools/bin/../lib/gcc/arm-none-eabi/9.3.1/thumb/v8-m.main+fp/hard/crtn.o
OUTPUT(Slave_NRF24_Receiver.elf elf32-littlearm)
LOAD linker stubs
LOAD c:/st/stm32cubeide_1.8.0/stm32cubeide/plugins/com.st.stm32cube.ide.mcu.externaltools.gnu-tools-for-stm32.9-2020-q2-update.win32_2.0.0.202105311346/tools/bin/../lib/gcc/arm-none-eabi/9.3.1/../../../../arm-none-eabi/lib/thumb/v8-m.main+fp/hard\libc.a
LOAD c:/st/stm32cubeide_1.8.0/stm32cubeide/plugins/com.st.stm32cube.ide.mcu.externaltools.gnu-tools-for-stm32.9-2020-q2-update.win32_2.0.0.202105311346/tools/bin/../lib/gcc/arm-none-eabi/9.3.1/../../../../arm-none-eabi/lib/thumb/v8-m.main+fp/hard\libm.a
LOAD c:/st/stm32cubeide_1.8.0/stm32cubeide/plugins/com.st.stm32cube.ide.mcu.externaltools.gnu-tools-for-stm32.9-2020-q2-update.win32_2.0.0.202105311346/tools/bin/../lib/gcc/arm-none-eabi/9.3.1/thumb/v8-m.main+fp/hard\libgcc.a

.debug_info     0x0000000000000000     0xa2f2
 .debug_info    0x0000000000000000      0xd1d ./Core/Src/NRFL01.o
 .debug_info    0x0000000000000d1d     0x18a2 ./Core/Src/main.o
 .debug_info    0x00000000000025bf      0xd6b ./Core/Src/stm32l5xx_hal_msp.o
 .debug_info    0x000000000000332a      0x2f0 ./Core/Src/stm32l5xx_it.o
 .debug_info    0x000000000000361a      0x925 ./Core/Src/system_stm32l5xx.o
 .debug_info    0x0000000000003f3f       0x22 ./Core/Startup/startup_stm32l552zetxq.o
 .debug_info    0x0000000000003f61      0xe26 ./Drivers/STM32L5xx_HAL_Driver/Src/stm32l5xx_hal.o
 .debug_info    0x0000000000004d87     0x1301 ./Drivers/STM32L5xx_HAL_Driver/Src/stm32l5xx_hal_cortex.o
 .debug_info    0x0000000000006088      0x80f ./Drivers/STM32L5xx_HAL_Driver/Src/stm32l5xx_hal_gpio.o
 .debug_info    0x0000000000006897      0xf86 ./Drivers/STM32L5xx_HAL_Driver/Src/stm32l5xx_hal_pwr_ex.o
 .debug_info    0x000000000000781d     0x111e ./Drivers/STM32L5xx_HAL_Driver/Src/stm32l5xx_hal_rcc.o
 .debug_info    0x000000000000893b     0x19b7 ./Drivers/STM32L5xx_HAL_Driver/Src/stm32l5xx_hal_spi.o

.debug_abbrev   0x0000000000000000     0x189a
 .debug_abbrev  0x0000000000000000      0x259 ./Core/Src/NRFL01.o
 .debug_abbrev  0x0000000000000259      0x2bf ./Core/Src/main.o
 .debug_abbrev  0x0000000000000518      0x1cc ./Core/Src/stm32l5xx_hal_msp.o
 .debug_abbrev  0x00000000000006e4       0xf2 ./Core/Src/stm32l5xx_it.o
 .debug_abbrev  0x00000000000007d6      0x176 ./Core/Src/system_stm32l5xx.o
 .debug_abbrev  0x000000000000094c       0x12 ./Core/Startup/startup_stm32l552zetxq.o
 .debug_abbrev  0x000000000000095e      0x29d ./Drivers/STM32L5xx_HAL_Driver/Src/stm32l5xx_hal.o
 .debug_abbrev  0x0000000000000bfb      0x343 ./Drivers/STM32L5xx_HAL_Driver/Src/stm32l5xx_hal_cortex.o
 .debug_abbrev  0x0000000000000f3e      0x1df ./Drivers/STM32L5xx_HAL_Driver/Src/stm32l5xx_hal_gpio.o
 .debug_abbrev  0x000000000000111d      0x283 ./Drivers/STM32L5xx_HAL_Driver/Src/stm32l5xx_hal_pwr_ex.o
 .debug_abbrev  0x00000000000013a0      0x2a6 ./Drivers/STM32L5xx_HAL_Driver/Src/stm32l5xx_hal_rcc.o
 .debug_abbrev  0x0000000000001646      0x254 ./Drivers/STM32L5xx_HAL_Driver/Src/stm32l5xx_hal_spi.o

.debug_aranges  0x0000000000000000      0x8b0
 .debug_aranges
                0x0000000000000000       0xa0 ./Core/Src/NRFL01.o
 .debug_aranges
                0x00000000000000a0       0x40 ./Core/Src/main.o
 .debug_aranges
                0x00000000000000e0       0x30 ./Core/Src/stm32l5xx_hal_msp.o
 .debug_aranges
                0x0000000000000110       0x60 ./Core/Src/stm32l5xx_it.o
 .debug_aranges
                0x0000000000000170       0x28 ./Core/Src/system_stm32l5xx.o
 .debug_aranges
                0x0000000000000198       0x28 ./Core/Startup/startup_stm32l552zetxq.o
 .debug_aranges
                0x00000000000001c0      0x130 ./Drivers/STM32L5xx_HAL_Driver/Src/stm32l5xx_hal.o
 .debug_aranges
                0x00000000000002f0      0x130 ./Drivers/STM32L5xx_HAL_Driver/Src/stm32l5xx_hal_cortex.o
 .debug_aranges
                0x0000000000000420       0x60 ./Drivers/STM32L5xx_HAL_Driver/Src/stm32l5xx_hal_gpio.o
 .debug_aranges
                0x0000000000000480      0x1b8 ./Drivers/STM32L5xx_HAL_Driver/Src/stm32l5xx_hal_pwr_ex.o
 .debug_aranges
                0x0000000000000638       0xa0 ./Drivers/STM32L5xx_HAL_Driver/Src/stm32l5xx_hal_rcc.o
 .debug_aranges
                0x00000000000006d8      0x1d8 ./Drivers/STM32L5xx_HAL_Driver/Src/stm32l5xx_hal_spi.o

.debug_ranges   0x0000000000000000      0x7f8
 .debug_ranges  0x0000000000000000       0x90 ./Core/Src/NRFL01.o
 .debug_ranges  0x0000000000000090       0x30 ./Core/Src/main.o
 .debug_ranges  0x00000000000000c0       0x20 ./Core/Src/stm32l5xx_hal_msp.o
 .debug_ranges  0x00000000000000e0       0x50 ./Core/Src/stm32l5xx_it.o
 .debug_ranges  0x0000000000000130       0x18 ./Core/Src/system_stm32l5xx.o
 .debug_ranges  0x0000000000000148       0x20 ./Core/Startup/startup_stm32l552zetxq.o
 .debug_ranges  0x0000000000000168      0x120 ./Drivers/STM32L5xx_HAL_Driver/Src/stm32l5xx_hal.o
 .debug_ranges  0x0000000000000288      0x120 ./Drivers/STM32L5xx_HAL_Driver/Src/stm32l5xx_hal_cortex.o
 .debug_ranges  0x00000000000003a8       0x50 ./Drivers/STM32L5xx_HAL_Driver/Src/stm32l5xx_hal_gpio.o
 .debug_ranges  0x00000000000003f8      0x1a8 ./Drivers/STM32L5xx_HAL_Driver/Src/stm32l5xx_hal_pwr_ex.o
 .debug_ranges  0x00000000000005a0       0x90 ./Drivers/STM32L5xx_HAL_Driver/Src/stm32l5xx_hal_rcc.o
 .debug_ranges  0x0000000000000630      0x1c8 ./Drivers/STM32L5xx_HAL_Driver/Src/stm32l5xx_hal_spi.o

.debug_macro    0x0000000000000000    0x273ed
 .debug_macro   0x0000000000000000      0x204 ./Core/Src/NRFL01.o
 .debug_macro   0x0000000000000204      0xaae ./Core/Src/NRFL01.o
 .debug_macro   0x0000000000000cb2      0x190 ./Core/Src/NRFL01.o
 .debug_macro   0x0000000000000e42       0x2e ./Core/Src/NRFL01.o
 .debug_macro   0x0000000000000e70       0x42 ./Core/Src/NRFL01.o
 .debug_macro   0x0000000000000eb2       0x22 ./Core/Src/NRFL01.o
 .debug_macro   0x0000000000000ed4       0x8e ./Core/Src/NRFL01.o
 .debug_macro   0x0000000000000f62       0x51 ./Core/Src/NRFL01.o
 .debug_macro   0x0000000000000fb3      0x103 ./Core/Src/NRFL01.o
 .debug_macro   0x00000000000010b6       0x6a ./Core/Src/NRFL01.o
 .debug_macro   0x0000000000001120      0x1df ./Core/Src/NRFL01.o
 .debug_macro   0x00000000000012ff       0x1c ./Core/Src/NRFL01.o
 .debug_macro   0x000000000000131b       0x29 ./Core/Src/NRFL01.o
 .debug_macro   0x0000000000001344      0x101 ./Core/Src/NRFL01.o
 .debug_macro   0x0000000000001445     0x1336 ./Core/Src/NRFL01.o
 .debug_macro   0x000000000000277b       0x5e ./Core/Src/NRFL01.o
 .debug_macro   0x00000000000027d9    0x1ac8f ./Core/Src/NRFL01.o
 .debug_macro   0x000000000001d468       0x42 ./Core/Src/NRFL01.o
 .debug_macro   0x000000000001d4aa     0x34df ./Core/Src/NRFL01.o
 .debug_macro   0x0000000000020989      0x174 ./Core/Src/NRFL01.o
 .debug_macro   0x0000000000020afd       0x5c ./Core/Src/NRFL01.o
 .debug_macro   0x0000000000020b59     0x1948 ./Core/Src/NRFL01.o
 .debug_macro   0x00000000000224a1      0xa4b ./Core/Src/NRFL01.o
 .debug_macro   0x0000000000022eec      0x153 ./Core/Src/NRFL01.o
 .debug_macro   0x000000000002303f      0x1d9 ./Core/Src/NRFL01.o
 .debug_macro   0x0000000000023218      0x4e1 ./Core/Src/NRFL01.o
 .debug_macro   0x00000000000236f9      0x1ac ./Core/Src/NRFL01.o
 .debug_macro   0x00000000000238a5       0x4a ./Core/Src/NRFL01.o
 .debug_macro   0x00000000000238ef      0x1ba ./Core/Src/NRFL01.o
 .debug_macro   0x0000000000023aa9      0x231 ./Core/Src/NRFL01.o
 .debug_macro   0x0000000000023cda      0x3bb ./Core/Src/NRFL01.o
 .debug_macro   0x0000000000024095       0x36 ./Core/Src/NRFL01.o
 .debug_macro   0x00000000000240cb      0x11c ./Core/Src/NRFL01.o
 .debug_macro   0x00000000000241e7      0x22c ./Core/Src/NRFL01.o
 .debug_macro   0x0000000000024413       0x5b ./Core/Src/NRFL01.o
 .debug_macro   0x000000000002446e       0xa5 ./Core/Src/NRFL01.o
 .debug_macro   0x0000000000024513       0xf3 ./Core/Src/NRFL01.o
 .debug_macro   0x0000000000024606      0x199 ./Core/Src/NRFL01.o
 .debug_macro   0x000000000002479f      0x487 ./Core/Src/NRFL01.o
 .debug_macro   0x0000000000024c26      0x2fe ./Core/Src/NRFL01.o
 .debug_macro   0x0000000000024f24      0x3f1 ./Core/Src/NRFL01.o
 .debug_macro   0x0000000000025315       0xee ./Core/Src/NRFL01.o
 .debug_macro   0x0000000000025403      0x37f ./Core/Src/main.o
 .debug_macro   0x0000000000025782       0x52 ./Core/Src/main.o
 .debug_macro   0x00000000000257d4       0x18 ./Core/Src/main.o
 .debug_macro   0x00000000000257ec       0x3c ./Core/Src/main.o
 .debug_macro   0x0000000000025828       0x34 ./Core/Src/main.o
 .debug_macro   0x000000000002585c       0x16 ./Core/Src/main.o
 .debug_macro   0x0000000000025872       0x35 ./Core/Src/main.o
 .debug_macro   0x00000000000258a7      0x333 ./Core/Src/main.o
 .debug_macro   0x0000000000025bda       0x10 ./Core/Src/main.o
 .debug_macro   0x0000000000025bea       0x16 ./Core/Src/main.o
 .debug_macro   0x0000000000025c00       0x43 ./Core/Src/main.o
 .debug_macro   0x0000000000025c43       0x34 ./Core/Src/main.o
 .debug_macro   0x0000000000025c77       0x10 ./Core/Src/main.o
 .debug_macro   0x0000000000025c87       0x58 ./Core/Src/main.o
 .debug_macro   0x0000000000025cdf       0x71 ./Core/Src/main.o
 .debug_macro   0x0000000000025d50       0x1c ./Core/Src/main.o
 .debug_macro   0x0000000000025d6c      0x12a ./Core/Src/main.o
 .debug_macro   0x0000000000025e96       0x10 ./Core/Src/main.o
 .debug_macro   0x0000000000025ea6       0x1c ./Core/Src/main.o
 .debug_macro   0x0000000000025ec2       0x52 ./Core/Src/main.o
 .debug_macro   0x0000000000025f14       0x22 ./Core/Src/main.o
 .debug_macro   0x0000000000025f36       0x10 ./Core/Src/main.o
 .debug_macro   0x0000000000025f46       0x40 ./Core/Src/main.o
 .debug_macro   0x0000000000025f86       0xd5 ./Core/Src/main.o
 .debug_macro   0x000000000002605b       0x1c ./Core/Src/main.o
 .debug_macro   0x0000000000026077       0x3d ./Core/Src/main.o
 .debug_macro   0x00000000000260b4       0x16 ./Core/Src/main.o
 .debug_macro   0x00000000000260ca      0x145 ./Core/Src/main.o
 .debug_macro   0x000000000002620f       0x16 ./Core/Src/main.o
 .debug_macro   0x0000000000026225       0x20 ./Core/Src/main.o
 .debug_macro   0x0000000000026245      0x1e7 ./Core/Src/stm32l5xx_hal_msp.o
 .debug_macro   0x000000000002642c      0x1f1 ./Core/Src/stm32l5xx_it.o
 .debug_macro   0x000000000002661d      0x1dd ./Core/Src/system_stm32l5xx.o
 .debug_macro   0x00000000000267fa      0x20d ./Drivers/STM32L5xx_HAL_Driver/Src/stm32l5xx_hal.o
 .debug_macro   0x0000000000026a07      0x1dd ./Drivers/STM32L5xx_HAL_Driver/Src/stm32l5xx_hal_cortex.o
 .debug_macro   0x0000000000026be4      0x210 ./Drivers/STM32L5xx_HAL_Driver/Src/stm32l5xx_hal_gpio.o
 .debug_macro   0x0000000000026df4      0x20d ./Drivers/STM32L5xx_HAL_Driver/Src/stm32l5xx_hal_pwr_ex.o
 .debug_macro   0x0000000000027001      0x207 ./Drivers/STM32L5xx_HAL_Driver/Src/stm32l5xx_hal_rcc.o
 .debug_macro   0x0000000000027208      0x1e5 ./Drivers/STM32L5xx_HAL_Driver/Src/stm32l5xx_hal_spi.o

.debug_line     0x0000000000000000     0x8ec7
 .debug_line    0x0000000000000000      0x9ef ./Core/Src/NRFL01.o
 .debug_line    0x00000000000009ef      0xa6f ./Core/Src/main.o
 .debug_line    0x000000000000145e      0x748 ./Core/Src/stm32l5xx_hal_msp.o
 .debug_line    0x0000000000001ba6      0x7bd ./Core/Src/stm32l5xx_it.o
 .debug_line    0x0000000000002363      0x790 ./Core/Src/system_stm32l5xx.o
 .debug_line    0x0000000000002af3       0x88 ./Core/Startup/startup_stm32l552zetxq.o
 .debug_line    0x0000000000002b7b      0xb05 ./Drivers/STM32L5xx_HAL_Driver/Src/stm32l5xx_hal.o
 .debug_line    0x0000000000003680      0xcfd ./Drivers/STM32L5xx_HAL_Driver/Src/stm32l5xx_hal_cortex.o
 .debug_line    0x000000000000437d      0xb4c ./Drivers/STM32L5xx_HAL_Driver/Src/stm32l5xx_hal_gpio.o
 .debug_line    0x0000000000004ec9      0xead ./Drivers/STM32L5xx_HAL_Driver/Src/stm32l5xx_hal_pwr_ex.o
 .debug_line    0x0000000000005d76     0x123e ./Drivers/STM32L5xx_HAL_Driver/Src/stm32l5xx_hal_rcc.o
 .debug_line    0x0000000000006fb4     0x1f13 ./Drivers/STM32L5xx_HAL_Driver/Src/stm32l5xx_hal_spi.o

.debug_str      0x0000000000000000    0xf95fb
 .debug_str     0x0000000000000000    0xf2c86 ./Core/Src/NRFL01.o
                                      0xf2fe9 (size before relaxing)
 .debug_str     0x00000000000f2c86     0x449f ./Core/Src/main.o
                                      0xf734d (size before relaxing)
 .debug_str     0x00000000000f7125       0x53 ./Core/Src/stm32l5xx_hal_msp.o
                                      0xf2e03 (size before relaxing)
 .debug_str     0x00000000000f7178       0xbd ./Core/Src/stm32l5xx_it.o
                                      0xf2762 (size before relaxing)
 .debug_str     0x00000000000f7235      0x148 ./Core/Src/system_stm32l5xx.o
                                      0xf29aa (size before relaxing)
 .debug_str     0x00000000000f737d       0x37 ./Core/Startup/startup_stm32l552zetxq.o
                                         0x80 (size before relaxing)
 .debug_str     0x00000000000f73b4      0xaed ./Drivers/STM32L5xx_HAL_Driver/Src/stm32l5xx_hal.o
                                      0xf3465 (size before relaxing)
 .debug_str     0x00000000000f7ea1      0x3fe ./Drivers/STM32L5xx_HAL_Driver/Src/stm32l5xx_hal_cortex.o
                                      0xf3350 (size before relaxing)
 .debug_str     0x00000000000f829f      0x28e ./Drivers/STM32L5xx_HAL_Driver/Src/stm32l5xx_hal_gpio.o
                                      0xf2a3a (size before relaxing)
 .debug_str     0x00000000000f852d      0x73a ./Drivers/STM32L5xx_HAL_Driver/Src/stm32l5xx_hal_pwr_ex.o
                                      0xf3125 (size before relaxing)
 .debug_str     0x00000000000f8c67      0x403 ./Drivers/STM32L5xx_HAL_Driver/Src/stm32l5xx_hal_rcc.o
                                      0xf2f5b (size before relaxing)
 .debug_str     0x00000000000f906a      0x591 ./Drivers/STM32L5xx_HAL_Driver/Src/stm32l5xx_hal_spi.o
                                      0xf3196 (size before relaxing)

.comment        0x0000000000000000       0x53
 .comment       0x0000000000000000       0x53 ./Core/Src/NRFL01.o
                                         0x54 (size before relaxing)
 .comment       0x0000000000000053       0x54 ./Core/Src/main.o
 .comment       0x0000000000000053       0x54 ./Core/Src/stm32l5xx_hal_msp.o
 .comment       0x0000000000000053       0x54 ./Core/Src/stm32l5xx_it.o
 .comment       0x0000000000000053       0x54 ./Core/Src/system_stm32l5xx.o
 .comment       0x0000000000000053       0x54 ./Drivers/STM32L5xx_HAL_Driver/Src/stm32l5xx_hal.o
 .comment       0x0000000000000053       0x54 ./Drivers/STM32L5xx_HAL_Driver/Src/stm32l5xx_hal_cortex.o
 .comment       0x0000000000000053       0x54 ./Drivers/STM32L5xx_HAL_Driver/Src/stm32l5xx_hal_gpio.o
 .comment       0x0000000000000053       0x54 ./Drivers/STM32L5xx_HAL_Driver/Src/stm32l5xx_hal_pwr_ex.o
 .comment       0x0000000000000053       0x54 ./Drivers/STM32L5xx_HAL_Driver/Src/stm32l5xx_hal_rcc.o
 .comment       0x0000000000000053       0x54 ./Drivers/STM32L5xx_HAL_Driver/Src/stm32l5xx_hal_spi.o

.debug_frame    0x0000000000000000     0x220c
 .debug_frame   0x0000000000000000      0x250 ./Core/Src/NRFL01.o
 .debug_frame   0x0000000000000250       0xac ./Core/Src/main.o
 .debug_frame   0x00000000000002fc       0x7c ./Core/Src/stm32l5xx_hal_msp.o
 .debug_frame   0x0000000000000378      0x104 ./Core/Src/stm32l5xx_it.o
 .debug_frame   0x000000000000047c       0x58 ./Core/Src/system_stm32l5xx.o
 .debug_frame   0x00000000000004d4      0x4a4 ./Drivers/STM32L5xx_HAL_Driver/Src/stm32l5xx_hal.o
 .debug_frame   0x0000000000000978      0x508 ./Drivers/STM32L5xx_HAL_Driver/Src/stm32l5xx_hal_cortex.o
 .debug_frame   0x0000000000000e80      0x174 ./Drivers/STM32L5xx_HAL_Driver/Src/stm32l5xx_hal_gpio.o
 .debug_frame   0x0000000000000ff4      0x6fc ./Drivers/STM32L5xx_HAL_Driver/Src/stm32l5xx_hal_pwr_ex.o
 .debug_frame   0x00000000000016f0      0x270 ./Drivers/STM32L5xx_HAL_Driver/Src/stm32l5xx_hal_rcc.o
 .debug_frame   0x0000000000001960      0x860 ./Drivers/STM32L5xx_HAL_Driver/Src/stm32l5xx_hal_spi.o
 .debug_frame   0x00000000000021c0       0x2c c:/st/stm32cubeide_1.8.0/stm32cubeide/plugins/com.st.stm32cube.ide.mcu.externaltools.gnu-tools-for-stm32.9-2020-q2-update.win32_2.0.0.202105311346/tools/bin/../lib/gcc/arm-none-eabi/9.3.1/../../../../arm-none-eabi/lib/thumb/v8-m.main+fp/hard\libc_nano.a(lib_a-init.o)
 .debug_frame   0x00000000000021ec       0x20 c:/st/stm32cubeide_1.8.0/stm32cubeide/plugins/com.st.stm32cube.ide.mcu.externaltools.gnu-tools-for-stm32.9-2020-q2-update.win32_2.0.0.202105311346/tools/bin/../lib/gcc/arm-none-eabi/9.3.1/../../../../arm-none-eabi/lib/thumb/v8-m.main+fp/hard\libc_nano.a(lib_a-memset.o)
