Archive member included to satisfy reference by file (symbol)

c:/st/stm32cubeide_1.8.0/stm32cubeide/plugins/com.st.stm32cube.ide.mcu.externaltools.gnu-tools-for-stm32.9-2020-q2-update.win32_2.0.0.202105311346/tools/bin/../lib/gcc/arm-none-eabi/9.3.1/../../../../arm-none-eabi/lib/thumb/v8-m.main+fp/hard\libc_nano.a(lib_a-errno.o)
                              ./Core/Src/syscalls.o (__errno)
c:/st/stm32cubeide_1.8.0/stm32cubeide/plugins/com.st.stm32cube.ide.mcu.externaltools.gnu-tools-for-stm32.9-2020-q2-update.win32_2.0.0.202105311346/tools/bin/../lib/gcc/arm-none-eabi/9.3.1/../../../../arm-none-eabi/lib/thumb/v8-m.main+fp/hard\libc_nano.a(lib_a-exit.o)
                              c:/st/stm32cubeide_1.8.0/stm32cubeide/plugins/com.st.stm32cube.ide.mcu.externaltools.gnu-tools-for-stm32.9-2020-q2-update.win32_2.0.0.202105311346/tools/bin/../lib/gcc/arm-none-eabi/9.3.1/../../../../arm-none-eabi/lib/thumb/v8-m.main+fp/hard/crt0.o (exit)
c:/st/stm32cubeide_1.8.0/stm32cubeide/plugins/com.st.stm32cube.ide.mcu.externaltools.gnu-tools-for-stm32.9-2020-q2-update.win32_2.0.0.202105311346/tools/bin/../lib/gcc/arm-none-eabi/9.3.1/../../../../arm-none-eabi/lib/thumb/v8-m.main+fp/hard\libc_nano.a(lib_a-impure.o)
                              c:/st/stm32cubeide_1.8.0/stm32cubeide/plugins/com.st.stm32cube.ide.mcu.externaltools.gnu-tools-for-stm32.9-2020-q2-update.win32_2.0.0.202105311346/tools/bin/../lib/gcc/arm-none-eabi/9.3.1/../../../../arm-none-eabi/lib/thumb/v8-m.main+fp/hard\libc_nano.a(lib_a-exit.o) (_global_impure_ptr)
c:/st/stm32cubeide_1.8.0/stm32cubeide/plugins/com.st.stm32cube.ide.mcu.externaltools.gnu-tools-for-stm32.9-2020-q2-update.win32_2.0.0.202105311346/tools/bin/../lib/gcc/arm-none-eabi/9.3.1/../../../../arm-none-eabi/lib/thumb/v8-m.main+fp/hard\libc_nano.a(lib_a-init.o)
                              c:/st/stm32cubeide_1.8.0/stm32cubeide/plugins/com.st.stm32cube.ide.mcu.externaltools.gnu-tools-for-stm32.9-2020-q2-update.win32_2.0.0.202105311346/tools/bin/../lib/gcc/arm-none-eabi/9.3.1/../../../../arm-none-eabi/lib/thumb/v8-m.main+fp/hard/crt0.o (__libc_init_array)
c:/st/stm32cubeide_1.8.0/stm32cubeide/plugins/com.st.stm32cube.ide.mcu.externaltools.gnu-tools-for-stm32.9-2020-q2-update.win32_2.0.0.202105311346/tools/bin/../lib/gcc/arm-none-eabi/9.3.1/../../../../arm-none-eabi/lib/thumb/v8-m.main+fp/hard\libc_nano.a(lib_a-memset.o)
                              c:/st/stm32cubeide_1.8.0/stm32cubeide/plugins/com.st.stm32cube.ide.mcu.externaltools.gnu-tools-for-stm32.9-2020-q2-update.win32_2.0.0.202105311346/tools/bin/../lib/gcc/arm-none-eabi/9.3.1/../../../../arm-none-eabi/lib/thumb/v8-m.main+fp/hard/crt0.o (memset)

Allocating common symbols
Common symbol       size              file

uwTick              0x4               ./Drivers/STM32L5xx_HAL_Driver/Src/stm32l5xx_hal.o
hspi1               0x64              ./Core/Src/main.o
htim2               0x4c              ./Core/Src/main.o

Discarded input sections

 .text          0x0000000000000000        0x0 c:/st/stm32cubeide_1.8.0/stm32cubeide/plugins/com.st.stm32cube.ide.mcu.externaltools.gnu-tools-for-stm32.9-2020-q2-update.win32_2.0.0.202105311346/tools/bin/../lib/gcc/arm-none-eabi/9.3.1/thumb/v8-m.main+fp/hard/crti.o
 .data          0x0000000000000000        0x0 c:/st/stm32cubeide_1.8.0/stm32cubeide/plugins/com.st.stm32cube.ide.mcu.externaltools.gnu-tools-for-stm32.9-2020-q2-update.win32_2.0.0.202105311346/tools/bin/../lib/gcc/arm-none-eabi/9.3.1/thumb/v8-m.main+fp/hard/crti.o
 .bss           0x0000000000000000        0x0 c:/st/stm32cubeide_1.8.0/stm32cubeide/plugins/com.st.stm32cube.ide.mcu.externaltools.gnu-tools-for-stm32.9-2020-q2-update.win32_2.0.0.202105311346/tools/bin/../lib/gcc/arm-none-eabi/9.3.1/thumb/v8-m.main+fp/hard/crti.o
 .data          0x0000000000000000        0x4 c:/st/stm32cubeide_1.8.0/stm32cubeide/plugins/com.st.stm32cube.ide.mcu.externaltools.gnu-tools-for-stm32.9-2020-q2-update.win32_2.0.0.202105311346/tools/bin/../lib/gcc/arm-none-eabi/9.3.1/thumb/v8-m.main+fp/hard/crtbegin.o
 .text          0x0000000000000000       0x7c c:/st/stm32cubeide_1.8.0/stm32cubeide/plugins/com.st.stm32cube.ide.mcu.externaltools.gnu-tools-for-stm32.9-2020-q2-update.win32_2.0.0.202105311346/tools/bin/../lib/gcc/arm-none-eabi/9.3.1/../../../../arm-none-eabi/lib/thumb/v8-m.main+fp/hard/crt0.o
 .data          0x0000000000000000        0x0 c:/st/stm32cubeide_1.8.0/stm32cubeide/plugins/com.st.stm32cube.ide.mcu.externaltools.gnu-tools-for-stm32.9-2020-q2-update.win32_2.0.0.202105311346/tools/bin/../lib/gcc/arm-none-eabi/9.3.1/../../../../arm-none-eabi/lib/thumb/v8-m.main+fp/hard/crt0.o
 .bss           0x0000000000000000        0x0 c:/st/stm32cubeide_1.8.0/stm32cubeide/plugins/com.st.stm32cube.ide.mcu.externaltools.gnu-tools-for-stm32.9-2020-q2-update.win32_2.0.0.202105311346/tools/bin/../lib/gcc/arm-none-eabi/9.3.1/../../../../arm-none-eabi/lib/thumb/v8-m.main+fp/hard/crt0.o
[...]
Memory Configuration

Name             Origin             Length             Attributes
RAM              0x0000000020000000 0x0000000000040000 xrw
FLASH            0x0000000008000000 0x0000000000080000 xr
*default*        0x0000000000000000 0xffffffffffffffff

Linker script and memory map

LOAD c:/st/stm32cubeide_1.8.0/stm32cubeide/plugins/com.st.stm32cube.ide.mcu.externaltools.gnu-tools-for-stm32.9-2020-q2-update.win32_2.0.0.202105311346/tools/bin/../lib/gcc/arm-none-eabi/9.3.1/thumb/v8-m.main+fp/hard/crti.o
LOAD c:/st/stm32cubeide_1.8.0/stm32cubeide/plugins/com.st.stm32cube.ide.mcu.externaltools.gnu-tools-for-stm32.9-2020-q2-update.win32_2.0.0.202105311346/tools/bin/../lib/gcc/arm-none-eabi/9.3.1/thumb/v8-m.main+fp/hard/crtbegin.o
LOAD c:/st/stm32cubeide_1.8.0/stm32cubeide/plugins/com.st.stm32cube.ide.mcu.externaltools.gnu-tools-for-stm32.9-2020-q2-update.win32_2.0.0.202105311346/tools/bin/../lib/gcc/arm-none-eabi/9.3.1/../../../../arm-none-eabi/lib/thumb/v8-m.main+fp/hard/crt0.o
LOAD ./Core/Src/NRFL01.o
LOAD ./Core/Src/main.o
LOAD ./Core/Src/stm32l5xx_hal_msp.o
LOAD ./Core/Src/stm32l5xx_it.o
LOAD ./Core/Src/syscalls.o
LOAD ./Core/Src/sysmem.o
LOAD ./Core/Src/system_stm32l5xx.o
LOAD ./Core/Startup/startup_stm32l552zetxq.o
LOAD ./Drivers/STM32L5xx_HAL_Driver/Src/stm32l5xx_hal.o
LOAD ./Drivers/STM32L5xx_HAL_Driver/Src/stm32l5xx_hal_cortex.o
LOAD ./Drivers/STM32L5xx_HAL_Driver/Src/stm32l5xx_hal_dma.o
LOAD ./Drivers/STM32L5xx_HAL_Driver/Src/stm32l5xx_hal_dma_ex.o
LOAD ./Drivers/STM32L5xx_HAL_Driver/Src/stm32l5xx_hal_exti.o
LOAD ./Drivers/STM32L5xx_HAL_Driver/Src/stm32l5xx_hal_flash.o
LOAD ./Drivers/STM32L5xx_HAL_Driver/Src/stm32l5xx_hal_flash_ex.o
LOAD ./Drivers/STM32L5xx_HAL_Driver/Src/stm32l5xx_hal_flash_ramfunc.o
LOAD ./Drivers/STM32L5xx_HAL_Driver/Src/stm32l5xx_hal_gpio.o
LOAD ./Drivers/STM32L5xx_HAL_Driver/Src/stm32l5xx_hal_i2c.o
LOAD ./Drivers/STM32L5xx_HAL_Driver/Src/stm32l5xx_hal_i2c_ex.o
LOAD ./Drivers/STM32L5xx_HAL_Driver/Src/stm32l5xx_hal_icache.o
LOAD ./Drivers/STM32L5xx_HAL_Driver/Src/stm32l5xx_hal_pwr.o
LOAD ./Drivers/STM32L5xx_HAL_Driver/Src/stm32l5xx_hal_pwr_ex.o
LOAD ./Drivers/STM32L5xx_HAL_Driver/Src/stm32l5xx_hal_rcc.o
LOAD ./Drivers/STM32L5xx_HAL_Driver/Src/stm32l5xx_hal_rcc_ex.o
LOAD ./Drivers/STM32L5xx_HAL_Driver/Src/stm32l5xx_hal_spi.o
LOAD ./Drivers/STM32L5xx_HAL_Driver/Src/stm32l5xx_hal_spi_ex.o
LOAD ./Drivers/STM32L5xx_HAL_Driver/Src/stm32l5xx_hal_tim.o
LOAD ./Drivers/STM32L5xx_HAL_Driver/Src/stm32l5xx_hal_tim_ex.o
START GROUP
LOAD c:/st/stm32cubeide_1.8.0/stm32cubeide/plugins/com.st.stm32cube.ide.mcu.externaltools.gnu-tools-for-stm32.9-2020-q2-update.win32_2.0.0.202105311346/tools/bin/../lib/gcc/arm-none-eabi/9.3.1/../../../../arm-none-eabi/lib/thumb/v8-m.main+fp/hard\libc_nano.a
LOAD c:/st/stm32cubeide_1.8.0/stm32cubeide/plugins/com.st.stm32cube.ide.mcu.externaltools.gnu-tools-for-stm32.9-2020-q2-update.win32_2.0.0.202105311346/tools/bin/../lib/gcc/arm-none-eabi/9.3.1/../../../../arm-none-eabi/lib/thumb/v8-m.main+fp/hard\libm.a
END GROUP
START GROUP
LOAD c:/st/stm32cubeide_1.8.0/stm32cubeide/plugins/com.st.stm32cube.ide.mcu.externaltools.gnu-tools-for-stm32.9-2020-q2-update.win32_2.0.0.202105311346/tools/bin/../lib/gcc/arm-none-eabi/9.3.1/thumb/v8-m.main+fp/hard\libgcc.a
LOAD c:/st/stm32cubeide_1.8.0/stm32cubeide/plugins/com.st.stm32cube.ide.mcu.externaltools.gnu-tools-for-stm32.9-2020-q2-update.win32_2.0.0.202105311346/tools/bin/../lib/gcc/arm-none-eabi/9.3.1/../../../../arm-none-eabi/lib/thumb/v8-m.main+fp/hard\libc_nano.a
END GROUP
START GROUP
LOAD c:/st/stm32cubeide_1.8.0/stm32cubeide/plugins/com.st.stm32cube.ide.mcu.externaltools.gnu-tools-for-stm32.9-2020-q2-update.win32_2.0.0.202105311346/tools/bin/../lib/gcc/arm-none-eabi/9.3.1/thumb/v8-m.main+fp/hard\libgcc.a
LOAD c:/st/stm32cubeide_1.8.0/stm32cubeide/plugins/com.st.stm32cube.ide.mcu.externaltools.gnu-tools-for-stm32.9-2020-q2-update.win32_2.0.0.202105311346/tools/bin/../lib/gcc/arm-none-eabi/9.3.1/../../../../arm-none-eabi/lib/thumb/v8-m.main+fp/hard\libc_nano.a
LOAD c:/st/stm32cubeide_1.8.0/stm32cubeide/plugins/com.st.stm32cube.ide.mcu.externaltools.gnu-tools-for-stm32.9-2020-q2-update.win32_2.0.0.202105311346/tools/bin/../lib/gcc/arm-none-eabi/9.3.1/../../../../arm-none-eabi/lib/thumb/v8-m.main+fp/hard\libnosys.a
END GROUP
START GROUP
LOAD c:/st/stm32cubeide_1.8.0/stm32cubeide/plugins/com.st.stm32cube.ide.mcu.externaltools.gnu-tools-for-stm32.9-2020-q2-update.win32_2.0.0.202105311346/tools/bin/../lib/gcc/arm-none-eabi/9.3.1/thumb/v8-m.main+fp/hard\libgcc.a
LOAD c:/st/stm32cubeide_1.8.0/stm32cubeide/plugins/com.st.stm32cube.ide.mcu.externaltools.gnu-tools-for-stm32.9-2020-q2-update.win32_2.0.0.202105311346/tools/bin/../lib/gcc/arm-none-eabi/9.3.1/../../../../arm-none-eabi/lib/thumb/v8-m.main+fp/hard\libc_nano.a
LOAD c:/st/stm32cubeide_1.8.0/stm32cubeide/plugins/com.st.stm32cube.ide.mcu.externaltools.gnu-tools-for-stm32.9-2020-q2-update.win32_2.0.0.202105311346/tools/bin/../lib/gcc/arm-none-eabi/9.3.1/../../../../arm-none-eabi/lib/thumb/v8-m.main+fp/hard\libnosys.a
END GROUP
LOAD c:/st/stm32cubeide_1.8.0/stm32cubeide/plugins/com.st.stm32cube.ide.mcu.externaltools.gnu-tools-for-stm32.9-2020-q2-update.win32_2.0.0.202105311346/tools/bin/../lib/gcc/arm-none-eabi/9.3.1/thumb/v8-m.main+fp/hard/crtend.o
LOAD c:/st/stm32cubeide_1.8.0/stm32cubeide/plugins/com.st.stm32cube.ide.mcu.externaltools.gnu-tools-for-stm32.9-2020-q2-update.win32_2.0.0.202105311346/tools/bin/../lib/gcc/arm-none-eabi/9.3.1/thumb/v8-m.main+fp/hard/crtn.o
                0x0000000020040000                _estack = (ORIGIN (RAM) + LENGTH (RAM))
                0x0000000000000200                _Min_Heap_Size = 0x200
                0x0000000000000400                _Min_Stack_Size = 0x400

.isr_vector     0x0000000008000000      0x1f4
                0x0000000008000000                . = ALIGN (0x4)
 *(.isr_vector)
 .isr_vector    0x0000000008000000      0x1f4 ./Core/Startup/startup_stm32l552zetxq.o
                0x0000000008000000                g_pfnVectors
                0x00000000080001f4                . = ALIGN (0x4)

.text           0x00000000080001f4     0x3720
                0x00000000080001f4                . = ALIGN (0x4)
 *(.text)
 .text          0x00000000080001f4       0x40 c:/st/stm32cubeide_1.8.0/stm32cubeide/plugins/com.st.stm32cube.ide.mcu.externaltools.gnu-tools-for-stm32.9-2020-q2-update.win32_2.0.0.202105311346/tools/bin/../lib/gcc/arm-none-eabi/9.3.1/thumb/v8-m.main+fp/hard/crtbegin.o
 *(.text*)
 .text.CS_Select
                0x0000000008000234       0x18 ./Core/Src/NRFL01.o
                0x0000000008000234                CS_Select
 .text.CS_UnSelect
                0x000000000800024c       0x18 ./Core/Src/NRFL01.o
                0x000000000800024c                CS_UnSelect
 .text.CE_Enable
                0x0000000008000264       0x18 ./Core/Src/NRFL01.o
                0x0000000008000264                CE_Enable
 .text.CE_Disable
                0x000000000800027c       0x18 ./Core/Src/NRFL01.o
                0x000000000800027c                CE_Disable
 .text.nrf24_WriteReg
                0x0000000008000294       0x44 ./Core/Src/NRFL01.o
                0x0000000008000294                nrf24_WriteReg
 .text.nrf24_WriteRegMulti
                0x00000000080002d8       0x4c ./Core/Src/NRFL01.o
                0x00000000080002d8                nrf24_WriteRegMulti
 .text.nrf24_ReadReg
                0x0000000008000324       0x40 ./Core/Src/NRFL01.o
                0x0000000008000324                nrf24_ReadReg
 .text.nrf24_ReadReg_Multi
                0x0000000008000364       0x40 ./Core/Src/NRFL01.o
                0x0000000008000364                nrf24_ReadReg_Multi
 .text.nrfsendCmd
                0x00000000080003a4       0x2c ./Core/Src/NRFL01.o
                0x00000000080003a4                nrfsendCmd
 .text.nrf24_reset
                0x00000000080003d0      0x14c ./Core/Src/NRFL01.o
                0x00000000080003d0                nrf24_reset
 .text.NRF24_Init
                0x000000000800051c       0x4e ./Core/Src/NRFL01.o
                0x000000000800051c                NRF24_Init
 .text.NRF24_RxMode
                0x000000000800056a       0x7e ./Core/Src/NRFL01.o
                0x000000000800056a                NRF24_RxMode
 .text.isDataAvailable
                0x00000000080005e8       0x3e ./Core/Src/NRFL01.o
                0x00000000080005e8                isDataAvailable
 *fill*         0x0000000008000626        0x2 
 .text.NRF24_Receive
                0x0000000008000628       0x54 ./Core/Src/NRFL01.o
                0x0000000008000628                NRF24_Receive
 .text.NRF24_ReadAll
                0x000000000800067c       0xcc ./Core/Src/NRFL01.o
                0x000000000800067c                NRF24_ReadAll
 .text.main     0x0000000008000748       0xbc ./Core/Src/main.o
                0x0000000008000748                main
 .text.SystemClock_Config
                0x0000000008000804       0xa0 ./Core/Src/main.o
                0x0000000008000804                SystemClock_Config
 .text.MX_SPI1_Init
                0x00000000080008a4       0x7c ./Core/Src/main.o
 .text.MX_TIM2_Init
                0x0000000008000920       0x9c ./Core/Src/main.o
 .text.MX_GPIO_Init
                0x00000000080009bc      0x108 ./Core/Src/main.o
 .text.Error_Handler
                0x0000000008000ac4        0xa ./Core/Src/main.o
                0x0000000008000ac4                Error_Handler
 *fill*         0x0000000008000ace        0x2 
 .text.HAL_MspInit
                0x0000000008000ad0       0x48 ./Core/Src/stm32l5xx_hal_msp.o
                0x0000000008000ad0                HAL_MspInit
 .text.HAL_SPI_MspInit
                0x0000000008000b18       0x88 ./Core/Src/stm32l5xx_hal_msp.o
                0x0000000008000b18                HAL_SPI_MspInit
 .text.HAL_TIM_Base_MspInit
                0x0000000008000ba0       0x3c ./Core/Src/stm32l5xx_hal_msp.o
                0x0000000008000ba0                HAL_TIM_Base_MspInit
 .text.NMI_Handler
                0x0000000008000bdc        0x6 ./Core/Src/stm32l5xx_it.o
                0x0000000008000bdc                NMI_Handler
 .text.HardFault_Handler
                0x0000000008000be2        0x6 ./Core/Src/stm32l5xx_it.o
                0x0000000008000be2                HardFault_Handler
 .text.MemManage_Handler
                0x0000000008000be8        0x6 ./Core/Src/stm32l5xx_it.o
                0x0000000008000be8                MemManage_Handler
 .text.BusFault_Handler
                0x0000000008000bee        0x6 ./Core/Src/stm32l5xx_it.o
                0x0000000008000bee                BusFault_Handler
 .text.UsageFault_Handler
                0x0000000008000bf4        0x6 ./Core/Src/stm32l5xx_it.o
                0x0000000008000bf4                UsageFault_Handler
 .text.SVC_Handler
                0x0000000008000bfa        0xe ./Core/Src/stm32l5xx_it.o
                0x0000000008000bfa                SVC_Handler
 .text.DebugMon_Handler
                0x0000000008000c08        0xe ./Core/Src/stm32l5xx_it.o
                0x0000000008000c08                DebugMon_Handler
 .text.PendSV_Handler
                0x0000000008000c16        0xe ./Core/Src/stm32l5xx_it.o
                0x0000000008000c16                PendSV_Handler
 .text.SysTick_Handler
                0x0000000008000c24        0xc ./Core/Src/stm32l5xx_it.o
                0x0000000008000c24                SysTick_Handler
 .text.SystemInit
                0x0000000008000c30       0x24 ./Core/Src/system_stm32l5xx.o
                0x0000000008000c30                SystemInit
 .text.SystemCoreClockUpdate
                0x0000000008000c54      0x15c ./Core/Src/system_stm32l5xx.o
                0x0000000008000c54                SystemCoreClockUpdate
 .text.Reset_Handler
                0x0000000008000db0       0x50 ./Core/Startup/startup_stm32l552zetxq.o
                0x0000000008000db0                Reset_Handler
 .text.Default_Handler
                0x0000000008000e00        0x2 ./Core/Startup/startup_stm32l552zetxq.o
                0x0000000008000e00                EXTI2_IRQHandler
                0x0000000008000e00                TIM8_TRG_COM_IRQHandler
                0x0000000008000e00                TIM8_CC_IRQHandler
                0x0000000008000e00                EXTI5_IRQHandler
                0x0000000008000e00                FLASH_S_IRQHandler
                0x0000000008000e00                EXTI13_IRQHandler
                0x0000000008000e00                TIM1_CC_IRQHandler
                0x0000000008000e00                TSC_IRQHandler
                0x0000000008000e00                TAMP_IRQHandler
                0x0000000008000e00                TIM6_IRQHandler
                0x0000000008000e00                EXTI12_IRQHandler
                0x0000000008000e00                DMA2_Channel8_IRQHandler
                0x0000000008000e00                EXTI3_IRQHandler
                0x0000000008000e00                EXTI8_IRQHandler
                0x0000000008000e00                LPTIM2_IRQHandler
                0x0000000008000e00                DFSDM1_FLT1_IRQHandler
                0x0000000008000e00                USB_FS_IRQHandler
                0x0000000008000e00                I2C3_ER_IRQHandler
                0x0000000008000e00                DFSDM1_FLT2_IRQHandler
                0x0000000008000e00                DMAMUX1_IRQHandler
                0x0000000008000e00                LPTIM3_IRQHandler
                0x0000000008000e00                EXTI0_IRQHandler
                0x0000000008000e00                I2C2_EV_IRQHandler
                0x0000000008000e00                FPU_IRQHandler
                0x0000000008000e00                FDCAN1_IT1_IRQHandler
                0x0000000008000e00                ADC1_2_IRQHandler
                0x0000000008000e00                SPI1_IRQHandler
                0x0000000008000e00                OCTOSPI1_IRQHandler
                0x0000000008000e00                TIM8_UP_IRQHandler
                0x0000000008000e00                RCC_S_IRQHandler
                0x0000000008000e00                DMA2_Channel2_IRQHandler
                0x0000000008000e00                DMA1_Channel4_IRQHandler
                0x0000000008000e00                SAI2_IRQHandler
                0x0000000008000e00                DFSDM1_FLT3_IRQHandler
                0x0000000008000e00                EXTI15_IRQHandler
                0x0000000008000e00                TIM17_IRQHandler
                0x0000000008000e00                USART3_IRQHandler
                0x0000000008000e00                RTC_IRQHandler
                0x0000000008000e00                EXTI9_IRQHandler
                0x0000000008000e00                DMA1_Channel7_IRQHandler
                0x0000000008000e00                UART5_IRQHandler
                0x0000000008000e00                TIM4_IRQHandler
                0x0000000008000e00                DMA2_Channel1_IRQHandler
                0x0000000008000e00                I2C1_EV_IRQHandler
                0x0000000008000e00                DMA1_Channel6_IRQHandler
                0x0000000008000e00                TIM16_IRQHandler
                0x0000000008000e00                UART4_IRQHandler
                0x0000000008000e00                DMA2_Channel4_IRQHandler
                0x0000000008000e00                SecureFault_Handler
                0x0000000008000e00                TIM3_IRQHandler
                0x0000000008000e00                RCC_IRQHandler
                0x0000000008000e00                TIM1_TRG_COM_IRQHandler
                0x0000000008000e00                DMA1_Channel1_IRQHandler
                0x0000000008000e00                Default_Handler
                0x0000000008000e00                DMA2_Channel7_IRQHandler
                0x0000000008000e00                DMA1_Channel8_IRQHandler
                0x0000000008000e00                TIM7_IRQHandler
                0x0000000008000e00                SDMMC1_IRQHandler
                0x0000000008000e00                TIM5_IRQHandler
                0x0000000008000e00                UCPD1_IRQHandler
                0x0000000008000e00                TIM15_IRQHandler
                0x0000000008000e00                I2C3_EV_IRQHandler
                0x0000000008000e00                PVD_PVM_IRQHandler
                0x0000000008000e00                SPI2_IRQHandler
                0x0000000008000e00                EXTI14_IRQHandler
                0x0000000008000e00                EXTI11_IRQHandler
                0x0000000008000e00                DMA2_Channel5_IRQHandler
                0x0000000008000e00                CRS_IRQHandler
                0x0000000008000e00                DMA1_Channel5_IRQHandler
                0x0000000008000e00                EXTI4_IRQHandler
                0x0000000008000e00                RTC_S_IRQHandler
                0x0000000008000e00                RNG_IRQHandler
                0x0000000008000e00                DMAMUX1_S_IRQHandler
                0x0000000008000e00                DMA1_Channel3_IRQHandler
                0x0000000008000e00                COMP_IRQHandler
                0x0000000008000e00                TIM1_UP_IRQHandler
                0x0000000008000e00                WWDG_IRQHandler
                0x0000000008000e00                I2C4_EV_IRQHandler
                0x0000000008000e00                LPUART1_IRQHandler
                0x0000000008000e00                DMA2_Channel6_IRQHandler
                0x0000000008000e00                FDCAN1_IT0_IRQHandler
                0x0000000008000e00                TIM2_IRQHandler
                0x0000000008000e00                TAMP_S_IRQHandler
                0x0000000008000e00                EXTI7_IRQHandler
                0x0000000008000e00                TIM1_BRK_IRQHandler
                0x0000000008000e00                DAC_IRQHandler
                0x0000000008000e00                EXTI1_IRQHandler
                0x0000000008000e00                GTZC_IRQHandler
                0x0000000008000e00                USART2_IRQHandler
                0x0000000008000e00                DFSDM1_FLT0_IRQHandler
                0x0000000008000e00                I2C2_ER_IRQHandler
                0x0000000008000e00                DMA1_Channel2_IRQHandler
                0x0000000008000e00                TIM8_BRK_IRQHandler
                0x0000000008000e00                FLASH_IRQHandler
                0x0000000008000e00                USART1_IRQHandler
                0x0000000008000e00                EXTI10_IRQHandler
                0x0000000008000e00                SPI3_IRQHandler
                0x0000000008000e00                I2C1_ER_IRQHandler
                0x0000000008000e00                FMC_IRQHandler
                0x0000000008000e00                EXTI6_IRQHandler
                0x0000000008000e00                LPTIM1_IRQHandler
                0x0000000008000e00                I2C4_ER_IRQHandler
                0x0000000008000e00                ICACHE_IRQHandler
                0x0000000008000e00                SAI1_IRQHandler
                0x0000000008000e00                HASH_IRQHandler
                0x0000000008000e00                DMA2_Channel3_IRQHandler
 .text.HAL_Init
                0x0000000008000e02       0x34 ./Drivers/STM32L5xx_HAL_Driver/Src/stm32l5xx_hal.o
                0x0000000008000e02                HAL_Init
 *fill*         0x0000000008000e36        0x2 
 .text.HAL_InitTick
                0x0000000008000e38       0x78 ./Drivers/STM32L5xx_HAL_Driver/Src/stm32l5xx_hal.o
                0x0000000008000e38                HAL_InitTick
 .text.HAL_IncTick
                0x0000000008000eb0       0x28 ./Drivers/STM32L5xx_HAL_Driver/Src/stm32l5xx_hal.o
                0x0000000008000eb0                HAL_IncTick
 .text.HAL_GetTick
                0x0000000008000ed8       0x18 ./Drivers/STM32L5xx_HAL_Driver/Src/stm32l5xx_hal.o
                0x0000000008000ed8                HAL_GetTick
 .text.HAL_Delay
                0x0000000008000ef0       0x48 ./Drivers/STM32L5xx_HAL_Driver/Src/stm32l5xx_hal.o
                0x0000000008000ef0                HAL_Delay
 .text.__NVIC_SetPriorityGrouping
                0x0000000008000f38       0x48 ./Drivers/STM32L5xx_HAL_Driver/Src/stm32l5xx_hal_cortex.o
 .text.__NVIC_GetPriorityGrouping
                0x0000000008000f80       0x1c ./Drivers/STM32L5xx_HAL_Driver/Src/stm32l5xx_hal_cortex.o
 .text.__NVIC_SetPriority
                0x0000000008000f9c       0x54 ./Drivers/STM32L5xx_HAL_Driver/Src/stm32l5xx_hal_cortex.o
 .text.NVIC_EncodePriority
                0x0000000008000ff0       0x66 ./Drivers/STM32L5xx_HAL_Driver/Src/stm32l5xx_hal_cortex.o
 *fill*         0x0000000008001056        0x2 
 .text.SysTick_Config
                0x0000000008001058       0x44 ./Drivers/STM32L5xx_HAL_Driver/Src/stm32l5xx_hal_cortex.o
 .text.HAL_NVIC_SetPriorityGrouping
                0x000000000800109c       0x16 ./Drivers/STM32L5xx_HAL_Driver/Src/stm32l5xx_hal_cortex.o
                0x000000000800109c                HAL_NVIC_SetPriorityGrouping
 .text.HAL_NVIC_SetPriority
                0x00000000080010b2       0x34 ./Drivers/STM32L5xx_HAL_Driver/Src/stm32l5xx_hal_cortex.o
                0x00000000080010b2                HAL_NVIC_SetPriority
 .text.HAL_SYSTICK_Config
                0x00000000080010e6       0x18 ./Drivers/STM32L5xx_HAL_Driver/Src/stm32l5xx_hal_cortex.o
                0x00000000080010e6                HAL_SYSTICK_Config
 *fill*         0x00000000080010fe        0x2 
 .text.HAL_GPIO_Init
                0x0000000008001100      0x300 ./Drivers/STM32L5xx_HAL_Driver/Src/stm32l5xx_hal_gpio.o
                0x0000000008001100                HAL_GPIO_Init
 .text.HAL_GPIO_WritePin
                0x0000000008001400       0x30 ./Drivers/STM32L5xx_HAL_Driver/Src/stm32l5xx_hal_gpio.o
                0x0000000008001400                HAL_GPIO_WritePin
 .text.HAL_GPIO_TogglePin
                0x0000000008001430       0x34 ./Drivers/STM32L5xx_HAL_Driver/Src/stm32l5xx_hal_gpio.o
                0x0000000008001430                HAL_GPIO_TogglePin
 .text.HAL_PWREx_GetVoltageRange
                0x0000000008001464       0x1c ./Drivers/STM32L5xx_HAL_Driver/Src/stm32l5xx_hal_pwr_ex.o
                0x0000000008001464                HAL_PWREx_GetVoltageRange
 .text.HAL_PWREx_ControlVoltageScaling
                0x0000000008001480       0xb8 ./Drivers/STM32L5xx_HAL_Driver/Src/stm32l5xx_hal_pwr_ex.o
                0x0000000008001480                HAL_PWREx_ControlVoltageScaling
 .text.HAL_PWREx_DisableUCPDDeadBattery
                0x0000000008001538       0x20 ./Drivers/STM32L5xx_HAL_Driver/Src/stm32l5xx_hal_pwr_ex.o
                0x0000000008001538                HAL_PWREx_DisableUCPDDeadBattery
 .text.HAL_PWREx_SMPS_GetEffectiveMode
                0x0000000008001558       0x48 ./Drivers/STM32L5xx_HAL_Driver/Src/stm32l5xx_hal_pwr_ex.o
                0x0000000008001558                HAL_PWREx_SMPS_GetEffectiveMode
 .text.HAL_RCC_OscConfig
                0x00000000080015a0      0x9c4 ./Drivers/STM32L5xx_HAL_Driver/Src/stm32l5xx_hal_rcc.o
                0x00000000080015a0                HAL_RCC_OscConfig
 .text.HAL_RCC_ClockConfig
                0x0000000008001f64      0x250 ./Drivers/STM32L5xx_HAL_Driver/Src/stm32l5xx_hal_rcc.o
                0x0000000008001f64                HAL_RCC_ClockConfig
 .text.HAL_RCC_GetSysClockFreq
                0x00000000080021b4      0x13c ./Drivers/STM32L5xx_HAL_Driver/Src/stm32l5xx_hal_rcc.o
                0x00000000080021b4                HAL_RCC_GetSysClockFreq
 .text.HAL_RCC_GetHCLKFreq
                0x00000000080022f0       0x28 ./Drivers/STM32L5xx_HAL_Driver/Src/stm32l5xx_hal_rcc.o
                0x00000000080022f0                HAL_RCC_GetHCLKFreq
 .text.RCC_SetFlashLatencyFromMSIRange
                0x0000000008002318       0xc8 ./Drivers/STM32L5xx_HAL_Driver/Src/stm32l5xx_hal_rcc.o
 .text.RCC_GetSysClockFreqFromPLLSource
                0x00000000080023e0       0xf4 ./Drivers/STM32L5xx_HAL_Driver/Src/stm32l5xx_hal_rcc.o
 .text.HAL_SPI_Init
                0x00000000080024d4      0x146 ./Drivers/STM32L5xx_HAL_Driver/Src/stm32l5xx_hal_spi.o
                0x00000000080024d4                HAL_SPI_Init
 .text.HAL_SPI_Transmit
                0x000000000800261a      0x2dc ./Drivers/STM32L5xx_HAL_Driver/Src/stm32l5xx_hal_spi.o
                0x000000000800261a                HAL_SPI_Transmit
 .text.HAL_SPI_Receive
                0x00000000080028f6      0x260 ./Drivers/STM32L5xx_HAL_Driver/Src/stm32l5xx_hal_spi.o
                0x00000000080028f6                HAL_SPI_Receive
 .text.HAL_SPI_TransmitReceive
                0x0000000008002b56      0x426 ./Drivers/STM32L5xx_HAL_Driver/Src/stm32l5xx_hal_spi.o
                0x0000000008002b56                HAL_SPI_TransmitReceive
 .text.SPI_WaitFlagStateUntilTimeout
                0x0000000008002f7c      0x110 ./Drivers/STM32L5xx_HAL_Driver/Src/stm32l5xx_hal_spi.o
 .text.SPI_WaitFifoStateUntilTimeout
                0x000000000800308c      0x124 ./Drivers/STM32L5xx_HAL_Driver/Src/stm32l5xx_hal_spi.o
 .text.SPI_EndRxTransaction
                0x00000000080031b0       0xb0 ./Drivers/STM32L5xx_HAL_Driver/Src/stm32l5xx_hal_spi.o
 .text.SPI_EndRxTxTransaction
                0x0000000008003260       0x8c ./Drivers/STM32L5xx_HAL_Driver/Src/stm32l5xx_hal_spi.o
 .text.HAL_TIM_Base_Init
                0x00000000080032ec       0xae ./Drivers/STM32L5xx_HAL_Driver/Src/stm32l5xx_hal_tim.o
                0x00000000080032ec                HAL_TIM_Base_Init
 .text.HAL_TIM_ConfigClockSource
                0x000000000800339a      0x18c ./Drivers/STM32L5xx_HAL_Driver/Src/stm32l5xx_hal_tim.o
                0x000000000800339a                HAL_TIM_ConfigClockSource
 *fill*         0x0000000008003526        0x2 
 .text.TIM_Base_SetConfig
                0x0000000008003528      0x134 ./Drivers/STM32L5xx_HAL_Driver/Src/stm32l5xx_hal_tim.o
                0x0000000008003528                TIM_Base_SetConfig
 .text.TIM_TI1_ConfigInputStage
                0x000000000800365c       0x5e ./Drivers/STM32L5xx_HAL_Driver/Src/stm32l5xx_hal_tim.o
 .text.TIM_TI2_ConfigInputStage
                0x00000000080036ba       0x60 ./Drivers/STM32L5xx_HAL_Driver/Src/stm32l5xx_hal_tim.o
 .text.TIM_ITRx_SetConfig
                0x000000000800371a       0x3a ./Drivers/STM32L5xx_HAL_Driver/Src/stm32l5xx_hal_tim.o
 .text.TIM_ETR_SetConfig
                0x0000000008003754       0x40 ./Drivers/STM32L5xx_HAL_Driver/Src/stm32l5xx_hal_tim.o
                0x0000000008003754                TIM_ETR_SetConfig
 .text.HAL_TIMEx_MasterConfigSynchronization
                0x0000000008003794      0x110 ./Drivers/STM32L5xx_HAL_Driver/Src/stm32l5xx_hal_tim_ex.o
                0x0000000008003794                HAL_TIMEx_MasterConfigSynchronization
 .text.__libc_init_array
                0x00000000080038a4       0x48 c:/st/stm32cubeide_1.8.0/stm32cubeide/plugins/com.st.stm32cube.ide.mcu.externaltools.gnu-tools-for-stm32.9-2020-q2-update.win32_2.0.0.202105311346/tools/bin/../lib/gcc/arm-none-eabi/9.3.1/../../../../arm-none-eabi/lib/thumb/v8-m.main+fp/hard\libc_nano.a(lib_a-init.o)
                0x00000000080038a4                __libc_init_array
 .text.memset   0x00000000080038ec       0x10 c:/st/stm32cubeide_1.8.0/stm32cubeide/plugins/com.st.stm32cube.ide.mcu.externaltools.gnu-tools-for-stm32.9-2020-q2-update.win32_2.0.0.202105311346/tools/bin/../lib/gcc/arm-none-eabi/9.3.1/../../../../arm-none-eabi/lib/thumb/v8-m.main+fp/hard\libc_nano.a(lib_a-memset.o)
                0x00000000080038ec                memset
 *(.glue_7)
 .glue_7        0x00000000080038fc        0x0 linker stubs
 *(.glue_7t)
 .glue_7t       0x00000000080038fc        0x0 linker stubs
 *(.eh_frame)
 .eh_frame      0x00000000080038fc        0x0 c:/st/stm32cubeide_1.8.0/stm32cubeide/plugins/com.st.stm32cube.ide.mcu.externaltools.gnu-tools-for-stm32.9-2020-q2-update.win32_2.0.0.202105311346/tools/bin/../lib/gcc/arm-none-eabi/9.3.1/thumb/v8-m.main+fp/hard/crtbegin.o
 *(.init)
 .init          0x00000000080038fc        0x4 c:/st/stm32cubeide_1.8.0/stm32cubeide/plugins/com.st.stm32cube.ide.mcu.externaltools.gnu-tools-for-stm32.9-2020-q2-update.win32_2.0.0.202105311346/tools/bin/../lib/gcc/arm-none-eabi/9.3.1/thumb/v8-m.main+fp/hard/crti.o
                0x00000000080038fc                _init
 .init          0x0000000008003900        0x8 c:/st/stm32cubeide_1.8.0/stm32cubeide/plugins/com.st.stm32cube.ide.mcu.externaltools.gnu-tools-for-stm32.9-2020-q2-update.win32_2.0.0.202105311346/tools/bin/../lib/gcc/arm-none-eabi/9.3.1/thumb/v8-m.main+fp/hard/crtn.o
 *(.fini)
 .fini          0x0000000008003908        0x4 c:/st/stm32cubeide_1.8.0/stm32cubeide/plugins/com.st.stm32cube.ide.mcu.externaltools.gnu-tools-for-stm32.9-2020-q2-update.win32_2.0.0.202105311346/tools/bin/../lib/gcc/arm-none-eabi/9.3.1/thumb/v8-m.main+fp/hard/crti.o
                0x0000000008003908                _fini
 .fini          0x000000000800390c        0x8 c:/st/stm32cubeide_1.8.0/stm32cubeide/plugins/com.st.stm32cube.ide.mcu.externaltools.gnu-tools-for-stm32.9-2020-q2-update.win32_2.0.0.202105311346/tools/bin/../lib/gcc/arm-none-eabi/9.3.1/thumb/v8-m.main+fp/hard/crtn.o
                0x0000000008003914                . = ALIGN (0x4)
                0x0000000008003914                _etext = .

.vfp11_veneer   0x0000000008003914        0x0
 .vfp11_veneer  0x0000000008003914        0x0 linker stubs

.v4_bx          0x0000000008003914        0x0
 .v4_bx         0x0000000008003914        0x0 linker stubs

.iplt           0x0000000008003914        0x0
 .iplt          0x0000000008003914        0x0 c:/st/stm32cubeide_1.8.0/stm32cubeide/plugins/com.st.stm32cube.ide.mcu.externaltools.gnu-tools-for-stm32.9-2020-q2-update.win32_2.0.0.202105311346/tools/bin/../lib/gcc/arm-none-eabi/9.3.1/thumb/v8-m.main+fp/hard/crtbegin.o

.rodata         0x0000000008003914       0x68
                0x0000000008003914                . = ALIGN (0x4)
 *(.rodata)
 .rodata        0x0000000008003914        0xd ./Core/Src/NRFL01.o
 *fill*         0x0000000008003921        0x3 
 .rodata        0x0000000008003924        0x5 ./Core/Src/main.o
 *(.rodata*)
 *fill*         0x0000000008003929        0x3 
 .rodata.AHBPrescTable
                0x000000000800392c       0x10 ./Core/Src/system_stm32l5xx.o
                0x000000000800392c                AHBPrescTable
 .rodata.MSIRangeTable
                0x000000000800393c       0x40 ./Core/Src/system_stm32l5xx.o
                0x000000000800393c                MSIRangeTable
                0x000000000800397c                . = ALIGN (0x4)

.rel.dyn        0x000000000800397c        0x0
 .rel.iplt      0x000000000800397c        0x0 c:/st/stm32cubeide_1.8.0/stm32cubeide/plugins/com.st.stm32cube.ide.mcu.externaltools.gnu-tools-for-stm32.9-2020-q2-update.win32_2.0.0.202105311346/tools/bin/../lib/gcc/arm-none-eabi/9.3.1/thumb/v8-m.main+fp/hard/crtbegin.o

.ARM.extab      0x000000000800397c        0x0
                0x000000000800397c                . = ALIGN (0x4)
 *(.ARM.extab* .gnu.linkonce.armextab.*)
                0x000000000800397c                . = ALIGN (0x4)

.ARM            0x000000000800397c        0x0
                0x000000000800397c                . = ALIGN (0x4)
                0x000000000800397c                __exidx_start = .
 *(.ARM.exidx*)
                0x000000000800397c                __exidx_end = .
                0x000000000800397c                . = ALIGN (0x4)

.preinit_array  0x000000000800397c        0x0
                0x000000000800397c                . = ALIGN (0x4)
                0x000000000800397c                PROVIDE (__preinit_array_start = .)
 *(.preinit_array*)
                0x000000000800397c                PROVIDE (__preinit_array_end = .)
                0x000000000800397c                . = ALIGN (0x4)

.init_array     0x000000000800397c        0x4
                0x000000000800397c                . = ALIGN (0x4)
                0x000000000800397c                PROVIDE (__init_array_start = .)
 *(SORT_BY_NAME(.init_array.*))
 *(.init_array*)
 .init_array    0x000000000800397c        0x4 c:/st/stm32cubeide_1.8.0/stm32cubeide/plugins/com.st.stm32cube.ide.mcu.externaltools.gnu-tools-for-stm32.9-2020-q2-update.win32_2.0.0.202105311346/tools/bin/../lib/gcc/arm-none-eabi/9.3.1/thumb/v8-m.main+fp/hard/crtbegin.o
                0x0000000008003980                PROVIDE (__init_array_end = .)
                0x0000000008003980                . = ALIGN (0x4)

.fini_array     0x0000000008003980        0x4
                0x0000000008003980                . = ALIGN (0x4)
                [!provide]                        PROVIDE (__fini_array_start = .)
 *(SORT_BY_NAME(.fini_array.*))
 *(.fini_array*)
 .fini_array    0x0000000008003980        0x4 c:/st/stm32cubeide_1.8.0/stm32cubeide/plugins/com.st.stm32cube.ide.mcu.externaltools.gnu-tools-for-stm32.9-2020-q2-update.win32_2.0.0.202105311346/tools/bin/../lib/gcc/arm-none-eabi/9.3.1/thumb/v8-m.main+fp/hard/crtbegin.o
                [!provide]                        PROVIDE (__fini_array_end = .)
                0x0000000008003984                . = ALIGN (0x4)
                0x0000000008003984                _sidata = LOADADDR (.data)

.data           0x0000000020000000        0xc load address 0x0000000008003984
                0x0000000020000000                . = ALIGN (0x4)
                0x0000000020000000                _sdata = .
 *(.data)
 *(.data*)
 .data.SystemCoreClock
                0x0000000020000000        0x4 ./Core/Src/system_stm32l5xx.o
                0x0000000020000000                SystemCoreClock
 .data.uwTickPrio
                0x0000000020000004        0x4 ./Drivers/STM32L5xx_HAL_Driver/Src/stm32l5xx_hal.o
                0x0000000020000004                uwTickPrio
 .data.uwTickFreq
                0x0000000020000008        0x1 ./Drivers/STM32L5xx_HAL_Driver/Src/stm32l5xx_hal.o
                0x0000000020000008                uwTickFreq
 *(.RamFunc)
 *(.RamFunc*)
                0x000000002000000c                . = ALIGN (0x4)
 *fill*         0x0000000020000009        0x3 
                0x000000002000000c                _edata = .

.igot.plt       0x000000002000000c        0x0 load address 0x0000000008003990
 .igot.plt      0x000000002000000c        0x0 c:/st/stm32cubeide_1.8.0/stm32cubeide/plugins/com.st.stm32cube.ide.mcu.externaltools.gnu-tools-for-stm32.9-2020-q2-update.win32_2.0.0.202105311346/tools/bin/../lib/gcc/arm-none-eabi/9.3.1/thumb/v8-m.main+fp/hard/crtbegin.o
                0x000000002000000c                . = ALIGN (0x4)

.bss            0x000000002000000c       0xd0 load address 0x0000000008003990
                0x000000002000000c                _sbss = .
                0x000000002000000c                __bss_start__ = _sbss
 *(.bss)
 .bss           0x000000002000000c       0x1c c:/st/stm32cubeide_1.8.0/stm32cubeide/plugins/com.st.stm32cube.ide.mcu.externaltools.gnu-tools-for-stm32.9-2020-q2-update.win32_2.0.0.202105311346/tools/bin/../lib/gcc/arm-none-eabi/9.3.1/thumb/v8-m.main+fp/hard/crtbegin.o
 *(.bss*)
 *(COMMON)
 COMMON         0x0000000020000028       0xb0 ./Core/Src/main.o
                0x0000000020000028                hspi1
                0x000000002000008c                htim2
 COMMON         0x00000000200000d8        0x4 ./Drivers/STM32L5xx_HAL_Driver/Src/stm32l5xx_hal.o
                0x00000000200000d8                uwTick
                0x00000000200000dc                . = ALIGN (0x4)
                0x00000000200000dc                _ebss = .
                0x00000000200000dc                __bss_end__ = _ebss

._user_heap_stack
                0x00000000200000dc      0x604 load address 0x0000000008003990
                0x00000000200000e0                . = ALIGN (0x8)
 *fill*         0x00000000200000dc        0x4 
                [!provide]                        PROVIDE (end = .)
                0x00000000200000e0                PROVIDE (_end = .)
                0x00000000200002e0                . = (. + _Min_Heap_Size)
 *fill*         0x00000000200000e0      0x200 
                0x00000000200006e0                . = (. + _Min_Stack_Size)
 *fill*         0x00000000200002e0      0x400 
                0x00000000200006e0                . = ALIGN (0x8)

/DISCARD/
 libc.a(*)
 libm.a(*)
 libgcc.a(*)

.ARM.attributes
                0x0000000000000000       0x36
 *(.ARM.attributes)
 .ARM.attributes
                0x0000000000000000       0x22 c:/st/stm32cubeide_1.8.0/stm32cubeide/plugins/com.st.stm32cube.ide.mcu.externaltools.gnu-tools-for-stm32.9-2020-q2-update.win32_2.0.0.202105311346/tools/bin/../lib/gcc/arm-none-eabi/9.3.1/thumb/v8-m.main+fp/hard/crti.o
 .ARM.attributes
                0x0000000000000022       0x38 c:/st/stm32cubeide_1.8.0/stm32cubeide/plugins/com.st.stm32cube.ide.mcu.externaltools.gnu-tools-for-stm32.9-2020-q2-update.win32_2.0.0.202105311346/tools/bin/../lib/gcc/arm-none-eabi/9.3.1/thumb/v8-m.main+fp/hard/crtbegin.o
 .ARM.attributes
                0x000000000000005a       0x3a ./Core/Src/NRFL01.o
 .ARM.attributes
                0x0000000000000094       0x3a ./Core/Src/main.o
 .ARM.attributes
                0x00000000000000ce       0x3a ./Core/Src/stm32l5xx_hal_msp.o
 .ARM.attributes
                0x0000000000000108       0x3a ./Core/Src/stm32l5xx_it.o
 .ARM.attributes
                0x0000000000000142       0x3a ./Core/Src/system_stm32l5xx.o
 .ARM.attributes
                0x000000000000017c       0x24 ./Core/Startup/startup_stm32l552zetxq.o
 .ARM.attributes
                0x00000000000001a0       0x3a ./Drivers/STM32L5xx_HAL_Driver/Src/stm32l5xx_hal.o
 .ARM.attributes
                0x00000000000001da       0x3a ./Drivers/STM32L5xx_HAL_Driver/Src/stm32l5xx_hal_cortex.o
 .ARM.attributes
                0x0000000000000214       0x3a ./Drivers/STM32L5xx_HAL_Driver/Src/stm32l5xx_hal_gpio.o
 .ARM.attributes
                0x000000000000024e       0x3a ./Drivers/STM32L5xx_HAL_Driver/Src/stm32l5xx_hal_pwr_ex.o
 .ARM.attributes
                0x0000000000000288       0x3a ./Drivers/STM32L5xx_HAL_Driver/Src/stm32l5xx_hal_rcc.o
 .ARM.attributes
                0x00000000000002c2       0x3a ./Drivers/STM32L5xx_HAL_Driver/Src/stm32l5xx_hal_spi.o
 .ARM.attributes
                0x00000000000002fc       0x3a ./Drivers/STM32L5xx_HAL_Driver/Src/stm32l5xx_hal_tim.o
 .ARM.attributes
                0x0000000000000336       0x3a ./Drivers/STM32L5xx_HAL_Driver/Src/stm32l5xx_hal_tim_ex.o
 .ARM.attributes
                0x0000000000000370       0x38 c:/st/stm32cubeide_1.8.0/stm32cubeide/plugins/com.st.stm32cube.ide.mcu.externaltools.gnu-tools-for-stm32.9-2020-q2-update.win32_2.0.0.202105311346/tools/bin/../lib/gcc/arm-none-eabi/9.3.1/../../../../arm-none-eabi/lib/thumb/v8-m.main+fp/hard\libc_nano.a(lib_a-init.o)
 .ARM.attributes
                0x00000000000003a8       0x38 c:/st/stm32cubeide_1.8.0/stm32cubeide/plugins/com.st.stm32cube.ide.mcu.externaltools.gnu-tools-for-stm32.9-2020-q2-update.win32_2.0.0.202105311346/tools/bin/../lib/gcc/arm-none-eabi/9.3.1/../../../../arm-none-eabi/lib/thumb/v8-m.main+fp/hard\libc_nano.a(lib_a-memset.o)
 .ARM.attributes
                0x00000000000003e0       0x22 c:/st/stm32cubeide_1.8.0/stm32cubeide/plugins/com.st.stm32cube.ide.mcu.externaltools.gnu-tools-for-stm32.9-2020-q2-update.win32_2.0.0.202105311346/tools/bin/../lib/gcc/arm-none-eabi/9.3.1/thumb/v8-m.main+fp/hard/crtn.o
OUTPUT(Slave_NRF24_Receiver.elf elf32-littlearm)
LOAD linker stubs
LOAD c:/st/stm32cubeide_1.8.0/stm32cubeide/plugins/com.st.stm32cube.ide.mcu.externaltools.gnu-tools-for-stm32.9-2020-q2-update.win32_2.0.0.202105311346/tools/bin/../lib/gcc/arm-none-eabi/9.3.1/../../../../arm-none-eabi/lib/thumb/v8-m.main+fp/hard\libc.a
LOAD c:/st/stm32cubeide_1.8.0/stm32cubeide/plugins/com.st.stm32cube.ide.mcu.externaltools.gnu-tools-for-stm32.9-2020-q2-update.win32_2.0.0.202105311346/tools/bin/../lib/gcc/arm-none-eabi/9.3.1/../../../../arm-none-eabi/lib/thumb/v8-m.main+fp/hard\libm.a
LOAD c:/st/stm32cubeide_1.8.0/stm32cubeide/plugins/com.st.stm32cube.ide.mcu.externaltools.gnu-tools-for-stm32.9-2020-q2-update.win32_2.0.0.202105311346/tools/bin/../lib/gcc/arm-none-eabi/9.3.1/thumb/v8-m.main+fp/hard\libgcc.a

.debug_info     0x0000000000000000     0xf2b2
 .debug_info    0x0000000000000000      0xd1d ./Core/Src/NRFL01.o
 .debug_info    0x0000000000000d1d     0x1d4d ./Core/Src/main.o
 .debug_info    0x0000000000002a6a     0x1182 ./Core/Src/stm32l5xx_hal_msp.o
 .debug_info    0x0000000000003bec      0x2f0 ./Core/Src/stm32l5xx_it.o
 .debug_info    0x0000000000003edc      0x925 ./Core/Src/system_stm32l5xx.o
 .debug_info    0x0000000000004801       0x22 ./Core/Startup/startup_stm32l552zetxq.o
 .debug_info    0x0000000000004823      0xe26 ./Drivers/STM32L5xx_HAL_Driver/Src/stm32l5xx_hal.o
 .debug_info    0x0000000000005649     0x1301 ./Drivers/STM32L5xx_HAL_Driver/Src/stm32l5xx_hal_cortex.o
 .debug_info    0x000000000000694a      0x80f ./Drivers/STM32L5xx_HAL_Driver/Src/stm32l5xx_hal_gpio.o
 .debug_info    0x0000000000007159      0xf86 ./Drivers/STM32L5xx_HAL_Driver/Src/stm32l5xx_hal_pwr_ex.o
 .debug_info    0x00000000000080df     0x111e ./Drivers/STM32L5xx_HAL_Driver/Src/stm32l5xx_hal_rcc.o
 .debug_info    0x00000000000091fd     0x19b7 ./Drivers/STM32L5xx_HAL_Driver/Src/stm32l5xx_hal_spi.o
 .debug_info    0x000000000000abb4     0x2d78 ./Drivers/STM32L5xx_HAL_Driver/Src/stm32l5xx_hal_tim.o
 .debug_info    0x000000000000d92c     0x1986 ./Drivers/STM32L5xx_HAL_Driver/Src/stm32l5xx_hal_tim_ex.o

.debug_abbrev   0x0000000000000000     0x1db1
 .debug_abbrev  0x0000000000000000      0x259 ./Core/Src/NRFL01.o
 .debug_abbrev  0x0000000000000259      0x2e3 ./Core/Src/main.o
 .debug_abbrev  0x000000000000053c      0x1fb ./Core/Src/stm32l5xx_hal_msp.o
 .debug_abbrev  0x0000000000000737       0xf2 ./Core/Src/stm32l5xx_it.o
 .debug_abbrev  0x0000000000000829      0x176 ./Core/Src/system_stm32l5xx.o
 .debug_abbrev  0x000000000000099f       0x12 ./Core/Startup/startup_stm32l552zetxq.o
 .debug_abbrev  0x00000000000009b1      0x29d ./Drivers/STM32L5xx_HAL_Driver/Src/stm32l5xx_hal.o
 .debug_abbrev  0x0000000000000c4e      0x343 ./Drivers/STM32L5xx_HAL_Driver/Src/stm32l5xx_hal_cortex.o
 .debug_abbrev  0x0000000000000f91      0x1df ./Drivers/STM32L5xx_HAL_Driver/Src/stm32l5xx_hal_gpio.o
 .debug_abbrev  0x0000000000001170      0x283 ./Drivers/STM32L5xx_HAL_Driver/Src/stm32l5xx_hal_pwr_ex.o
 .debug_abbrev  0x00000000000013f3      0x2a6 ./Drivers/STM32L5xx_HAL_Driver/Src/stm32l5xx_hal_rcc.o
 .debug_abbrev  0x0000000000001699      0x254 ./Drivers/STM32L5xx_HAL_Driver/Src/stm32l5xx_hal_spi.o
 .debug_abbrev  0x00000000000018ed      0x25e ./Drivers/STM32L5xx_HAL_Driver/Src/stm32l5xx_hal_tim.o
 .debug_abbrev  0x0000000000001b4b      0x266 ./Drivers/STM32L5xx_HAL_Driver/Src/stm32l5xx_hal_tim_ex.o

.debug_aranges  0x0000000000000000      0xe38
 .debug_aranges
                0x0000000000000000       0xa0 ./Core/Src/NRFL01.o
 .debug_aranges
                0x00000000000000a0       0x48 ./Core/Src/main.o
 .debug_aranges
                0x00000000000000e8       0x40 ./Core/Src/stm32l5xx_hal_msp.o
 .debug_aranges
                0x0000000000000128       0x60 ./Core/Src/stm32l5xx_it.o
 .debug_aranges
                0x0000000000000188       0x28 ./Core/Src/system_stm32l5xx.o
 .debug_aranges
                0x00000000000001b0       0x28 ./Core/Startup/startup_stm32l552zetxq.o
 .debug_aranges
                0x00000000000001d8      0x130 ./Drivers/STM32L5xx_HAL_Driver/Src/stm32l5xx_hal.o
 .debug_aranges
                0x0000000000000308      0x130 ./Drivers/STM32L5xx_HAL_Driver/Src/stm32l5xx_hal_cortex.o
 .debug_aranges
                0x0000000000000438       0x60 ./Drivers/STM32L5xx_HAL_Driver/Src/stm32l5xx_hal_gpio.o
 .debug_aranges
                0x0000000000000498      0x1b8 ./Drivers/STM32L5xx_HAL_Driver/Src/stm32l5xx_hal_pwr_ex.o
 .debug_aranges
                0x0000000000000650       0xa0 ./Drivers/STM32L5xx_HAL_Driver/Src/stm32l5xx_hal_rcc.o
 .debug_aranges
                0x00000000000006f0      0x1d8 ./Drivers/STM32L5xx_HAL_Driver/Src/stm32l5xx_hal_spi.o
 .debug_aranges
                0x00000000000008c8      0x3e0 ./Drivers/STM32L5xx_HAL_Driver/Src/stm32l5xx_hal_tim.o
 .debug_aranges
                0x0000000000000ca8      0x190 ./Drivers/STM32L5xx_HAL_Driver/Src/stm32l5xx_hal_tim_ex.o

.debug_ranges   0x0000000000000000      0xd60
 .debug_ranges  0x0000000000000000       0x90 ./Core/Src/NRFL01.o
 .debug_ranges  0x0000000000000090       0x38 ./Core/Src/main.o
 .debug_ranges  0x00000000000000c8       0x30 ./Core/Src/stm32l5xx_hal_msp.o
 .debug_ranges  0x00000000000000f8       0x50 ./Core/Src/stm32l5xx_it.o
 .debug_ranges  0x0000000000000148       0x18 ./Core/Src/system_stm32l5xx.o
 .debug_ranges  0x0000000000000160       0x20 ./Core/Startup/startup_stm32l552zetxq.o
 .debug_ranges  0x0000000000000180      0x120 ./Drivers/STM32L5xx_HAL_Driver/Src/stm32l5xx_hal.o
 .debug_ranges  0x00000000000002a0      0x120 ./Drivers/STM32L5xx_HAL_Driver/Src/stm32l5xx_hal_cortex.o
 .debug_ranges  0x00000000000003c0       0x50 ./Drivers/STM32L5xx_HAL_Driver/Src/stm32l5xx_hal_gpio.o
 .debug_ranges  0x0000000000000410      0x1a8 ./Drivers/STM32L5xx_HAL_Driver/Src/stm32l5xx_hal_pwr_ex.o
 .debug_ranges  0x00000000000005b8       0x90 ./Drivers/STM32L5xx_HAL_Driver/Src/stm32l5xx_hal_rcc.o
 .debug_ranges  0x0000000000000648      0x1c8 ./Drivers/STM32L5xx_HAL_Driver/Src/stm32l5xx_hal_spi.o
 .debug_ranges  0x0000000000000810      0x3d0 ./Drivers/STM32L5xx_HAL_Driver/Src/stm32l5xx_hal_tim.o
 .debug_ranges  0x0000000000000be0      0x180 ./Drivers/STM32L5xx_HAL_Driver/Src/stm32l5xx_hal_tim_ex.o

.debug_macro    0x0000000000000000    0x284d6
 .debug_macro   0x0000000000000000      0x218 ./Core/Src/NRFL01.o
 .debug_macro   0x0000000000000218      0xaae ./Core/Src/NRFL01.o
 .debug_macro   0x0000000000000cc6      0x196 ./Core/Src/NRFL01.o
 .debug_macro   0x0000000000000e5c       0x2e ./Core/Src/NRFL01.o
 .debug_macro   0x0000000000000e8a       0x42 ./Core/Src/NRFL01.o
 .debug_macro   0x0000000000000ecc       0x22 ./Core/Src/NRFL01.o
 .debug_macro   0x0000000000000eee       0x8e ./Core/Src/NRFL01.o
 .debug_macro   0x0000000000000f7c       0x51 ./Core/Src/NRFL01.o
 .debug_macro   0x0000000000000fcd      0x103 ./Core/Src/NRFL01.o
 .debug_macro   0x00000000000010d0       0x6a ./Core/Src/NRFL01.o
 .debug_macro   0x000000000000113a      0x1df ./Core/Src/NRFL01.o
 .debug_macro   0x0000000000001319       0x1c ./Core/Src/NRFL01.o
 .debug_macro   0x0000000000001335       0x29 ./Core/Src/NRFL01.o
 .debug_macro   0x000000000000135e      0x101 ./Core/Src/NRFL01.o
 .debug_macro   0x000000000000145f     0x1336 ./Core/Src/NRFL01.o
 .debug_macro   0x0000000000002795       0x5e ./Core/Src/NRFL01.o
 .debug_macro   0x00000000000027f3    0x1ac8f ./Core/Src/NRFL01.o
 .debug_macro   0x000000000001d482       0x42 ./Core/Src/NRFL01.o
 .debug_macro   0x000000000001d4c4     0x34df ./Core/Src/NRFL01.o
 .debug_macro   0x00000000000209a3      0x174 ./Core/Src/NRFL01.o
 .debug_macro   0x0000000000020b17       0x5c ./Core/Src/NRFL01.o
 .debug_macro   0x0000000000020b73     0x1948 ./Core/Src/NRFL01.o
 .debug_macro   0x00000000000224bb      0xa4b ./Core/Src/NRFL01.o
 .debug_macro   0x0000000000022f06      0x153 ./Core/Src/NRFL01.o
 .debug_macro   0x0000000000023059      0x1d9 ./Core/Src/NRFL01.o
 .debug_macro   0x0000000000023232      0x4e1 ./Core/Src/NRFL01.o
 .debug_macro   0x0000000000023713      0x1ac ./Core/Src/NRFL01.o
 .debug_macro   0x00000000000238bf       0x4a ./Core/Src/NRFL01.o
 .debug_macro   0x0000000000023909      0x1ba ./Core/Src/NRFL01.o
 .debug_macro   0x0000000000023ac3      0x231 ./Core/Src/NRFL01.o
 .debug_macro   0x0000000000023cf4      0x3bb ./Core/Src/NRFL01.o
 .debug_macro   0x00000000000240af       0x36 ./Core/Src/NRFL01.o
 .debug_macro   0x00000000000240e5      0x11c ./Core/Src/NRFL01.o
 .debug_macro   0x0000000000024201      0x22c ./Core/Src/NRFL01.o
 .debug_macro   0x000000000002442d       0x5b ./Core/Src/NRFL01.o
 .debug_macro   0x0000000000024488       0xa5 ./Core/Src/NRFL01.o
 .debug_macro   0x000000000002452d       0xf3 ./Core/Src/NRFL01.o
 .debug_macro   0x0000000000024620      0x199 ./Core/Src/NRFL01.o
 .debug_macro   0x00000000000247b9      0x487 ./Core/Src/NRFL01.o
 .debug_macro   0x0000000000024c40      0x2fe ./Core/Src/NRFL01.o
 .debug_macro   0x0000000000024f3e      0xa98 ./Core/Src/NRFL01.o
 .debug_macro   0x00000000000259d6      0x186 ./Core/Src/NRFL01.o
 .debug_macro   0x0000000000025b5c      0x3f1 ./Core/Src/NRFL01.o
 .debug_macro   0x0000000000025f4d       0xee ./Core/Src/NRFL01.o
 .debug_macro   0x000000000002603b      0x393 ./Core/Src/main.o
 .debug_macro   0x00000000000263ce       0x52 ./Core/Src/main.o
 .debug_macro   0x0000000000026420       0x18 ./Core/Src/main.o
 .debug_macro   0x0000000000026438       0x3c ./Core/Src/main.o
 .debug_macro   0x0000000000026474       0x34 ./Core/Src/main.o
 .debug_macro   0x00000000000264a8       0x16 ./Core/Src/main.o
 .debug_macro   0x00000000000264be       0x35 ./Core/Src/main.o
 .debug_macro   0x00000000000264f3      0x333 ./Core/Src/main.o
 .debug_macro   0x0000000000026826       0x10 ./Core/Src/main.o
 .debug_macro   0x0000000000026836       0x16 ./Core/Src/main.o
 .debug_macro   0x000000000002684c       0x43 ./Core/Src/main.o
 .debug_macro   0x000000000002688f       0x34 ./Core/Src/main.o
 .debug_macro   0x00000000000268c3       0x10 ./Core/Src/main.o
 .debug_macro   0x00000000000268d3       0x58 ./Core/Src/main.o
 .debug_macro   0x000000000002692b       0x71 ./Core/Src/main.o
 .debug_macro   0x000000000002699c       0x1c ./Core/Src/main.o
 .debug_macro   0x00000000000269b8      0x12a ./Core/Src/main.o
 .debug_macro   0x0000000000026ae2       0x10 ./Core/Src/main.o
 .debug_macro   0x0000000000026af2       0x1c ./Core/Src/main.o
 .debug_macro   0x0000000000026b0e       0x52 ./Core/Src/main.o
 .debug_macro   0x0000000000026b60       0x22 ./Core/Src/main.o
 .debug_macro   0x0000000000026b82       0x10 ./Core/Src/main.o
 .debug_macro   0x0000000000026b92       0x40 ./Core/Src/main.o
 .debug_macro   0x0000000000026bd2       0xd5 ./Core/Src/main.o
 .debug_macro   0x0000000000026ca7       0x1c ./Core/Src/main.o
 .debug_macro   0x0000000000026cc3       0x3d ./Core/Src/main.o
 .debug_macro   0x0000000000026d00       0x16 ./Core/Src/main.o
 .debug_macro   0x0000000000026d16      0x145 ./Core/Src/main.o
 .debug_macro   0x0000000000026e5b       0x16 ./Core/Src/main.o
 .debug_macro   0x0000000000026e71       0x20 ./Core/Src/main.o
 .debug_macro   0x0000000000026e91      0x1fb ./Core/Src/stm32l5xx_hal_msp.o
 .debug_macro   0x000000000002708c      0x205 ./Core/Src/stm32l5xx_it.o
 .debug_macro   0x0000000000027291      0x1f1 ./Core/Src/system_stm32l5xx.o
 .debug_macro   0x0000000000027482      0x221 ./Drivers/STM32L5xx_HAL_Driver/Src/stm32l5xx_hal.o
 .debug_macro   0x00000000000276a3      0x1f1 ./Drivers/STM32L5xx_HAL_Driver/Src/stm32l5xx_hal_cortex.o
 .debug_macro   0x0000000000027894      0x224 ./Drivers/STM32L5xx_HAL_Driver/Src/stm32l5xx_hal_gpio.o
 .debug_macro   0x0000000000027ab8      0x221 ./Drivers/STM32L5xx_HAL_Driver/Src/stm32l5xx_hal_pwr_ex.o
 .debug_macro   0x0000000000027cd9      0x21b ./Drivers/STM32L5xx_HAL_Driver/Src/stm32l5xx_hal_rcc.o
 .debug_macro   0x0000000000027ef4      0x1f9 ./Drivers/STM32L5xx_HAL_Driver/Src/stm32l5xx_hal_spi.o
 .debug_macro   0x00000000000280ed      0x1f2 ./Drivers/STM32L5xx_HAL_Driver/Src/stm32l5xx_hal_tim.o
 .debug_macro   0x00000000000282df      0x1f7 ./Drivers/STM32L5xx_HAL_Driver/Src/stm32l5xx_hal_tim_ex.o

.debug_line     0x0000000000000000     0xeb19
 .debug_line    0x0000000000000000      0xa20 ./Core/Src/NRFL01.o
 .debug_line    0x0000000000000a20      0xb10 ./Core/Src/main.o
 .debug_line    0x0000000000001530      0x7b1 ./Core/Src/stm32l5xx_hal_msp.o
 .debug_line    0x0000000000001ce1      0x7ee ./Core/Src/stm32l5xx_it.o
 .debug_line    0x00000000000024cf      0x7c1 ./Core/Src/system_stm32l5xx.o
 .debug_line    0x0000000000002c90       0x88 ./Core/Startup/startup_stm32l552zetxq.o
 .debug_line    0x0000000000002d18      0xb36 ./Drivers/STM32L5xx_HAL_Driver/Src/stm32l5xx_hal.o
 .debug_line    0x000000000000384e      0xd2e ./Drivers/STM32L5xx_HAL_Driver/Src/stm32l5xx_hal_cortex.o
 .debug_line    0x000000000000457c      0xb7d ./Drivers/STM32L5xx_HAL_Driver/Src/stm32l5xx_hal_gpio.o
 .debug_line    0x00000000000050f9      0xede ./Drivers/STM32L5xx_HAL_Driver/Src/stm32l5xx_hal_pwr_ex.o
 .debug_line    0x0000000000005fd7     0x126f ./Drivers/STM32L5xx_HAL_Driver/Src/stm32l5xx_hal_rcc.o
 .debug_line    0x0000000000007246     0x1f44 ./Drivers/STM32L5xx_HAL_Driver/Src/stm32l5xx_hal_spi.o
 .debug_line    0x000000000000918a     0x3ca1 ./Drivers/STM32L5xx_HAL_Driver/Src/stm32l5xx_hal_tim.o
 .debug_line    0x000000000000ce2b     0x1cee ./Drivers/STM32L5xx_HAL_Driver/Src/stm32l5xx_hal_tim_ex.o

.debug_str      0x0000000000000000   0x104235
 .debug_str     0x0000000000000000    0xfc013 ./Core/Src/NRFL01.o
                                      0xfc377 (size before relaxing)
 .debug_str     0x00000000000fc013     0x47f4 ./Core/Src/main.o
                                     0x100ac0 (size before relaxing)
 .debug_str     0x0000000000100807       0x89 ./Core/Src/stm32l5xx_hal_msp.o
                                      0xfc4e6 (size before relaxing)
 .debug_str     0x0000000000100890       0xbd ./Core/Src/stm32l5xx_it.o
                                      0xfbaf0 (size before relaxing)
 .debug_str     0x000000000010094d      0x148 ./Core/Src/system_stm32l5xx.o
                                      0xfbd38 (size before relaxing)
 .debug_str     0x0000000000100a95       0x37 ./Core/Startup/startup_stm32l552zetxq.o
                                         0x6b (size before relaxing)
 .debug_str     0x0000000000100acc      0xaed ./Drivers/STM32L5xx_HAL_Driver/Src/stm32l5xx_hal.o
                                      0xfc7f3 (size before relaxing)
 .debug_str     0x00000000001015b9      0x3fe ./Drivers/STM32L5xx_HAL_Driver/Src/stm32l5xx_hal_cortex.o
                                      0xfc6de (size before relaxing)
 .debug_str     0x00000000001019b7      0x28e ./Drivers/STM32L5xx_HAL_Driver/Src/stm32l5xx_hal_gpio.o
                                      0xfbdc8 (size before relaxing)
 .debug_str     0x0000000000101c45      0x73a ./Drivers/STM32L5xx_HAL_Driver/Src/stm32l5xx_hal_pwr_ex.o
                                      0xfc4b3 (size before relaxing)
 .debug_str     0x000000000010237f      0x403 ./Drivers/STM32L5xx_HAL_Driver/Src/stm32l5xx_hal_rcc.o
                                      0xfc2e9 (size before relaxing)
 .debug_str     0x0000000000102782      0x58c ./Drivers/STM32L5xx_HAL_Driver/Src/stm32l5xx_hal_spi.o
                                      0xfc524 (size before relaxing)
 .debug_str     0x0000000000102d0e      0xe48 ./Drivers/STM32L5xx_HAL_Driver/Src/stm32l5xx_hal_tim.o
                                      0xfcff2 (size before relaxing)
 .debug_str     0x0000000000103b56      0x6df ./Drivers/STM32L5xx_HAL_Driver/Src/stm32l5xx_hal_tim_ex.o
                                      0xfc93d (size before relaxing)

.comment        0x0000000000000000       0x53
 .comment       0x0000000000000000       0x53 ./Core/Src/NRFL01.o
                                         0x54 (size before relaxing)
 .comment       0x0000000000000053       0x54 ./Core/Src/main.o
 .comment       0x0000000000000053       0x54 ./Core/Src/stm32l5xx_hal_msp.o
 .comment       0x0000000000000053       0x54 ./Core/Src/stm32l5xx_it.o
 .comment       0x0000000000000053       0x54 ./Core/Src/system_stm32l5xx.o
 .comment       0x0000000000000053       0x54 ./Drivers/STM32L5xx_HAL_Driver/Src/stm32l5xx_hal.o
 .comment       0x0000000000000053       0x54 ./Drivers/STM32L5xx_HAL_Driver/Src/stm32l5xx_hal_cortex.o
 .comment       0x0000000000000053       0x54 ./Drivers/STM32L5xx_HAL_Driver/Src/stm32l5xx_hal_gpio.o
 .comment       0x0000000000000053       0x54 ./Drivers/STM32L5xx_HAL_Driver/Src/stm32l5xx_hal_pwr_ex.o
 .comment       0x0000000000000053       0x54 ./Drivers/STM32L5xx_HAL_Driver/Src/stm32l5xx_hal_rcc.o
 .comment       0x0000000000000053       0x54 ./Drivers/STM32L5xx_HAL_Driver/Src/stm32l5xx_hal_spi.o
 .comment       0x0000000000000053       0x54 ./Drivers/STM32L5xx_HAL_Driver/Src/stm32l5xx_hal_tim.o
 .comment       0x0000000000000053       0x54 ./Drivers/STM32L5xx_HAL_Driver/Src/stm32l5xx_hal_tim_ex.o

.debug_frame    0x0000000000000000     0x3b94
 .debug_frame   0x0000000000000000      0x250 ./Core/Src/NRFL01.o
 .debug_frame   0x0000000000000250       0xd0 ./Core/Src/main.o
 .debug_frame   0x0000000000000320       0xcc ./Core/Src/stm32l5xx_hal_msp.o
 .debug_frame   0x00000000000003ec      0x104 ./Core/Src/stm32l5xx_it.o
 .debug_frame   0x00000000000004f0       0x58 ./Core/Src/system_stm32l5xx.o
 .debug_frame   0x0000000000000548      0x4a4 ./Drivers/STM32L5xx_HAL_Driver/Src/stm32l5xx_hal.o
 .debug_frame   0x00000000000009ec      0x508 ./Drivers/STM32L5xx_HAL_Driver/Src/stm32l5xx_hal_cortex.o
 .debug_frame   0x0000000000000ef4      0x174 ./Drivers/STM32L5xx_HAL_Driver/Src/stm32l5xx_hal_gpio.o
 .debug_frame   0x0000000000001068      0x6fc ./Drivers/STM32L5xx_HAL_Driver/Src/stm32l5xx_hal_pwr_ex.o
 .debug_frame   0x0000000000001764      0x270 ./Drivers/STM32L5xx_HAL_Driver/Src/stm32l5xx_hal_rcc.o
 .debug_frame   0x00000000000019d4      0x860 ./Drivers/STM32L5xx_HAL_Driver/Src/stm32l5xx_hal_spi.o
 .debug_frame   0x0000000000002234     0x1218 ./Drivers/STM32L5xx_HAL_Driver/Src/stm32l5xx_hal_tim.o
 .debug_frame   0x000000000000344c      0x6fc ./Drivers/STM32L5xx_HAL_Driver/Src/stm32l5xx_hal_tim_ex.o
 .debug_frame   0x0000000000003b48       0x2c c:/st/stm32cubeide_1.8.0/stm32cubeide/plugins/com.st.stm32cube.ide.mcu.externaltools.gnu-tools-for-stm32.9-2020-q2-update.win32_2.0.0.202105311346/tools/bin/../lib/gcc/arm-none-eabi/9.3.1/../../../../arm-none-eabi/lib/thumb/v8-m.main+fp/hard\libc_nano.a(lib_a-init.o)
 .debug_frame   0x0000000000003b74       0x20 c:/st/stm32cubeide_1.8.0/stm32cubeide/plugins/com.st.stm32cube.ide.mcu.externaltools.gnu-tools-for-stm32.9-2020-q2-update.win32_2.0.0.202105311346/tools/bin/../lib/gcc/arm-none-eabi/9.3.1/../../../../arm-none-eabi/lib/thumb/v8-m.main+fp/hard\libc_nano.a(lib_a-memset.o)
