Archive member included to satisfy reference by file (symbol)

c:/st/stm32cubeide_1.8.0/stm32cubeide/plugins/com.st.stm32cube.ide.mcu.externaltools.gnu-tools-for-stm32.9-2020-q2-update.win32_2.0.0.202105311346/tools/bin/../lib/gcc/arm-none-eabi/9.3.1/../../../../arm-none-eabi/lib/thumb/v8-m.main+fp/hard\libc_nano.a(lib_a-atoi.o)
                              ./Core/Src/NMEA.o (atoi)
c:/st/stm32cubeide_1.8.0/stm32cubeide/plugins/com.st.stm32cube.ide.mcu.externaltools.gnu-tools-for-stm32.9-2020-q2-update.win32_2.0.0.202105311346/tools/bin/../lib/gcc/arm-none-eabi/9.3.1/../../../../arm-none-eabi/lib/thumb/v8-m.main+fp/hard\libc_nano.a(lib_a-errno.o)
                              ./Core/Src/syscalls.o (__errno)
c:/st/stm32cubeide_1.8.0/stm32cubeide/plugins/com.st.stm32cube.ide.mcu.externaltools.gnu-tools-for-stm32.9-2020-q2-update.win32_2.0.0.202105311346/tools/bin/../lib/gcc/arm-none-eabi/9.3.1/../../../../arm-none-eabi/lib/thumb/v8-m.main+fp/hard\libc_nano.a(lib_a-exit.o)
                              c:/st/stm32cubeide_1.8.0/stm32cubeide/plugins/com.st.stm32cube.ide.mcu.externaltools.gnu-tools-for-stm32.9-2020-q2-update.win32_2.0.0.202105311346/tools/bin/../lib/gcc/arm-none-eabi/9.3.1/../../../../arm-none-eabi/lib/thumb/v8-m.main+fp/hard/crt0.o (exit)
c:/st/stm32cubeide_1.8.0/stm32cubeide/plugins/com.st.stm32cube.ide.mcu.externaltools.gnu-tools-for-stm32.9-2020-q2-update.win32_2.0.0.202105311346/tools/bin/../lib/gcc/arm-none-eabi/9.3.1/../../../../arm-none-eabi/lib/thumb/v8-m.main+fp/hard\libc_nano.a(lib_a-impure.o)
                              c:/st/stm32cubeide_1.8.0/stm32cubeide/plugins/com.st.stm32cube.ide.mcu.externaltools.gnu-tools-for-stm32.9-2020-q2-update.win32_2.0.0.202105311346/tools/bin/../lib/gcc/arm-none-eabi/9.3.1/../../../../arm-none-eabi/lib/thumb/v8-m.main+fp/hard\libc_nano.a(lib_a-exit.o) (_global_impure_ptr)
c:/st/stm32cubeide_1.8.0/stm32cubeide/plugins/com.st.stm32cube.ide.mcu.externaltools.gnu-tools-for-stm32.9-2020-q2-update.win32_2.0.0.202105311346/tools/bin/../lib/gcc/arm-none-eabi/9.3.1/../../../../arm-none-eabi/lib/thumb/v8-m.main+fp/hard\libc_nano.a(lib_a-init.o)
                              c:/st/stm32cubeide_1.8.0/stm32cubeide/plugins/com.st.stm32cube.ide.mcu.externaltools.gnu-tools-for-stm32.9-2020-q2-update.win32_2.0.0.202105311346/tools/bin/../lib/gcc/arm-none-eabi/9.3.1/../../../../arm-none-eabi/lib/thumb/v8-m.main+fp/hard/crt0.o (__libc_init_array)
c:/st/stm32cubeide_1.8.0/stm32cubeide/plugins/com.st.stm32cube.ide.mcu.externaltools.gnu-tools-for-stm32.9-2020-q2-update.win32_2.0.0.202105311346/tools/bin/../lib/gcc/arm-none-eabi/9.3.1/../../../../arm-none-eabi/lib/thumb/v8-m.main+fp/hard\libc_nano.a(lib_a-memset.o)
                              c:/st/stm32cubeide_1.8.0/stm32cubeide/plugins/com.st.stm32cube.ide.mcu.externaltools.gnu-tools-for-stm32.9-2020-q2-update.win32_2.0.0.202105311346/tools/bin/../lib/gcc/arm-none-eabi/9.3.1/../../../../arm-none-eabi/lib/thumb/v8-m.main+fp/hard/crt0.o (memset)
c:/st/stm32cubeide_1.8.0/stm32cubeide/plugins/com.st.stm32cube.ide.mcu.externaltools.gnu-tools-for-stm32.9-2020-q2-update.win32_2.0.0.202105311346/tools/bin/../lib/gcc/arm-none-eabi/9.3.1/../../../../arm-none-eabi/lib/thumb/v8-m.main+fp/hard\libc_nano.a(lib_a-strlen.o)
                              ./Core/Src/NMEA.o (strlen)
c:/st/stm32cubeide_1.8.0/stm32cubeide/plugins/com.st.stm32cube.ide.mcu.externaltools.gnu-tools-for-stm32.9-2020-q2-update.win32_2.0.0.202105311346/tools/bin/../lib/gcc/arm-none-eabi/9.3.1/../../../../arm-none-eabi/lib/thumb/v8-m.main+fp/hard\libc_nano.a(lib_a-strtol.o)
                              c:/st/stm32cubeide_1.8.0/stm32cubeide/plugins/com.st.stm32cube.ide.mcu.externaltools.gnu-tools-for-stm32.9-2020-q2-update.win32_2.0.0.202105311346/tools/bin/../lib/gcc/arm-none-eabi/9.3.1/../../../../arm-none-eabi/lib/thumb/v8-m.main+fp/hard\libc_nano.a(lib_a-atoi.o) (_strtol_r)
c:/st/stm32cubeide_1.8.0/stm32cubeide/plugins/com.st.stm32cube.ide.mcu.externaltools.gnu-tools-for-stm32.9-2020-q2-update.win32_2.0.0.202105311346/tools/bin/../lib/gcc/arm-none-eabi/9.3.1/../../../../arm-none-eabi/lib/thumb/v8-m.main+fp/hard\libc_nano.a(lib_a-ctype_.o)
                              c:/st/stm32cubeide_1.8.0/stm32cubeide/plugins/com.st.stm32cube.ide.mcu.externaltools.gnu-tools-for-stm32.9-2020-q2-update.win32_2.0.0.202105311346/tools/bin/../lib/gcc/arm-none-eabi/9.3.1/../../../../arm-none-eabi/lib/thumb/v8-m.main+fp/hard\libc_nano.a(lib_a-strtol.o) (_ctype_)
c:/st/stm32cubeide_1.8.0/stm32cubeide/plugins/com.st.stm32cube.ide.mcu.externaltools.gnu-tools-for-stm32.9-2020-q2-update.win32_2.0.0.202105311346/tools/bin/../lib/gcc/arm-none-eabi/9.3.1/../../../../arm-none-eabi/lib/thumb/v8-m.main+fp/hard\libm.a(lib_a-w_pow.o)
                              ./Core/Src/NMEA.o (pow)
[...]
Memory Configuration

Name             Origin             Length             Attributes
RAM              0x0000000020000000 0x0000000000040000 xrw
FLASH            0x0000000008000000 0x0000000000080000 xr
*default*        0x0000000000000000 0xffffffffffffffff

Linker script and memory map

LOAD c:/st/stm32cubeide_1.8.0/stm32cubeide/plugins/com.st.stm32cube.ide.mcu.externaltools.gnu-tools-for-stm32.9-2020-q2-update.win32_2.0.0.202105311346/tools/bin/../lib/gcc/arm-none-eabi/9.3.1/thumb/v8-m.main+fp/hard/crti.o
LOAD c:/st/stm32cubeide_1.8.0/stm32cubeide/plugins/com.st.stm32cube.ide.mcu.externaltools.gnu-tools-for-stm32.9-2020-q2-update.win32_2.0.0.202105311346/tools/bin/../lib/gcc/arm-none-eabi/9.3.1/thumb/v8-m.main+fp/hard/crtbegin.o
LOAD c:/st/stm32cubeide_1.8.0/stm32cubeide/plugins/com.st.stm32cube.ide.mcu.externaltools.gnu-tools-for-stm32.9-2020-q2-update.win32_2.0.0.202105311346/tools/bin/../lib/gcc/arm-none-eabi/9.3.1/../../../../arm-none-eabi/lib/thumb/v8-m.main+fp/hard/crt0.o
LOAD ./Core/Src/NMEA.o
LOAD ./Core/Src/main.o
LOAD ./Core/Src/stm32l5xx_hal_msp.o
LOAD ./Core/Src/stm32l5xx_it.o
LOAD ./Core/Src/syscalls.o
LOAD ./Core/Src/sysmem.o
LOAD ./Core/Src/system_stm32l5xx.o
LOAD ./Core/Src/uartRingBuffer.o
LOAD ./Core/Startup/startup_stm32l552zetxq.o
LOAD ./Drivers/STM32L5xx_HAL_Driver/Src/stm32l5xx_hal.o
LOAD ./Drivers/STM32L5xx_HAL_Driver/Src/stm32l5xx_hal_cortex.o
LOAD ./Drivers/STM32L5xx_HAL_Driver/Src/stm32l5xx_hal_dma.o
LOAD ./Drivers/STM32L5xx_HAL_Driver/Src/stm32l5xx_hal_dma_ex.o
LOAD ./Drivers/STM32L5xx_HAL_Driver/Src/stm32l5xx_hal_exti.o
LOAD ./Drivers/STM32L5xx_HAL_Driver/Src/stm32l5xx_hal_flash.o
LOAD ./Drivers/STM32L5xx_HAL_Driver/Src/stm32l5xx_hal_flash_ex.o
LOAD ./Drivers/STM32L5xx_HAL_Driver/Src/stm32l5xx_hal_flash_ramfunc.o
LOAD ./Drivers/STM32L5xx_HAL_Driver/Src/stm32l5xx_hal_gpio.o
LOAD ./Drivers/STM32L5xx_HAL_Driver/Src/stm32l5xx_hal_i2c.o
LOAD ./Drivers/STM32L5xx_HAL_Driver/Src/stm32l5xx_hal_i2c_ex.o
LOAD ./Drivers/STM32L5xx_HAL_Driver/Src/stm32l5xx_hal_icache.o
LOAD ./Drivers/STM32L5xx_HAL_Driver/Src/stm32l5xx_hal_pwr.o
LOAD ./Drivers/STM32L5xx_HAL_Driver/Src/stm32l5xx_hal_pwr_ex.o
LOAD ./Drivers/STM32L5xx_HAL_Driver/Src/stm32l5xx_hal_rcc.o
LOAD ./Drivers/STM32L5xx_HAL_Driver/Src/stm32l5xx_hal_rcc_ex.o
LOAD ./Drivers/STM32L5xx_HAL_Driver/Src/stm32l5xx_hal_tim.o
LOAD ./Drivers/STM32L5xx_HAL_Driver/Src/stm32l5xx_hal_tim_ex.o
LOAD ./Drivers/STM32L5xx_HAL_Driver/Src/stm32l5xx_hal_uart.o
LOAD ./Drivers/STM32L5xx_HAL_Driver/Src/stm32l5xx_hal_uart_ex.o
START GROUP
LOAD c:/st/stm32cubeide_1.8.0/stm32cubeide/plugins/com.st.stm32cube.ide.mcu.externaltools.gnu-tools-for-stm32.9-2020-q2-update.win32_2.0.0.202105311346/tools/bin/../lib/gcc/arm-none-eabi/9.3.1/../../../../arm-none-eabi/lib/thumb/v8-m.main+fp/hard\libc_nano.a
LOAD c:/st/stm32cubeide_1.8.0/stm32cubeide/plugins/com.st.stm32cube.ide.mcu.externaltools.gnu-tools-for-stm32.9-2020-q2-update.win32_2.0.0.202105311346/tools/bin/../lib/gcc/arm-none-eabi/9.3.1/../../../../arm-none-eabi/lib/thumb/v8-m.main+fp/hard\libm.a
END GROUP
START GROUP
LOAD c:/st/stm32cubeide_1.8.0/stm32cubeide/plugins/com.st.stm32cube.ide.mcu.externaltools.gnu-tools-for-stm32.9-2020-q2-update.win32_2.0.0.202105311346/tools/bin/../lib/gcc/arm-none-eabi/9.3.1/thumb/v8-m.main+fp/hard\libgcc.a
LOAD c:/st/stm32cubeide_1.8.0/stm32cubeide/plugins/com.st.stm32cube.ide.mcu.externaltools.gnu-tools-for-stm32.9-2020-q2-update.win32_2.0.0.202105311346/tools/bin/../lib/gcc/arm-none-eabi/9.3.1/../../../../arm-none-eabi/lib/thumb/v8-m.main+fp/hard\libc_nano.a
END GROUP
START GROUP
LOAD c:/st/stm32cubeide_1.8.0/stm32cubeide/plugins/com.st.stm32cube.ide.mcu.externaltools.gnu-tools-for-stm32.9-2020-q2-update.win32_2.0.0.202105311346/tools/bin/../lib/gcc/arm-none-eabi/9.3.1/thumb/v8-m.main+fp/hard\libgcc.a
LOAD c:/st/stm32cubeide_1.8.0/stm32cubeide/plugins/com.st.stm32cube.ide.mcu.externaltools.gnu-tools-for-stm32.9-2020-q2-update.win32_2.0.0.202105311346/tools/bin/../lib/gcc/arm-none-eabi/9.3.1/../../../../arm-none-eabi/lib/thumb/v8-m.main+fp/hard\libc_nano.a
LOAD c:/st/stm32cubeide_1.8.0/stm32cubeide/plugins/com.st.stm32cube.ide.mcu.externaltools.gnu-tools-for-stm32.9-2020-q2-update.win32_2.0.0.202105311346/tools/bin/../lib/gcc/arm-none-eabi/9.3.1/../../../../arm-none-eabi/lib/thumb/v8-m.main+fp/hard\libnosys.a
END GROUP
START GROUP
LOAD c:/st/stm32cubeide_1.8.0/stm32cubeide/plugins/com.st.stm32cube.ide.mcu.externaltools.gnu-tools-for-stm32.9-2020-q2-update.win32_2.0.0.202105311346/tools/bin/../lib/gcc/arm-none-eabi/9.3.1/thumb/v8-m.main+fp/hard\libgcc.a
LOAD c:/st/stm32cubeide_1.8.0/stm32cubeide/plugins/com.st.stm32cube.ide.mcu.externaltools.gnu-tools-for-stm32.9-2020-q2-update.win32_2.0.0.202105311346/tools/bin/../lib/gcc/arm-none-eabi/9.3.1/../../../../arm-none-eabi/lib/thumb/v8-m.main+fp/hard\libc_nano.a
LOAD c:/st/stm32cubeide_1.8.0/stm32cubeide/plugins/com.st.stm32cube.ide.mcu.externaltools.gnu-tools-for-stm32.9-2020-q2-update.win32_2.0.0.202105311346/tools/bin/../lib/gcc/arm-none-eabi/9.3.1/../../../../arm-none-eabi/lib/thumb/v8-m.main+fp/hard\libnosys.a
END GROUP
LOAD c:/st/stm32cubeide_1.8.0/stm32cubeide/plugins/com.st.stm32cube.ide.mcu.externaltools.gnu-tools-for-stm32.9-2020-q2-update.win32_2.0.0.202105311346/tools/bin/../lib/gcc/arm-none-eabi/9.3.1/thumb/v8-m.main+fp/hard/crtend.o
LOAD c:/st/stm32cubeide_1.8.0/stm32cubeide/plugins/com.st.stm32cube.ide.mcu.externaltools.gnu-tools-for-stm32.9-2020-q2-update.win32_2.0.0.202105311346/tools/bin/../lib/gcc/arm-none-eabi/9.3.1/thumb/v8-m.main+fp/hard/crtn.o
                0x0000000020040000                _estack = (ORIGIN (RAM) + LENGTH (RAM))
                0x0000000000000200                _Min_Heap_Size = 0x200
                0x0000000000000400                _Min_Stack_Size = 0x400

.isr_vector     0x0000000008000000      0x1f4
                0x0000000008000000                . = ALIGN (0x4)
 *(.isr_vector)
 .isr_vector    0x0000000008000000      0x1f4 ./Core/Startup/startup_stm32l552zetxq.o
                0x0000000008000000                g_pfnVectors
                0x00000000080001f4                . = ALIGN (0x4)

.text           0x00000000080001f8     0x6544
                0x00000000080001f8                . = ALIGN (0x4)
 *(.text)
 .text          0x00000000080001f8       0x40 c:/st/stm32cubeide_1.8.0/stm32cubeide/plugins/com.st.stm32cube.ide.mcu.externaltools.gnu-tools-for-stm32.9-2020-q2-update.win32_2.0.0.202105311346/tools/bin/../lib/gcc/arm-none-eabi/9.3.1/thumb/v8-m.main+fp/hard/crtbegin.o
 .text          0x0000000008000238       0x10 c:/st/stm32cubeide_1.8.0/stm32cubeide/plugins/com.st.stm32cube.ide.mcu.externaltools.gnu-tools-for-stm32.9-2020-q2-update.win32_2.0.0.202105311346/tools/bin/../lib/gcc/arm-none-eabi/9.3.1/../../../../arm-none-eabi/lib/thumb/v8-m.main+fp/hard\libc_nano.a(lib_a-strlen.o)
                0x0000000008000238                strlen
 .text          0x0000000008000248      0x378 c:/st/stm32cubeide_1.8.0/stm32cubeide/plugins/com.st.stm32cube.ide.mcu.externaltools.gnu-tools-for-stm32.9-2020-q2-update.win32_2.0.0.202105311346/tools/bin/../lib/gcc/arm-none-eabi/9.3.1/thumb/v8-m.main+fp/hard\libgcc.a(_arm_addsubdf3.o)
                0x0000000008000248                __aeabi_drsub
                0x0000000008000250                __aeabi_dsub
                0x0000000008000250                __subdf3
                0x0000000008000254                __aeabi_dadd
                0x0000000008000254                __adddf3
                0x00000000080004cc                __floatunsidf
                0x00000000080004cc                __aeabi_ui2d
                0x00000000080004ec                __floatsidf
                0x00000000080004ec                __aeabi_i2d
                0x0000000008000510                __aeabi_f2d
                0x0000000008000510                __extendsfdf2
                0x0000000008000554                __floatundidf
                0x0000000008000554                __aeabi_ul2d
                0x0000000008000564                __floatdidf
                0x0000000008000564                __aeabi_l2d
 .text          0x00000000080005c0      0x424 c:/st/stm32cubeide_1.8.0/stm32cubeide/plugins/com.st.stm32cube.ide.mcu.externaltools.gnu-tools-for-stm32.9-2020-q2-update.win32_2.0.0.202105311346/tools/bin/../lib/gcc/arm-none-eabi/9.3.1/thumb/v8-m.main+fp/hard\libgcc.a(_arm_muldivdf3.o)
                0x00000000080005c0                __aeabi_dmul
                0x00000000080005c0                __muldf3
                0x0000000008000814                __divdf3
                0x0000000008000814                __aeabi_ddiv
 .text          0x00000000080009e4      0x110 c:/st/stm32cubeide_1.8.0/stm32cubeide/plugins/com.st.stm32cube.ide.mcu.externaltools.gnu-tools-for-stm32.9-2020-q2-update.win32_2.0.0.202105311346/tools/bin/../lib/gcc/arm-none-eabi/9.3.1/thumb/v8-m.main+fp/hard\libgcc.a(_arm_cmpdf2.o)
                0x00000000080009e4                __gtdf2
                0x00000000080009e4                __gedf2
                0x00000000080009ec                __ltdf2
                0x00000000080009ec                __ledf2
                0x00000000080009f4                __nedf2
                0x00000000080009f4                __eqdf2
                0x00000000080009f4                __cmpdf2
                0x0000000008000a70                __aeabi_cdrcmple
                0x0000000008000a80                __aeabi_cdcmpeq
                0x0000000008000a80                __aeabi_cdcmple
                0x0000000008000a90                __aeabi_dcmpeq
                0x0000000008000aa4                __aeabi_dcmplt
                0x0000000008000ab8                __aeabi_dcmple
                0x0000000008000acc                __aeabi_dcmpge
                0x0000000008000ae0                __aeabi_dcmpgt
 .text          0x0000000008000af4       0x2c c:/st/stm32cubeide_1.8.0/stm32cubeide/plugins/com.st.stm32cube.ide.mcu.externaltools.gnu-tools-for-stm32.9-2020-q2-update.win32_2.0.0.202105311346/tools/bin/../lib/gcc/arm-none-eabi/9.3.1/thumb/v8-m.main+fp/hard\libgcc.a(_arm_unorddf2.o)
                0x0000000008000af4                __unorddf2
                0x0000000008000af4                __aeabi_dcmpun
 .text          0x0000000008000b20       0xa0 c:/st/stm32cubeide_1.8.0/stm32cubeide/plugins/com.st.stm32cube.ide.mcu.externaltools.gnu-tools-for-stm32.9-2020-q2-update.win32_2.0.0.202105311346/tools/bin/../lib/gcc/arm-none-eabi/9.3.1/thumb/v8-m.main+fp/hard\libgcc.a(_arm_truncdfsf2.o)
                0x0000000008000b20                __truncdfsf2
                0x0000000008000b20                __aeabi_d2f
 .text          0x0000000008000bc0       0x30 c:/st/stm32cubeide_1.8.0/stm32cubeide/plugins/com.st.stm32cube.ide.mcu.externaltools.gnu-tools-for-stm32.9-2020-q2-update.win32_2.0.0.202105311346/tools/bin/../lib/gcc/arm-none-eabi/9.3.1/thumb/v8-m.main+fp/hard\libgcc.a(_aeabi_uldivmod.o)
                0x0000000008000bc0                __aeabi_uldivmod
 .text          0x0000000008000bf0      0x2e8 c:/st/stm32cubeide_1.8.0/stm32cubeide/plugins/com.st.stm32cube.ide.mcu.externaltools.gnu-tools-for-stm32.9-2020-q2-update.win32_2.0.0.202105311346/tools/bin/../lib/gcc/arm-none-eabi/9.3.1/thumb/v8-m.main+fp/hard\libgcc.a(_udivmoddi4.o)
                0x0000000008000bf0                __udivmoddi4
 .text          0x0000000008000ed8        0x4 c:/st/stm32cubeide_1.8.0/stm32cubeide/plugins/com.st.stm32cube.ide.mcu.externaltools.gnu-tools-for-stm32.9-2020-q2-update.win32_2.0.0.202105311346/tools/bin/../lib/gcc/arm-none-eabi/9.3.1/thumb/v8-m.main+fp/hard\libgcc.a(_dvmd_tls.o)
                0x0000000008000ed8                __aeabi_idiv0
                0x0000000008000ed8                __aeabi_ldiv0
 *(.text*)
 *fill*         0x0000000008000edc        0x4 
 .text.decodeGGA
                0x0000000008000ee0      0x754 ./Core/Src/NMEA.o
                0x0000000008000ee0                decodeGGA
 *fill*         0x0000000008001634        0x4 
 .text.decodeRMC
                0x0000000008001638      0x47c ./Core/Src/NMEA.o
                0x0000000008001638                decodeRMC
 .text.main     0x0000000008001ab4       0xb0 ./Core/Src/main.o
                0x0000000008001ab4                main
 .text.SystemClock_Config
                0x0000000008001b64       0x8c ./Core/Src/main.o
                0x0000000008001b64                SystemClock_Config
 .text.MX_USART2_UART_Init
                0x0000000008001bf0       0x98 ./Core/Src/main.o
 .text.MX_GPIO_Init
                0x0000000008001c88       0x30 ./Core/Src/main.o
 .text.Error_Handler
                0x0000000008001cb8        0xa ./Core/Src/main.o
                0x0000000008001cb8                Error_Handler
 *fill*         0x0000000008001cc2        0x2 
 .text.HAL_MspInit
                0x0000000008001cc4       0x48 ./Core/Src/stm32l5xx_hal_msp.o
                0x0000000008001cc4                HAL_MspInit
 .text.HAL_UART_MspInit
                0x0000000008001d0c       0xcc ./Core/Src/stm32l5xx_hal_msp.o
                0x0000000008001d0c                HAL_UART_MspInit
 .text.NMI_Handler
                0x0000000008001dd8        0x6 ./Core/Src/stm32l5xx_it.o
                0x0000000008001dd8                NMI_Handler
 .text.HardFault_Handler
                0x0000000008001dde        0x6 ./Core/Src/stm32l5xx_it.o
                0x0000000008001dde                HardFault_Handler
 .text.MemManage_Handler
                0x0000000008001de4        0x6 ./Core/Src/stm32l5xx_it.o
                0x0000000008001de4                MemManage_Handler
 .text.BusFault_Handler
                0x0000000008001dea        0x6 ./Core/Src/stm32l5xx_it.o
                0x0000000008001dea                BusFault_Handler
 .text.UsageFault_Handler
                0x0000000008001df0        0x6 ./Core/Src/stm32l5xx_it.o
                0x0000000008001df0                UsageFault_Handler
 .text.SVC_Handler
                0x0000000008001df6        0xe ./Core/Src/stm32l5xx_it.o
                0x0000000008001df6                SVC_Handler
 .text.DebugMon_Handler
                0x0000000008001e04        0xe ./Core/Src/stm32l5xx_it.o
                0x0000000008001e04                DebugMon_Handler
 .text.PendSV_Handler
                0x0000000008001e12        0xe ./Core/Src/stm32l5xx_it.o
                0x0000000008001e12                PendSV_Handler
 .text.SysTick_Handler
                0x0000000008001e20       0x24 ./Core/Src/stm32l5xx_it.o
                0x0000000008001e20                SysTick_Handler
 .text.USART2_IRQHandler
                0x0000000008001e44       0x14 ./Core/Src/stm32l5xx_it.o
                0x0000000008001e44                USART2_IRQHandler
 .text.SystemInit
                0x0000000008001e58       0x24 ./Core/Src/system_stm32l5xx.o
                0x0000000008001e58                SystemInit
 .text.SystemCoreClockUpdate
                0x0000000008001e7c      0x158 ./Core/Src/system_stm32l5xx.o
                0x0000000008001e7c                SystemCoreClockUpdate
 .text.Uart_read
                0x0000000008001fd4       0x58 ./Core/Src/uartRingBuffer.o
                0x0000000008001fd4                Uart_read
 .text.IsDataAvailable
                0x000000000800202c       0x34 ./Core/Src/uartRingBuffer.o
                0x000000000800202c                IsDataAvailable
 .text.Uart_peek
                0x0000000008002060       0x3c ./Core/Src/uartRingBuffer.o
                0x0000000008002060                Uart_peek
 .text.Copy_upto
                0x000000000800209c      0x100 ./Core/Src/uartRingBuffer.o
                0x000000000800209c                Copy_upto
 .text.Wait_for
                0x000000000800219c      0x110 ./Core/Src/uartRingBuffer.o
                0x000000000800219c                Wait_for
 .text.Reset_Handler
                0x00000000080022ac       0x50 ./Core/Startup/startup_stm32l552zetxq.o
                0x00000000080022ac                Reset_Handler
 .text.Default_Handler
                0x00000000080022fc        0x2 ./Core/Startup/startup_stm32l552zetxq.o
                0x00000000080022fc                EXTI2_IRQHandler
                0x00000000080022fc                TIM8_TRG_COM_IRQHandler
                0x00000000080022fc                TIM8_CC_IRQHandler
                0x00000000080022fc                EXTI5_IRQHandler
                0x00000000080022fc                FLASH_S_IRQHandler
                0x00000000080022fc                EXTI13_IRQHandler
                0x00000000080022fc                TIM1_CC_IRQHandler
                0x00000000080022fc                TSC_IRQHandler
                0x00000000080022fc                TAMP_IRQHandler
                0x00000000080022fc                TIM6_IRQHandler
                0x00000000080022fc                EXTI12_IRQHandler
                0x00000000080022fc                DMA2_Channel8_IRQHandler
                0x00000000080022fc                EXTI3_IRQHandler
                0x00000000080022fc                EXTI8_IRQHandler
                0x00000000080022fc                LPTIM2_IRQHandler
                0x00000000080022fc                DFSDM1_FLT1_IRQHandler
                0x00000000080022fc                USB_FS_IRQHandler
                0x00000000080022fc                I2C3_ER_IRQHandler
                0x00000000080022fc                DFSDM1_FLT2_IRQHandler
                0x00000000080022fc                DMAMUX1_IRQHandler
                0x00000000080022fc                LPTIM3_IRQHandler
                0x00000000080022fc                EXTI0_IRQHandler
                0x00000000080022fc                I2C2_EV_IRQHandler
                0x00000000080022fc                FPU_IRQHandler
                0x00000000080022fc                FDCAN1_IT1_IRQHandler
                0x00000000080022fc                ADC1_2_IRQHandler
                0x00000000080022fc                SPI1_IRQHandler
                0x00000000080022fc                OCTOSPI1_IRQHandler
                0x00000000080022fc                TIM8_UP_IRQHandler
                0x00000000080022fc                RCC_S_IRQHandler
                0x00000000080022fc                DMA2_Channel2_IRQHandler
                0x00000000080022fc                DMA1_Channel4_IRQHandler
                0x00000000080022fc                SAI2_IRQHandler
                0x00000000080022fc                DFSDM1_FLT3_IRQHandler
                0x00000000080022fc                EXTI15_IRQHandler
                0x00000000080022fc                TIM17_IRQHandler
                0x00000000080022fc                USART3_IRQHandler
                0x00000000080022fc                RTC_IRQHandler
                0x00000000080022fc                EXTI9_IRQHandler
                0x00000000080022fc                DMA1_Channel7_IRQHandler
                0x00000000080022fc                UART5_IRQHandler
                0x00000000080022fc                TIM4_IRQHandler
                0x00000000080022fc                DMA2_Channel1_IRQHandler
                0x00000000080022fc                I2C1_EV_IRQHandler
                0x00000000080022fc                DMA1_Channel6_IRQHandler
                0x00000000080022fc                TIM16_IRQHandler
                0x00000000080022fc                UART4_IRQHandler
                0x00000000080022fc                DMA2_Channel4_IRQHandler
                0x00000000080022fc                SecureFault_Handler
                0x00000000080022fc                TIM3_IRQHandler
                0x00000000080022fc                RCC_IRQHandler
                0x00000000080022fc                TIM1_TRG_COM_IRQHandler
                0x00000000080022fc                DMA1_Channel1_IRQHandler
                0x00000000080022fc                Default_Handler
                0x00000000080022fc                DMA2_Channel7_IRQHandler
                0x00000000080022fc                DMA1_Channel8_IRQHandler
                0x00000000080022fc                TIM7_IRQHandler
                0x00000000080022fc                SDMMC1_IRQHandler
                0x00000000080022fc                TIM5_IRQHandler
                0x00000000080022fc                UCPD1_IRQHandler
                0x00000000080022fc                TIM15_IRQHandler
                0x00000000080022fc                I2C3_EV_IRQHandler
                0x00000000080022fc                PVD_PVM_IRQHandler
                0x00000000080022fc                SPI2_IRQHandler
                0x00000000080022fc                EXTI14_IRQHandler
                0x00000000080022fc                EXTI11_IRQHandler
                0x00000000080022fc                DMA2_Channel5_IRQHandler
                0x00000000080022fc                CRS_IRQHandler
                0x00000000080022fc                DMA1_Channel5_IRQHandler
                0x00000000080022fc                EXTI4_IRQHandler
                0x00000000080022fc                RTC_S_IRQHandler
                0x00000000080022fc                RNG_IRQHandler
                0x00000000080022fc                DMAMUX1_S_IRQHandler
                0x00000000080022fc                DMA1_Channel3_IRQHandler
                0x00000000080022fc                COMP_IRQHandler
                0x00000000080022fc                TIM1_UP_IRQHandler
                0x00000000080022fc                WWDG_IRQHandler
                0x00000000080022fc                I2C4_EV_IRQHandler
                0x00000000080022fc                LPUART1_IRQHandler
                0x00000000080022fc                DMA2_Channel6_IRQHandler
                0x00000000080022fc                FDCAN1_IT0_IRQHandler
                0x00000000080022fc                TIM2_IRQHandler
                0x00000000080022fc                TAMP_S_IRQHandler
                0x00000000080022fc                EXTI7_IRQHandler
                0x00000000080022fc                TIM1_BRK_IRQHandler
                0x00000000080022fc                DAC_IRQHandler
                0x00000000080022fc                EXTI1_IRQHandler
                0x00000000080022fc                GTZC_IRQHandler
                0x00000000080022fc                DFSDM1_FLT0_IRQHandler
                0x00000000080022fc                I2C2_ER_IRQHandler
                0x00000000080022fc                DMA1_Channel2_IRQHandler
                0x00000000080022fc                TIM8_BRK_IRQHandler
                0x00000000080022fc                FLASH_IRQHandler
                0x00000000080022fc                USART1_IRQHandler
                0x00000000080022fc                EXTI10_IRQHandler
                0x00000000080022fc                SPI3_IRQHandler
                0x00000000080022fc                I2C1_ER_IRQHandler
                0x00000000080022fc                FMC_IRQHandler
                0x00000000080022fc                EXTI6_IRQHandler
                0x00000000080022fc                LPTIM1_IRQHandler
                0x00000000080022fc                I2C4_ER_IRQHandler
                0x00000000080022fc                ICACHE_IRQHandler
                0x00000000080022fc                SAI1_IRQHandler
                0x00000000080022fc                HASH_IRQHandler
                0x00000000080022fc                DMA2_Channel3_IRQHandler
 .text.HAL_Init
                0x00000000080022fe       0x34 ./Drivers/STM32L5xx_HAL_Driver/Src/stm32l5xx_hal.o
                0x00000000080022fe                HAL_Init
 *fill*         0x0000000008002332        0x2 
 .text.HAL_InitTick
                0x0000000008002334       0x78 ./Drivers/STM32L5xx_HAL_Driver/Src/stm32l5xx_hal.o
                0x0000000008002334                HAL_InitTick
 .text.HAL_IncTick
                0x00000000080023ac       0x28 ./Drivers/STM32L5xx_HAL_Driver/Src/stm32l5xx_hal.o
                0x00000000080023ac                HAL_IncTick
 .text.HAL_GetTick
                0x00000000080023d4       0x18 ./Drivers/STM32L5xx_HAL_Driver/Src/stm32l5xx_hal.o
                0x00000000080023d4                HAL_GetTick
 .text.__NVIC_SetPriorityGrouping
                0x00000000080023ec       0x48 ./Drivers/STM32L5xx_HAL_Driver/Src/stm32l5xx_hal_cortex.o
 .text.__NVIC_GetPriorityGrouping
                0x0000000008002434       0x1c ./Drivers/STM32L5xx_HAL_Driver/Src/stm32l5xx_hal_cortex.o
 .text.__NVIC_EnableIRQ
                0x0000000008002450       0x3c ./Drivers/STM32L5xx_HAL_Driver/Src/stm32l5xx_hal_cortex.o
 .text.__NVIC_SetPriority
                0x000000000800248c       0x54 ./Drivers/STM32L5xx_HAL_Driver/Src/stm32l5xx_hal_cortex.o
 .text.NVIC_EncodePriority
                0x00000000080024e0       0x66 ./Drivers/STM32L5xx_HAL_Driver/Src/stm32l5xx_hal_cortex.o
 *fill*         0x0000000008002546        0x2 
 .text.SysTick_Config
                0x0000000008002548       0x44 ./Drivers/STM32L5xx_HAL_Driver/Src/stm32l5xx_hal_cortex.o
 .text.HAL_NVIC_SetPriorityGrouping
                0x000000000800258c       0x16 ./Drivers/STM32L5xx_HAL_Driver/Src/stm32l5xx_hal_cortex.o
                0x000000000800258c                HAL_NVIC_SetPriorityGrouping
 .text.HAL_NVIC_SetPriority
                0x00000000080025a2       0x34 ./Drivers/STM32L5xx_HAL_Driver/Src/stm32l5xx_hal_cortex.o
                0x00000000080025a2                HAL_NVIC_SetPriority
 .text.HAL_NVIC_EnableIRQ
                0x00000000080025d6       0x1c ./Drivers/STM32L5xx_HAL_Driver/Src/stm32l5xx_hal_cortex.o
                0x00000000080025d6                HAL_NVIC_EnableIRQ
 .text.HAL_SYSTICK_Config
                0x00000000080025f2       0x18 ./Drivers/STM32L5xx_HAL_Driver/Src/stm32l5xx_hal_cortex.o
                0x00000000080025f2                HAL_SYSTICK_Config
 .text.HAL_DMA_Abort
                0x000000000800260a       0xb8 ./Drivers/STM32L5xx_HAL_Driver/Src/stm32l5xx_hal_dma.o
                0x000000000800260a                HAL_DMA_Abort
 .text.HAL_DMA_Abort_IT
                0x00000000080026c2       0xbe ./Drivers/STM32L5xx_HAL_Driver/Src/stm32l5xx_hal_dma.o
                0x00000000080026c2                HAL_DMA_Abort_IT
 .text.HAL_GPIO_Init
                0x0000000008002780      0x300 ./Drivers/STM32L5xx_HAL_Driver/Src/stm32l5xx_hal_gpio.o
                0x0000000008002780                HAL_GPIO_Init
 .text.HAL_PWREx_GetVoltageRange
                0x0000000008002a80       0x1c ./Drivers/STM32L5xx_HAL_Driver/Src/stm32l5xx_hal_pwr_ex.o
                0x0000000008002a80                HAL_PWREx_GetVoltageRange
 .text.HAL_PWREx_ControlVoltageScaling
                0x0000000008002a9c       0xb8 ./Drivers/STM32L5xx_HAL_Driver/Src/stm32l5xx_hal_pwr_ex.o
                0x0000000008002a9c                HAL_PWREx_ControlVoltageScaling
 .text.HAL_PWREx_DisableUCPDDeadBattery
                0x0000000008002b54       0x20 ./Drivers/STM32L5xx_HAL_Driver/Src/stm32l5xx_hal_pwr_ex.o
                0x0000000008002b54                HAL_PWREx_DisableUCPDDeadBattery
 .text.HAL_PWREx_SMPS_GetEffectiveMode
                0x0000000008002b74       0x48 ./Drivers/STM32L5xx_HAL_Driver/Src/stm32l5xx_hal_pwr_ex.o
                0x0000000008002b74                HAL_PWREx_SMPS_GetEffectiveMode
 .text.HAL_RCC_OscConfig
                0x0000000008002bbc      0x9c4 ./Drivers/STM32L5xx_HAL_Driver/Src/stm32l5xx_hal_rcc.o
                0x0000000008002bbc                HAL_RCC_OscConfig
 .text.HAL_RCC_ClockConfig
                0x0000000008003580      0x250 ./Drivers/STM32L5xx_HAL_Driver/Src/stm32l5xx_hal_rcc.o
                0x0000000008003580                HAL_RCC_ClockConfig
 .text.HAL_RCC_GetSysClockFreq
                0x00000000080037d0      0x138 ./Drivers/STM32L5xx_HAL_Driver/Src/stm32l5xx_hal_rcc.o
                0x00000000080037d0                HAL_RCC_GetSysClockFreq
 .text.HAL_RCC_GetHCLKFreq
                0x0000000008003908       0x28 ./Drivers/STM32L5xx_HAL_Driver/Src/stm32l5xx_hal_rcc.o
                0x0000000008003908                HAL_RCC_GetHCLKFreq
 .text.HAL_RCC_GetPCLK1Freq
                0x0000000008003930       0x28 ./Drivers/STM32L5xx_HAL_Driver/Src/stm32l5xx_hal_rcc.o
                0x0000000008003930                HAL_RCC_GetPCLK1Freq
 .text.HAL_RCC_GetPCLK2Freq
                0x0000000008003958       0x28 ./Drivers/STM32L5xx_HAL_Driver/Src/stm32l5xx_hal_rcc.o
                0x0000000008003958                HAL_RCC_GetPCLK2Freq
 .text.RCC_SetFlashLatencyFromMSIRange
                0x0000000008003980       0xc8 ./Drivers/STM32L5xx_HAL_Driver/Src/stm32l5xx_hal_rcc.o
 .text.RCC_GetSysClockFreqFromPLLSource
                0x0000000008003a48       0xf0 ./Drivers/STM32L5xx_HAL_Driver/Src/stm32l5xx_hal_rcc.o
 .text.HAL_RCCEx_PeriphCLKConfig
                0x0000000008003b38      0x708 ./Drivers/STM32L5xx_HAL_Driver/Src/stm32l5xx_hal_rcc_ex.o
                0x0000000008003b38                HAL_RCCEx_PeriphCLKConfig
 .text.RCCEx_PLLSAI1_Config
                0x0000000008004240      0x1cc ./Drivers/STM32L5xx_HAL_Driver/Src/stm32l5xx_hal_rcc_ex.o
 .text.RCCEx_PLLSAI2_Config
                0x000000000800440c      0x158 ./Drivers/STM32L5xx_HAL_Driver/Src/stm32l5xx_hal_rcc_ex.o
 .text.HAL_UART_Init
                0x0000000008004564       0xa0 ./Drivers/STM32L5xx_HAL_Driver/Src/stm32l5xx_hal_uart.o
                0x0000000008004564                HAL_UART_Init
 .text.HAL_UART_IRQHandler
                0x0000000008004604      0x468 ./Drivers/STM32L5xx_HAL_Driver/Src/stm32l5xx_hal_uart.o
                0x0000000008004604                HAL_UART_IRQHandler
 .text.HAL_UART_TxCpltCallback
                0x0000000008004a6c       0x14 ./Drivers/STM32L5xx_HAL_Driver/Src/stm32l5xx_hal_uart.o
                0x0000000008004a6c                HAL_UART_TxCpltCallback
 .text.HAL_UART_ErrorCallback
                0x0000000008004a80       0x14 ./Drivers/STM32L5xx_HAL_Driver/Src/stm32l5xx_hal_uart.o
                0x0000000008004a80                HAL_UART_ErrorCallback
 .text.HAL_UARTEx_RxEventCallback
                0x0000000008004a94       0x18 ./Drivers/STM32L5xx_HAL_Driver/Src/stm32l5xx_hal_uart.o
                0x0000000008004a94                HAL_UARTEx_RxEventCallback
 .text.UART_SetConfig
                0x0000000008004aac      0x59c ./Drivers/STM32L5xx_HAL_Driver/Src/stm32l5xx_hal_uart.o
                0x0000000008004aac                UART_SetConfig
 .text.UART_AdvFeatureConfig
                0x0000000008005048      0x144 ./Drivers/STM32L5xx_HAL_Driver/Src/stm32l5xx_hal_uart.o
                0x0000000008005048                UART_AdvFeatureConfig
 .text.UART_CheckIdleState
                0x000000000800518c       0x96 ./Drivers/STM32L5xx_HAL_Driver/Src/stm32l5xx_hal_uart.o
                0x000000000800518c                UART_CheckIdleState
 .text.UART_WaitOnFlagUntilTimeout
                0x0000000008005222      0x100 ./Drivers/STM32L5xx_HAL_Driver/Src/stm32l5xx_hal_uart.o
                0x0000000008005222                UART_WaitOnFlagUntilTimeout
 .text.UART_EndRxTransfer
                0x0000000008005322       0x64 ./Drivers/STM32L5xx_HAL_Driver/Src/stm32l5xx_hal_uart.o
 .text.UART_DMAAbortOnError
                0x0000000008005386       0x2c ./Drivers/STM32L5xx_HAL_Driver/Src/stm32l5xx_hal_uart.o
 .text.UART_EndTransmit_IT
                0x00000000080053b2       0x34 ./Drivers/STM32L5xx_HAL_Driver/Src/stm32l5xx_hal_uart.o
 .text.HAL_UARTEx_WakeupCallback
                0x00000000080053e6       0x14 ./Drivers/STM32L5xx_HAL_Driver/Src/stm32l5xx_hal_uart_ex.o
                0x00000000080053e6                HAL_UARTEx_WakeupCallback
 .text.HAL_UARTEx_RxFifoFullCallback
                0x00000000080053fa       0x14 ./Drivers/STM32L5xx_HAL_Driver/Src/stm32l5xx_hal_uart_ex.o
                0x00000000080053fa                HAL_UARTEx_RxFifoFullCallback
 .text.HAL_UARTEx_TxFifoEmptyCallback
                0x000000000800540e       0x14 ./Drivers/STM32L5xx_HAL_Driver/Src/stm32l5xx_hal_uart_ex.o
                0x000000000800540e                HAL_UARTEx_TxFifoEmptyCallback
 .text.HAL_UARTEx_DisableFifoMode
                0x0000000008005422       0x72 ./Drivers/STM32L5xx_HAL_Driver/Src/stm32l5xx_hal_uart_ex.o
                0x0000000008005422                HAL_UARTEx_DisableFifoMode
 .text.HAL_UARTEx_SetTxFifoThreshold
                0x0000000008005494       0x7c ./Drivers/STM32L5xx_HAL_Driver/Src/stm32l5xx_hal_uart_ex.o
                0x0000000008005494                HAL_UARTEx_SetTxFifoThreshold
 .text.HAL_UARTEx_SetRxFifoThreshold
                0x0000000008005510       0x7c ./Drivers/STM32L5xx_HAL_Driver/Src/stm32l5xx_hal_uart_ex.o
                0x0000000008005510                HAL_UARTEx_SetRxFifoThreshold
 .text.UARTEx_SetNbDataToProcess
                0x000000000800558c       0x9c ./Drivers/STM32L5xx_HAL_Driver/Src/stm32l5xx_hal_uart_ex.o
 .text.atoi     0x0000000008005628        0x8 c:/st/stm32cubeide_1.8.0/stm32cubeide/plugins/com.st.stm32cube.ide.mcu.externaltools.gnu-tools-for-stm32.9-2020-q2-update.win32_2.0.0.202105311346/tools/bin/../lib/gcc/arm-none-eabi/9.3.1/../../../../arm-none-eabi/lib/thumb/v8-m.main+fp/hard\libc_nano.a(lib_a-atoi.o)
                0x0000000008005628                atoi
 .text.__errno  0x0000000008005630        0xc c:/st/stm32cubeide_1.8.0/stm32cubeide/plugins/com.st.stm32cube.ide.mcu.externaltools.gnu-tools-for-stm32.9-2020-q2-update.win32_2.0.0.202105311346/tools/bin/../lib/gcc/arm-none-eabi/9.3.1/../../../../arm-none-eabi/lib/thumb/v8-m.main+fp/hard\libc_nano.a(lib_a-errno.o)
                0x0000000008005630                __errno
 .text.__libc_init_array
                0x000000000800563c       0x48 c:/st/stm32cubeide_1.8.0/stm32cubeide/plugins/com.st.stm32cube.ide.mcu.externaltools.gnu-tools-for-stm32.9-2020-q2-update.win32_2.0.0.202105311346/tools/bin/../lib/gcc/arm-none-eabi/9.3.1/../../../../arm-none-eabi/lib/thumb/v8-m.main+fp/hard\libc_nano.a(lib_a-init.o)
                0x000000000800563c                __libc_init_array
 .text.memset   0x0000000008005684       0x10 c:/st/stm32cubeide_1.8.0/stm32cubeide/plugins/com.st.stm32cube.ide.mcu.externaltools.gnu-tools-for-stm32.9-2020-q2-update.win32_2.0.0.202105311346/tools/bin/../lib/gcc/arm-none-eabi/9.3.1/../../../../arm-none-eabi/lib/thumb/v8-m.main+fp/hard\libc_nano.a(lib_a-memset.o)
                0x0000000008005684                memset
 .text._strtol_l.isra.0
                0x0000000008005694      0x104 c:/st/stm32cubeide_1.8.0/stm32cubeide/plugins/com.st.stm32cube.ide.mcu.externaltools.gnu-tools-for-stm32.9-2020-q2-update.win32_2.0.0.202105311346/tools/bin/../lib/gcc/arm-none-eabi/9.3.1/../../../../arm-none-eabi/lib/thumb/v8-m.main+fp/hard\libc_nano.a(lib_a-strtol.o)
 .text.strtol   0x0000000008005798       0x14 c:/st/stm32cubeide_1.8.0/stm32cubeide/plugins/com.st.stm32cube.ide.mcu.externaltools.gnu-tools-for-stm32.9-2020-q2-update.win32_2.0.0.202105311346/tools/bin/../lib/gcc/arm-none-eabi/9.3.1/../../../../arm-none-eabi/lib/thumb/v8-m.main+fp/hard\libc_nano.a(lib_a-strtol.o)
                0x0000000008005798                strtol
 .text.pow      0x00000000080057ac      0x15c c:/st/stm32cubeide_1.8.0/stm32cubeide/plugins/com.st.stm32cube.ide.mcu.externaltools.gnu-tools-for-stm32.9-2020-q2-update.win32_2.0.0.202105311346/tools/bin/../lib/gcc/arm-none-eabi/9.3.1/../../../../arm-none-eabi/lib/thumb/v8-m.main+fp/hard\libm.a(lib_a-w_pow.o)
                0x00000000080057ac                pow
 .text.__ieee754_pow
                0x0000000008005908      0xa4c c:/st/stm32cubeide_1.8.0/stm32cubeide/plugins/com.st.stm32cube.ide.mcu.externaltools.gnu-tools-for-stm32.9-2020-q2-update.win32_2.0.0.202105311346/tools/bin/../lib/gcc/arm-none-eabi/9.3.1/../../../../arm-none-eabi/lib/thumb/v8-m.main+fp/hard\libm.a(lib_a-e_pow.o)
                0x0000000008005908                __ieee754_pow
 .text.__ieee754_sqrt
                0x0000000008006354      0x170 c:/st/stm32cubeide_1.8.0/stm32cubeide/plugins/com.st.stm32cube.ide.mcu.externaltools.gnu-tools-for-stm32.9-2020-q2-update.win32_2.0.0.202105311346/tools/bin/../lib/gcc/arm-none-eabi/9.3.1/../../../../arm-none-eabi/lib/thumb/v8-m.main+fp/hard\libm.a(lib_a-e_sqrt.o)
                0x0000000008006354                __ieee754_sqrt
 .text.fabs     0x00000000080064c4       0x12 c:/st/stm32cubeide_1.8.0/stm32cubeide/plugins/com.st.stm32cube.ide.mcu.externaltools.gnu-tools-for-stm32.9-2020-q2-update.win32_2.0.0.202105311346/tools/bin/../lib/gcc/arm-none-eabi/9.3.1/../../../../arm-none-eabi/lib/thumb/v8-m.main+fp/hard\libm.a(lib_a-s_fabs.o)
                0x00000000080064c4                fabs
 .text.finite   0x00000000080064d6       0x16 c:/st/stm32cubeide_1.8.0/stm32cubeide/plugins/com.st.stm32cube.ide.mcu.externaltools.gnu-tools-for-stm32.9-2020-q2-update.win32_2.0.0.202105311346/tools/bin/../lib/gcc/arm-none-eabi/9.3.1/../../../../arm-none-eabi/lib/thumb/v8-m.main+fp/hard\libm.a(lib_a-s_finite.o)
                0x00000000080064d6                finite
 *fill*         0x00000000080064ec        0x4 
 .text.nan      0x00000000080064f0       0x10 c:/st/stm32cubeide_1.8.0/stm32cubeide/plugins/com.st.stm32cube.ide.mcu.externaltools.gnu-tools-for-stm32.9-2020-q2-update.win32_2.0.0.202105311346/tools/bin/../lib/gcc/arm-none-eabi/9.3.1/../../../../arm-none-eabi/lib/thumb/v8-m.main+fp/hard\libm.a(lib_a-s_nan.o)
                0x00000000080064f0                nan
 .text.rint     0x0000000008006500      0x114 c:/st/stm32cubeide_1.8.0/stm32cubeide/plugins/com.st.stm32cube.ide.mcu.externaltools.gnu-tools-for-stm32.9-2020-q2-update.win32_2.0.0.202105311346/tools/bin/../lib/gcc/arm-none-eabi/9.3.1/../../../../arm-none-eabi/lib/thumb/v8-m.main+fp/hard\libm.a(lib_a-s_rint.o)
                0x0000000008006500                rint
 *fill*         0x0000000008006614        0x4 
 .text.scalbn   0x0000000008006618      0x10c c:/st/stm32cubeide_1.8.0/stm32cubeide/plugins/com.st.stm32cube.ide.mcu.externaltools.gnu-tools-for-stm32.9-2020-q2-update.win32_2.0.0.202105311346/tools/bin/../lib/gcc/arm-none-eabi/9.3.1/../../../../arm-none-eabi/lib/thumb/v8-m.main+fp/hard\libm.a(lib_a-s_scalbn.o)
                0x0000000008006618                scalbn
 *(.glue_7)
 .glue_7        0x0000000008006724        0x0 linker stubs
 *(.glue_7t)
 .glue_7t       0x0000000008006724        0x0 linker stubs
 *(.eh_frame)
 .eh_frame      0x0000000008006724        0x0 c:/st/stm32cubeide_1.8.0/stm32cubeide/plugins/com.st.stm32cube.ide.mcu.externaltools.gnu-tools-for-stm32.9-2020-q2-update.win32_2.0.0.202105311346/tools/bin/../lib/gcc/arm-none-eabi/9.3.1/thumb/v8-m.main+fp/hard/crtbegin.o
 *(.init)
 .init          0x0000000008006724        0x4 c:/st/stm32cubeide_1.8.0/stm32cubeide/plugins/com.st.stm32cube.ide.mcu.externaltools.gnu-tools-for-stm32.9-2020-q2-update.win32_2.0.0.202105311346/tools/bin/../lib/gcc/arm-none-eabi/9.3.1/thumb/v8-m.main+fp/hard/crti.o
                0x0000000008006724                _init
 .init          0x0000000008006728        0x8 c:/st/stm32cubeide_1.8.0/stm32cubeide/plugins/com.st.stm32cube.ide.mcu.externaltools.gnu-tools-for-stm32.9-2020-q2-update.win32_2.0.0.202105311346/tools/bin/../lib/gcc/arm-none-eabi/9.3.1/thumb/v8-m.main+fp/hard/crtn.o
 *(.fini)
 .fini          0x0000000008006730        0x4 c:/st/stm32cubeide_1.8.0/stm32cubeide/plugins/com.st.stm32cube.ide.mcu.externaltools.gnu-tools-for-stm32.9-2020-q2-update.win32_2.0.0.202105311346/tools/bin/../lib/gcc/arm-none-eabi/9.3.1/thumb/v8-m.main+fp/hard/crti.o
                0x0000000008006730                _fini
 .fini          0x0000000008006734        0x8 c:/st/stm32cubeide_1.8.0/stm32cubeide/plugins/com.st.stm32cube.ide.mcu.externaltools.gnu-tools-for-stm32.9-2020-q2-update.win32_2.0.0.202105311346/tools/bin/../lib/gcc/arm-none-eabi/9.3.1/thumb/v8-m.main+fp/hard/crtn.o
                0x000000000800673c                . = ALIGN (0x4)
                0x000000000800673c                _etext = .

.vfp11_veneer   0x000000000800673c        0x0
 .vfp11_veneer  0x000000000800673c        0x0 linker stubs

.v4_bx          0x000000000800673c        0x0
 .v4_bx         0x000000000800673c        0x0 linker stubs

.iplt           0x000000000800673c        0x0
 .iplt          0x000000000800673c        0x0 c:/st/stm32cubeide_1.8.0/stm32cubeide/plugins/com.st.stm32cube.ide.mcu.externaltools.gnu-tools-for-stm32.9-2020-q2-update.win32_2.0.0.202105311346/tools/bin/../lib/gcc/arm-none-eabi/9.3.1/thumb/v8-m.main+fp/hard/crtbegin.o

.rodata         0x0000000008006740      0x1d0
                0x0000000008006740                . = ALIGN (0x4)
 *(.rodata)
 .rodata        0x0000000008006740        0xc ./Core/Src/main.o
 *(.rodata*)
 .rodata.AHBPrescTable
                0x000000000800674c       0x10 ./Core/Src/system_stm32l5xx.o
                0x000000000800674c                AHBPrescTable
 .rodata.APBPrescTable
                0x000000000800675c        0x8 ./Core/Src/system_stm32l5xx.o
                0x000000000800675c                APBPrescTable
 .rodata.MSIRangeTable
                0x0000000008006764       0x40 ./Core/Src/system_stm32l5xx.o
                0x0000000008006764                MSIRangeTable
 .rodata.UARTPrescTable
                0x00000000080067a4       0x18 ./Drivers/STM32L5xx_HAL_Driver/Src/stm32l5xx_hal_uart.o
                0x00000000080067a4                UARTPrescTable
 .rodata.numerator.8971
                0x00000000080067bc        0x8 ./Drivers/STM32L5xx_HAL_Driver/Src/stm32l5xx_hal_uart_ex.o
 .rodata.denominator.8972
                0x00000000080067c4        0x8 ./Drivers/STM32L5xx_HAL_Driver/Src/stm32l5xx_hal_uart_ex.o
 .rodata._ctype_
                0x00000000080067cc      0x101 c:/st/stm32cubeide_1.8.0/stm32cubeide/plugins/com.st.stm32cube.ide.mcu.externaltools.gnu-tools-for-stm32.9-2020-q2-update.win32_2.0.0.202105311346/tools/bin/../lib/gcc/arm-none-eabi/9.3.1/../../../../arm-none-eabi/lib/thumb/v8-m.main+fp/hard\libc_nano.a(lib_a-ctype_.o)
                0x00000000080067cc                _ctype_
 .rodata.__ieee754_pow.str1.1
                0x00000000080068cd        0x1 c:/st/stm32cubeide_1.8.0/stm32cubeide/plugins/com.st.stm32cube.ide.mcu.externaltools.gnu-tools-for-stm32.9-2020-q2-update.win32_2.0.0.202105311346/tools/bin/../lib/gcc/arm-none-eabi/9.3.1/../../../../arm-none-eabi/lib/thumb/v8-m.main+fp/hard\libm.a(lib_a-e_pow.o)
 *fill*         0x00000000080068ce        0x2 
 .rodata.bp     0x00000000080068d0       0x10 c:/st/stm32cubeide_1.8.0/stm32cubeide/plugins/com.st.stm32cube.ide.mcu.externaltools.gnu-tools-for-stm32.9-2020-q2-update.win32_2.0.0.202105311346/tools/bin/../lib/gcc/arm-none-eabi/9.3.1/../../../../arm-none-eabi/lib/thumb/v8-m.main+fp/hard\libm.a(lib_a-e_pow.o)
 .rodata.dp_h   0x00000000080068e0       0x10 c:/st/stm32cubeide_1.8.0/stm32cubeide/plugins/com.st.stm32cube.ide.mcu.externaltools.gnu-tools-for-stm32.9-2020-q2-update.win32_2.0.0.202105311346/tools/bin/../lib/gcc/arm-none-eabi/9.3.1/../../../../arm-none-eabi/lib/thumb/v8-m.main+fp/hard\libm.a(lib_a-e_pow.o)
 .rodata.dp_l   0x00000000080068f0       0x10 c:/st/stm32cubeide_1.8.0/stm32cubeide/plugins/com.st.stm32cube.ide.mcu.externaltools.gnu-tools-for-stm32.9-2020-q2-update.win32_2.0.0.202105311346/tools/bin/../lib/gcc/arm-none-eabi/9.3.1/../../../../arm-none-eabi/lib/thumb/v8-m.main+fp/hard\libm.a(lib_a-e_pow.o)
 .rodata.TWO52  0x0000000008006900       0x10 c:/st/stm32cubeide_1.8.0/stm32cubeide/plugins/com.st.stm32cube.ide.mcu.externaltools.gnu-tools-for-stm32.9-2020-q2-update.win32_2.0.0.202105311346/tools/bin/../lib/gcc/arm-none-eabi/9.3.1/../../../../arm-none-eabi/lib/thumb/v8-m.main+fp/hard\libm.a(lib_a-s_rint.o)
                0x0000000008006910                . = ALIGN (0x4)

.ARM.extab      0x0000000008006910        0x0
                0x0000000008006910                . = ALIGN (0x4)
 *(.ARM.extab* .gnu.linkonce.armextab.*)
                0x0000000008006910                . = ALIGN (0x4)

.ARM            0x0000000008006910        0x8
                0x0000000008006910                . = ALIGN (0x4)
                0x0000000008006910                __exidx_start = .
 *(.ARM.exidx*)
 .ARM.exidx     0x0000000008006910        0x8 c:/st/stm32cubeide_1.8.0/stm32cubeide/plugins/com.st.stm32cube.ide.mcu.externaltools.gnu-tools-for-stm32.9-2020-q2-update.win32_2.0.0.202105311346/tools/bin/../lib/gcc/arm-none-eabi/9.3.1/thumb/v8-m.main+fp/hard\libgcc.a(_udivmoddi4.o)
                0x0000000008006918                __exidx_end = .
                0x0000000008006918                . = ALIGN (0x4)

.rel.dyn        0x0000000008006918        0x0
 .rel.iplt      0x0000000008006918        0x0 c:/st/stm32cubeide_1.8.0/stm32cubeide/plugins/com.st.stm32cube.ide.mcu.externaltools.gnu-tools-for-stm32.9-2020-q2-update.win32_2.0.0.202105311346/tools/bin/../lib/gcc/arm-none-eabi/9.3.1/thumb/v8-m.main+fp/hard/crtbegin.o

.preinit_array  0x0000000008006918        0x0
                0x0000000008006918                . = ALIGN (0x4)
                0x0000000008006918                PROVIDE (__preinit_array_start = .)
 *(.preinit_array*)
                0x0000000008006918                PROVIDE (__preinit_array_end = .)
                0x0000000008006918                . = ALIGN (0x4)

.init_array     0x0000000008006918        0x4
                0x0000000008006918                . = ALIGN (0x4)
                0x0000000008006918                PROVIDE (__init_array_start = .)
 *(SORT_BY_NAME(.init_array.*))
 *(.init_array*)
 .init_array    0x0000000008006918        0x4 c:/st/stm32cubeide_1.8.0/stm32cubeide/plugins/com.st.stm32cube.ide.mcu.externaltools.gnu-tools-for-stm32.9-2020-q2-update.win32_2.0.0.202105311346/tools/bin/../lib/gcc/arm-none-eabi/9.3.1/thumb/v8-m.main+fp/hard/crtbegin.o
                0x000000000800691c                PROVIDE (__init_array_end = .)
                0x000000000800691c                . = ALIGN (0x4)

.fini_array     0x000000000800691c        0x4
                0x000000000800691c                . = ALIGN (0x4)
                [!provide]                        PROVIDE (__fini_array_start = .)
 *(SORT_BY_NAME(.fini_array.*))
 *(.fini_array*)
 .fini_array    0x000000000800691c        0x4 c:/st/stm32cubeide_1.8.0/stm32cubeide/plugins/com.st.stm32cube.ide.mcu.externaltools.gnu-tools-for-stm32.9-2020-q2-update.win32_2.0.0.202105311346/tools/bin/../lib/gcc/arm-none-eabi/9.3.1/thumb/v8-m.main+fp/hard/crtbegin.o
                [!provide]                        PROVIDE (__fini_array_end = .)
                0x0000000008006920                . = ALIGN (0x4)
                0x0000000008006920                _sidata = LOADADDR (.data)

.data           0x0000000020000000       0x7c load address 0x0000000008006920
                0x0000000020000000                . = ALIGN (0x4)
                0x0000000020000000                _sdata = .
 *(.data)
 *(.data*)
 .data.GMT      0x0000000020000000        0x4 ./Core/Src/NMEA.o
                0x0000000020000000                GMT
 .data.VCCTimeout
                0x0000000020000004        0x4 ./Core/Src/main.o
                0x0000000020000004                VCCTimeout
 .data.SystemCoreClock
                0x0000000020000008        0x4 ./Core/Src/system_stm32l5xx.o
                0x0000000020000008                SystemCoreClock
 .data.uwTickPrio
                0x000000002000000c        0x4 ./Drivers/STM32L5xx_HAL_Driver/Src/stm32l5xx_hal.o
                0x000000002000000c                uwTickPrio
 .data.uwTickFreq
                0x0000000020000010        0x1 ./Drivers/STM32L5xx_HAL_Driver/Src/stm32l5xx_hal.o
                0x0000000020000010                uwTickFreq
 *fill*         0x0000000020000011        0x3 
 .data._impure_ptr
                0x0000000020000014        0x4 c:/st/stm32cubeide_1.8.0/stm32cubeide/plugins/com.st.stm32cube.ide.mcu.externaltools.gnu-tools-for-stm32.9-2020-q2-update.win32_2.0.0.202105311346/tools/bin/../lib/gcc/arm-none-eabi/9.3.1/../../../../arm-none-eabi/lib/thumb/v8-m.main+fp/hard\libc_nano.a(lib_a-impure.o)
                0x0000000020000014                _impure_ptr
 .data.impure_data
                0x0000000020000018       0x60 c:/st/stm32cubeide_1.8.0/stm32cubeide/plugins/com.st.stm32cube.ide.mcu.externaltools.gnu-tools-for-stm32.9-2020-q2-update.win32_2.0.0.202105311346/tools/bin/../lib/gcc/arm-none-eabi/9.3.1/../../../../arm-none-eabi/lib/thumb/v8-m.main+fp/hard\libc_nano.a(lib_a-impure.o)
 .data.__fdlib_version
                0x0000000020000078        0x1 c:/st/stm32cubeide_1.8.0/stm32cubeide/plugins/com.st.stm32cube.ide.mcu.externaltools.gnu-tools-for-stm32.9-2020-q2-update.win32_2.0.0.202105311346/tools/bin/../lib/gcc/arm-none-eabi/9.3.1/../../../../arm-none-eabi/lib/thumb/v8-m.main+fp/hard\libm.a(lib_a-s_lib_ver.o)
                0x0000000020000078                __fdlib_version
 *(.RamFunc)
 *(.RamFunc*)
                0x000000002000007c                . = ALIGN (0x4)
 *fill*         0x0000000020000079        0x3 
                0x000000002000007c                _edata = .

.igot.plt       0x000000002000007c        0x0 load address 0x000000000800699c
 .igot.plt      0x000000002000007c        0x0 c:/st/stm32cubeide_1.8.0/stm32cubeide/plugins/com.st.stm32cube.ide.mcu.externaltools.gnu-tools-for-stm32.9-2020-q2-update.win32_2.0.0.202105311346/tools/bin/../lib/gcc/arm-none-eabi/9.3.1/thumb/v8-m.main+fp/hard/crtbegin.o
                0x000000002000007c                . = ALIGN (0x4)

.bss            0x000000002000007c      0x1ec load address 0x000000000800699c
                0x000000002000007c                _sbss = .
                0x000000002000007c                __bss_start__ = _sbss
 *(.bss)
 .bss           0x000000002000007c       0x1c c:/st/stm32cubeide_1.8.0/stm32cubeide/plugins/com.st.stm32cube.ide.mcu.externaltools.gnu-tools-for-stm32.9-2020-q2-update.win32_2.0.0.202105311346/tools/bin/../lib/gcc/arm-none-eabi/9.3.1/thumb/v8-m.main+fp/hard/crtbegin.o
 *(.bss*)
 .bss.inx       0x0000000020000098        0x4 ./Core/Src/NMEA.o
                0x0000000020000098                inx
 .bss.hr        0x000000002000009c        0x4 ./Core/Src/NMEA.o
                0x000000002000009c                hr
 .bss.min       0x00000000200000a0        0x4 ./Core/Src/NMEA.o
                0x00000000200000a0                min
 .bss.day       0x00000000200000a4        0x4 ./Core/Src/NMEA.o
                0x00000000200000a4                day
 .bss.mon       0x00000000200000a8        0x4 ./Core/Src/NMEA.o
                0x00000000200000a8                mon
 .bss.yr        0x00000000200000ac        0x4 ./Core/Src/NMEA.o
                0x00000000200000ac                yr
 .bss.daychange
                0x00000000200000b0        0x4 ./Core/Src/NMEA.o
                0x00000000200000b0                daychange
 .bss.flagGGA   0x00000000200000b4        0x4 ./Core/Src/main.o
                0x00000000200000b4                flagGGA
 .bss.flagRMC   0x00000000200000b8        0x4 ./Core/Src/main.o
                0x00000000200000b8                flagRMC
 *(COMMON)
 COMMON         0x00000000200000bc      0x19c ./Core/Src/main.o
                0x00000000200000bc                RMC
                0x0000000020000120                GGA
                0x0000000020000184                gpsData
                0x00000000200001c8                huart2
 COMMON         0x0000000020000258        0xa ./Core/Src/uartRingBuffer.o
                0x0000000020000258                _tx_buffer
                0x000000002000025c                _rx_buffer
                0x0000000020000260                timeout
 *fill*         0x0000000020000262        0x2 
 COMMON         0x0000000020000264        0x4 ./Drivers/STM32L5xx_HAL_Driver/Src/stm32l5xx_hal.o
                0x0000000020000264                uwTick
                0x0000000020000268                . = ALIGN (0x4)
                0x0000000020000268                _ebss = .
                0x0000000020000268                __bss_end__ = _ebss

._user_heap_stack
                0x0000000020000268      0x600 load address 0x000000000800699c
                0x0000000020000268                . = ALIGN (0x8)
                [!provide]                        PROVIDE (end = .)
                0x0000000020000268                PROVIDE (_end = .)
                0x0000000020000468                . = (. + _Min_Heap_Size)
 *fill*         0x0000000020000268      0x200 
                0x0000000020000868                . = (. + _Min_Stack_Size)
 *fill*         0x0000000020000468      0x400 
                0x0000000020000868                . = ALIGN (0x8)

/DISCARD/
 libc.a(*)
 libm.a(*)
 libgcc.a(*)

.ARM.attributes
                0x0000000000000000       0x36
 *(.ARM.attributes)
 .ARM.attributes
                0x0000000000000000       0x22 c:/st/stm32cubeide_1.8.0/stm32cubeide/plugins/com.st.stm32cube.ide.mcu.externaltools.gnu-tools-for-stm32.9-2020-q2-update.win32_2.0.0.202105311346/tools/bin/../lib/gcc/arm-none-eabi/9.3.1/thumb/v8-m.main+fp/hard/crti.o
 .ARM.attributes
                0x0000000000000022       0x38 c:/st/stm32cubeide_1.8.0/stm32cubeide/plugins/com.st.stm32cube.ide.mcu.externaltools.gnu-tools-for-stm32.9-2020-q2-update.win32_2.0.0.202105311346/tools/bin/../lib/gcc/arm-none-eabi/9.3.1/thumb/v8-m.main+fp/hard/crtbegin.o
 .ARM.attributes
                0x000000000000005a       0x3a ./Core/Src/NMEA.o
 .ARM.attributes
                0x0000000000000094       0x3a ./Core/Src/main.o
 .ARM.attributes
                0x00000000000000ce       0x3a ./Core/Src/stm32l5xx_hal_msp.o
 .ARM.attributes
                0x0000000000000108       0x3a ./Core/Src/stm32l5xx_it.o
 .ARM.attributes
                0x0000000000000142       0x3a ./Core/Src/system_stm32l5xx.o
 .ARM.attributes
                0x000000000000017c       0x3a ./Core/Src/uartRingBuffer.o
 .ARM.attributes
                0x00000000000001b6       0x24 ./Core/Startup/startup_stm32l552zetxq.o
 .ARM.attributes
                0x00000000000001da       0x3a ./Drivers/STM32L5xx_HAL_Driver/Src/stm32l5xx_hal.o
 .ARM.attributes
                0x0000000000000214       0x3a ./Drivers/STM32L5xx_HAL_Driver/Src/stm32l5xx_hal_cortex.o
 .ARM.attributes
                0x000000000000024e       0x3a ./Drivers/STM32L5xx_HAL_Driver/Src/stm32l5xx_hal_dma.o
 .ARM.attributes
                0x0000000000000288       0x3a ./Drivers/STM32L5xx_HAL_Driver/Src/stm32l5xx_hal_gpio.o
 .ARM.attributes
                0x00000000000002c2       0x3a ./Drivers/STM32L5xx_HAL_Driver/Src/stm32l5xx_hal_pwr_ex.o
 .ARM.attributes
                0x00000000000002fc       0x3a ./Drivers/STM32L5xx_HAL_Driver/Src/stm32l5xx_hal_rcc.o
 .ARM.attributes
                0x0000000000000336       0x3a ./Drivers/STM32L5xx_HAL_Driver/Src/stm32l5xx_hal_rcc_ex.o
 .ARM.attributes
                0x0000000000000370       0x3a ./Drivers/STM32L5xx_HAL_Driver/Src/stm32l5xx_hal_uart.o
 .ARM.attributes
                0x00000000000003aa       0x3a ./Drivers/STM32L5xx_HAL_Driver/Src/stm32l5xx_hal_uart_ex.o
 .ARM.attributes
                0x00000000000003e4       0x38 c:/st/stm32cubeide_1.8.0/stm32cubeide/plugins/com.st.stm32cube.ide.mcu.externaltools.gnu-tools-for-stm32.9-2020-q2-update.win32_2.0.0.202105311346/tools/bin/../lib/gcc/arm-none-eabi/9.3.1/../../../../arm-none-eabi/lib/thumb/v8-m.main+fp/hard\libc_nano.a(lib_a-atoi.o)
 .ARM.attributes
                0x000000000000041c       0x38 c:/st/stm32cubeide_1.8.0/stm32cubeide/plugins/com.st.stm32cube.ide.mcu.externaltools.gnu-tools-for-stm32.9-2020-q2-update.win32_2.0.0.202105311346/tools/bin/../lib/gcc/arm-none-eabi/9.3.1/../../../../arm-none-eabi/lib/thumb/v8-m.main+fp/hard\libc_nano.a(lib_a-errno.o)
 .ARM.attributes
                0x0000000000000454       0x36 c:/st/stm32cubeide_1.8.0/stm32cubeide/plugins/com.st.stm32cube.ide.mcu.externaltools.gnu-tools-for-stm32.9-2020-q2-update.win32_2.0.0.202105311346/tools/bin/../lib/gcc/arm-none-eabi/9.3.1/../../../../arm-none-eabi/lib/thumb/v8-m.main+fp/hard\libc_nano.a(lib_a-impure.o)
 .ARM.attributes
                0x000000000000048a       0x38 c:/st/stm32cubeide_1.8.0/stm32cubeide/plugins/com.st.stm32cube.ide.mcu.externaltools.gnu-tools-for-stm32.9-2020-q2-update.win32_2.0.0.202105311346/tools/bin/../lib/gcc/arm-none-eabi/9.3.1/../../../../arm-none-eabi/lib/thumb/v8-m.main+fp/hard\libc_nano.a(lib_a-init.o)
 .ARM.attributes
                0x00000000000004c2       0x38 c:/st/stm32cubeide_1.8.0/stm32cubeide/plugins/com.st.stm32cube.ide.mcu.externaltools.gnu-tools-for-stm32.9-2020-q2-update.win32_2.0.0.202105311346/tools/bin/../lib/gcc/arm-none-eabi/9.3.1/../../../../arm-none-eabi/lib/thumb/v8-m.main+fp/hard\libc_nano.a(lib_a-memset.o)
 .ARM.attributes
                0x00000000000004fa       0x17 c:/st/stm32cubeide_1.8.0/stm32cubeide/plugins/com.st.stm32cube.ide.mcu.externaltools.gnu-tools-for-stm32.9-2020-q2-update.win32_2.0.0.202105311346/tools/bin/../lib/gcc/arm-none-eabi/9.3.1/../../../../arm-none-eabi/lib/thumb/v8-m.main+fp/hard\libc_nano.a(lib_a-strlen.o)
 .ARM.attributes
                0x0000000000000511       0x38 c:/st/stm32cubeide_1.8.0/stm32cubeide/plugins/com.st.stm32cube.ide.mcu.externaltools.gnu-tools-for-stm32.9-2020-q2-update.win32_2.0.0.202105311346/tools/bin/../lib/gcc/arm-none-eabi/9.3.1/../../../../arm-none-eabi/lib/thumb/v8-m.main+fp/hard\libc_nano.a(lib_a-strtol.o)
 .ARM.attributes
                0x0000000000000549       0x36 c:/st/stm32cubeide_1.8.0/stm32cubeide/plugins/com.st.stm32cube.ide.mcu.externaltools.gnu-tools-for-stm32.9-2020-q2-update.win32_2.0.0.202105311346/tools/bin/../lib/gcc/arm-none-eabi/9.3.1/../../../../arm-none-eabi/lib/thumb/v8-m.main+fp/hard\libc_nano.a(lib_a-ctype_.o)
 .ARM.attributes
                0x000000000000057f       0x38 c:/st/stm32cubeide_1.8.0/stm32cubeide/plugins/com.st.stm32cube.ide.mcu.externaltools.gnu-tools-for-stm32.9-2020-q2-update.win32_2.0.0.202105311346/tools/bin/../lib/gcc/arm-none-eabi/9.3.1/../../../../arm-none-eabi/lib/thumb/v8-m.main+fp/hard\libm.a(lib_a-w_pow.o)
 .ARM.attributes
                0x00000000000005b7       0x38 c:/st/stm32cubeide_1.8.0/stm32cubeide/plugins/com.st.stm32cube.ide.mcu.externaltools.gnu-tools-for-stm32.9-2020-q2-update.win32_2.0.0.202105311346/tools/bin/../lib/gcc/arm-none-eabi/9.3.1/../../../../arm-none-eabi/lib/thumb/v8-m.main+fp/hard\libm.a(lib_a-e_pow.o)
 .ARM.attributes
                0x00000000000005ef       0x38 c:/st/stm32cubeide_1.8.0/stm32cubeide/plugins/com.st.stm32cube.ide.mcu.externaltools.gnu-tools-for-stm32.9-2020-q2-update.win32_2.0.0.202105311346/tools/bin/../lib/gcc/arm-none-eabi/9.3.1/../../../../arm-none-eabi/lib/thumb/v8-m.main+fp/hard\libm.a(lib_a-e_sqrt.o)
 .ARM.attributes
                0x0000000000000627       0x38 c:/st/stm32cubeide_1.8.0/stm32cubeide/plugins/com.st.stm32cube.ide.mcu.externaltools.gnu-tools-for-stm32.9-2020-q2-update.win32_2.0.0.202105311346/tools/bin/../lib/gcc/arm-none-eabi/9.3.1/../../../../arm-none-eabi/lib/thumb/v8-m.main+fp/hard\libm.a(lib_a-s_fabs.o)
 .ARM.attributes
                0x000000000000065f       0x38 c:/st/stm32cubeide_1.8.0/stm32cubeide/plugins/com.st.stm32cube.ide.mcu.externaltools.gnu-tools-for-stm32.9-2020-q2-update.win32_2.0.0.202105311346/tools/bin/../lib/gcc/arm-none-eabi/9.3.1/../../../../arm-none-eabi/lib/thumb/v8-m.main+fp/hard\libm.a(lib_a-s_finite.o)
 .ARM.attributes
                0x0000000000000697       0x36 c:/st/stm32cubeide_1.8.0/stm32cubeide/plugins/com.st.stm32cube.ide.mcu.externaltools.gnu-tools-for-stm32.9-2020-q2-update.win32_2.0.0.202105311346/tools/bin/../lib/gcc/arm-none-eabi/9.3.1/../../../../arm-none-eabi/lib/thumb/v8-m.main+fp/hard\libm.a(lib_a-s_lib_ver.o)
 .ARM.attributes
                0x00000000000006cd       0x38 c:/st/stm32cubeide_1.8.0/stm32cubeide/plugins/com.st.stm32cube.ide.mcu.externaltools.gnu-tools-for-stm32.9-2020-q2-update.win32_2.0.0.202105311346/tools/bin/../lib/gcc/arm-none-eabi/9.3.1/../../../../arm-none-eabi/lib/thumb/v8-m.main+fp/hard\libm.a(lib_a-s_nan.o)
 .ARM.attributes
                0x0000000000000705       0x38 c:/st/stm32cubeide_1.8.0/stm32cubeide/plugins/com.st.stm32cube.ide.mcu.externaltools.gnu-tools-for-stm32.9-2020-q2-update.win32_2.0.0.202105311346/tools/bin/../lib/gcc/arm-none-eabi/9.3.1/../../../../arm-none-eabi/lib/thumb/v8-m.main+fp/hard\libm.a(lib_a-s_rint.o)
 .ARM.attributes
                0x000000000000073d       0x38 c:/st/stm32cubeide_1.8.0/stm32cubeide/plugins/com.st.stm32cube.ide.mcu.externaltools.gnu-tools-for-stm32.9-2020-q2-update.win32_2.0.0.202105311346/tools/bin/../lib/gcc/arm-none-eabi/9.3.1/../../../../arm-none-eabi/lib/thumb/v8-m.main+fp/hard\libm.a(lib_a-s_scalbn.o)
 .ARM.attributes
                0x0000000000000775       0x22 c:/st/stm32cubeide_1.8.0/stm32cubeide/plugins/com.st.stm32cube.ide.mcu.externaltools.gnu-tools-for-stm32.9-2020-q2-update.win32_2.0.0.202105311346/tools/bin/../lib/gcc/arm-none-eabi/9.3.1/thumb/v8-m.main+fp/hard\libgcc.a(_arm_addsubdf3.o)
 .ARM.attributes
                0x0000000000000797       0x22 c:/st/stm32cubeide_1.8.0/stm32cubeide/plugins/com.st.stm32cube.ide.mcu.externaltools.gnu-tools-for-stm32.9-2020-q2-update.win32_2.0.0.202105311346/tools/bin/../lib/gcc/arm-none-eabi/9.3.1/thumb/v8-m.main+fp/hard\libgcc.a(_arm_muldivdf3.o)
 .ARM.attributes
                0x00000000000007b9       0x22 c:/st/stm32cubeide_1.8.0/stm32cubeide/plugins/com.st.stm32cube.ide.mcu.externaltools.gnu-tools-for-stm32.9-2020-q2-update.win32_2.0.0.202105311346/tools/bin/../lib/gcc/arm-none-eabi/9.3.1/thumb/v8-m.main+fp/hard\libgcc.a(_arm_cmpdf2.o)
 .ARM.attributes
                0x00000000000007db       0x22 c:/st/stm32cubeide_1.8.0/stm32cubeide/plugins/com.st.stm32cube.ide.mcu.externaltools.gnu-tools-for-stm32.9-2020-q2-update.win32_2.0.0.202105311346/tools/bin/../lib/gcc/arm-none-eabi/9.3.1/thumb/v8-m.main+fp/hard\libgcc.a(_arm_unorddf2.o)
 .ARM.attributes
                0x00000000000007fd       0x22 c:/st/stm32cubeide_1.8.0/stm32cubeide/plugins/com.st.stm32cube.ide.mcu.externaltools.gnu-tools-for-stm32.9-2020-q2-update.win32_2.0.0.202105311346/tools/bin/../lib/gcc/arm-none-eabi/9.3.1/thumb/v8-m.main+fp/hard\libgcc.a(_arm_truncdfsf2.o)
 .ARM.attributes
                0x000000000000081f       0x22 c:/st/stm32cubeide_1.8.0/stm32cubeide/plugins/com.st.stm32cube.ide.mcu.externaltools.gnu-tools-for-stm32.9-2020-q2-update.win32_2.0.0.202105311346/tools/bin/../lib/gcc/arm-none-eabi/9.3.1/thumb/v8-m.main+fp/hard\libgcc.a(_aeabi_uldivmod.o)
 .ARM.attributes
                0x0000000000000841       0x38 c:/st/stm32cubeide_1.8.0/stm32cubeide/plugins/com.st.stm32cube.ide.mcu.externaltools.gnu-tools-for-stm32.9-2020-q2-update.win32_2.0.0.202105311346/tools/bin/../lib/gcc/arm-none-eabi/9.3.1/thumb/v8-m.main+fp/hard\libgcc.a(_udivmoddi4.o)
 .ARM.attributes
                0x0000000000000879       0x22 c:/st/stm32cubeide_1.8.0/stm32cubeide/plugins/com.st.stm32cube.ide.mcu.externaltools.gnu-tools-for-stm32.9-2020-q2-update.win32_2.0.0.202105311346/tools/bin/../lib/gcc/arm-none-eabi/9.3.1/thumb/v8-m.main+fp/hard\libgcc.a(_dvmd_tls.o)
 .ARM.attributes
                0x000000000000089b       0x22 c:/st/stm32cubeide_1.8.0/stm32cubeide/plugins/com.st.stm32cube.ide.mcu.externaltools.gnu-tools-for-stm32.9-2020-q2-update.win32_2.0.0.202105311346/tools/bin/../lib/gcc/arm-none-eabi/9.3.1/thumb/v8-m.main+fp/hard/crtn.o
OUTPUT(GPS_Slave.elf elf32-littlearm)
LOAD linker stubs
LOAD c:/st/stm32cubeide_1.8.0/stm32cubeide/plugins/com.st.stm32cube.ide.mcu.externaltools.gnu-tools-for-stm32.9-2020-q2-update.win32_2.0.0.202105311346/tools/bin/../lib/gcc/arm-none-eabi/9.3.1/../../../../arm-none-eabi/lib/thumb/v8-m.main+fp/hard\libc.a
LOAD c:/st/stm32cubeide_1.8.0/stm32cubeide/plugins/com.st.stm32cube.ide.mcu.externaltools.gnu-tools-for-stm32.9-2020-q2-update.win32_2.0.0.202105311346/tools/bin/../lib/gcc/arm-none-eabi/9.3.1/../../../../arm-none-eabi/lib/thumb/v8-m.main+fp/hard\libm.a
LOAD c:/st/stm32cubeide_1.8.0/stm32cubeide/plugins/com.st.stm32cube.ide.mcu.externaltools.gnu-tools-for-stm32.9-2020-q2-update.win32_2.0.0.202105311346/tools/bin/../lib/gcc/arm-none-eabi/9.3.1/thumb/v8-m.main+fp/hard\libgcc.a

.debug_info     0x0000000000000000     0xfc67
 .debug_info    0x0000000000000000      0xd5c ./Core/Src/NMEA.o
 .debug_info    0x0000000000000d5c     0x19aa ./Core/Src/main.o
 .debug_info    0x0000000000002706     0x1397 ./Core/Src/stm32l5xx_hal_msp.o
 .debug_info    0x0000000000003a9d      0xa1c ./Core/Src/stm32l5xx_it.o
 .debug_info    0x00000000000044b9      0x964 ./Core/Src/system_stm32l5xx.o
 .debug_info    0x0000000000004e1d     0x1700 ./Core/Src/uartRingBuffer.o
 .debug_info    0x000000000000651d       0x22 ./Core/Startup/startup_stm32l552zetxq.o
 .debug_info    0x000000000000653f      0xe65 ./Drivers/STM32L5xx_HAL_Driver/Src/stm32l5xx_hal.o
 .debug_info    0x00000000000073a4     0x1340 ./Drivers/STM32L5xx_HAL_Driver/Src/stm32l5xx_hal_cortex.o
 .debug_info    0x00000000000086e4      0xb85 ./Drivers/STM32L5xx_HAL_Driver/Src/stm32l5xx_hal_dma.o
 .debug_info    0x0000000000009269      0x836 ./Drivers/STM32L5xx_HAL_Driver/Src/stm32l5xx_hal_gpio.o
 .debug_info    0x0000000000009a9f      0xfc5 ./Drivers/STM32L5xx_HAL_Driver/Src/stm32l5xx_hal_pwr_ex.o
 .debug_info    0x000000000000aa64     0x1145 ./Drivers/STM32L5xx_HAL_Driver/Src/stm32l5xx_hal_rcc.o
 .debug_info    0x000000000000bba9     0x136c ./Drivers/STM32L5xx_HAL_Driver/Src/stm32l5xx_hal_rcc_ex.o
 .debug_info    0x000000000000cf15     0x1e67 ./Drivers/STM32L5xx_HAL_Driver/Src/stm32l5xx_hal_uart.o
 .debug_info    0x000000000000ed7c      0xeeb ./Drivers/STM32L5xx_HAL_Driver/Src/stm32l5xx_hal_uart_ex.o

.debug_abbrev   0x0000000000000000     0x2391
 .debug_abbrev  0x0000000000000000      0x25f ./Core/Src/NMEA.o
 .debug_abbrev  0x000000000000025f      0x2b4 ./Core/Src/main.o
 .debug_abbrev  0x0000000000000513      0x1d5 ./Core/Src/stm32l5xx_hal_msp.o
 .debug_abbrev  0x00000000000006e8      0x163 ./Core/Src/stm32l5xx_it.o
 .debug_abbrev  0x000000000000084b      0x176 ./Core/Src/system_stm32l5xx.o
 .debug_abbrev  0x00000000000009c1      0x3c4 ./Core/Src/uartRingBuffer.o
 .debug_abbrev  0x0000000000000d85       0x12 ./Core/Startup/startup_stm32l552zetxq.o
 .debug_abbrev  0x0000000000000d97      0x29d ./Drivers/STM32L5xx_HAL_Driver/Src/stm32l5xx_hal.o
 .debug_abbrev  0x0000000000001034      0x343 ./Drivers/STM32L5xx_HAL_Driver/Src/stm32l5xx_hal_cortex.o
 .debug_abbrev  0x0000000000001377      0x212 ./Drivers/STM32L5xx_HAL_Driver/Src/stm32l5xx_hal_dma.o
 .debug_abbrev  0x0000000000001589      0x1df ./Drivers/STM32L5xx_HAL_Driver/Src/stm32l5xx_hal_gpio.o
 .debug_abbrev  0x0000000000001768      0x283 ./Drivers/STM32L5xx_HAL_Driver/Src/stm32l5xx_hal_pwr_ex.o
 .debug_abbrev  0x00000000000019eb      0x2a6 ./Drivers/STM32L5xx_HAL_Driver/Src/stm32l5xx_hal_rcc.o
 .debug_abbrev  0x0000000000001c91      0x288 ./Drivers/STM32L5xx_HAL_Driver/Src/stm32l5xx_hal_rcc_ex.o
 .debug_abbrev  0x0000000000001f19      0x26e ./Drivers/STM32L5xx_HAL_Driver/Src/stm32l5xx_hal_uart.o
 .debug_abbrev  0x0000000000002187      0x20a ./Drivers/STM32L5xx_HAL_Driver/Src/stm32l5xx_hal_uart_ex.o

.debug_aranges  0x0000000000000000      0xb90
 .debug_aranges
                0x0000000000000000       0x28 ./Core/Src/NMEA.o
 .debug_aranges
                0x0000000000000028       0x40 ./Core/Src/main.o
 .debug_aranges
                0x0000000000000068       0x30 ./Core/Src/stm32l5xx_hal_msp.o
 .debug_aranges
                0x0000000000000098       0x68 ./Core/Src/stm32l5xx_it.o
 .debug_aranges
                0x0000000000000100       0x28 ./Core/Src/system_stm32l5xx.o
 .debug_aranges
                0x0000000000000128       0x88 ./Core/Src/uartRingBuffer.o
 .debug_aranges
                0x00000000000001b0       0x28 ./Core/Startup/startup_stm32l552zetxq.o
 .debug_aranges
                0x00000000000001d8      0x130 ./Drivers/STM32L5xx_HAL_Driver/Src/stm32l5xx_hal.o
 .debug_aranges
                0x0000000000000308      0x130 ./Drivers/STM32L5xx_HAL_Driver/Src/stm32l5xx_hal_cortex.o
 .debug_aranges
                0x0000000000000438       0xa0 ./Drivers/STM32L5xx_HAL_Driver/Src/stm32l5xx_hal_dma.o
 .debug_aranges
                0x00000000000004d8       0x60 ./Drivers/STM32L5xx_HAL_Driver/Src/stm32l5xx_hal_gpio.o
 .debug_aranges
                0x0000000000000538      0x1b8 ./Drivers/STM32L5xx_HAL_Driver/Src/stm32l5xx_hal_pwr_ex.o
 .debug_aranges
                0x00000000000006f0       0xa0 ./Drivers/STM32L5xx_HAL_Driver/Src/stm32l5xx_hal_rcc.o
 .debug_aranges
                0x0000000000000790      0x118 ./Drivers/STM32L5xx_HAL_Driver/Src/stm32l5xx_hal_rcc_ex.o
 .debug_aranges
                0x00000000000008a8      0x248 ./Drivers/STM32L5xx_HAL_Driver/Src/stm32l5xx_hal_uart.o
 .debug_aranges
                0x0000000000000af0       0xa0 ./Drivers/STM32L5xx_HAL_Driver/Src/stm32l5xx_hal_uart_ex.o

.debug_ranges   0x0000000000000000      0xae0
 .debug_ranges  0x0000000000000000       0x18 ./Core/Src/NMEA.o
 .debug_ranges  0x0000000000000018       0x30 ./Core/Src/main.o
 .debug_ranges  0x0000000000000048       0x20 ./Core/Src/stm32l5xx_hal_msp.o
 .debug_ranges  0x0000000000000068       0x58 ./Core/Src/stm32l5xx_it.o
 .debug_ranges  0x00000000000000c0       0x18 ./Core/Src/system_stm32l5xx.o
 .debug_ranges  0x00000000000000d8       0x90 ./Core/Src/uartRingBuffer.o
 .debug_ranges  0x0000000000000168       0x20 ./Core/Startup/startup_stm32l552zetxq.o
 .debug_ranges  0x0000000000000188      0x120 ./Drivers/STM32L5xx_HAL_Driver/Src/stm32l5xx_hal.o
 .debug_ranges  0x00000000000002a8      0x120 ./Drivers/STM32L5xx_HAL_Driver/Src/stm32l5xx_hal_cortex.o
 .debug_ranges  0x00000000000003c8       0x90 ./Drivers/STM32L5xx_HAL_Driver/Src/stm32l5xx_hal_dma.o
 .debug_ranges  0x0000000000000458       0x50 ./Drivers/STM32L5xx_HAL_Driver/Src/stm32l5xx_hal_gpio.o
 .debug_ranges  0x00000000000004a8      0x1a8 ./Drivers/STM32L5xx_HAL_Driver/Src/stm32l5xx_hal_pwr_ex.o
 .debug_ranges  0x0000000000000650       0x90 ./Drivers/STM32L5xx_HAL_Driver/Src/stm32l5xx_hal_rcc.o
 .debug_ranges  0x00000000000006e0      0x108 ./Drivers/STM32L5xx_HAL_Driver/Src/stm32l5xx_hal_rcc_ex.o
 .debug_ranges  0x00000000000007e8      0x268 ./Drivers/STM32L5xx_HAL_Driver/Src/stm32l5xx_hal_uart.o
 .debug_ranges  0x0000000000000a50       0x90 ./Drivers/STM32L5xx_HAL_Driver/Src/stm32l5xx_hal_uart_ex.o

.debug_macro    0x0000000000000000    0x28683
 .debug_macro   0x0000000000000000      0x181 ./Core/Src/NMEA.o
 .debug_macro   0x0000000000000181      0xaae ./Core/Src/NMEA.o
 .debug_macro   0x0000000000000c2f       0x22 ./Core/Src/NMEA.o
 .debug_macro   0x0000000000000c51       0x8e ./Core/Src/NMEA.o
 .debug_macro   0x0000000000000cdf       0x51 ./Core/Src/NMEA.o
 .debug_macro   0x0000000000000d30      0x103 ./Core/Src/NMEA.o
 .debug_macro   0x0000000000000e33       0x6a ./Core/Src/NMEA.o
 .debug_macro   0x0000000000000e9d      0x1df ./Core/Src/NMEA.o
 .debug_macro   0x000000000000107c       0x18 ./Core/Src/NMEA.o
 .debug_macro   0x0000000000001094       0x52 ./Core/Src/NMEA.o
 .debug_macro   0x00000000000010e6       0x3c ./Core/Src/NMEA.o
 .debug_macro   0x0000000000001122       0x34 ./Core/Src/NMEA.o
 .debug_macro   0x0000000000001156       0x16 ./Core/Src/NMEA.o
 .debug_macro   0x000000000000116c      0x10e ./Core/Src/NMEA.o
 .debug_macro   0x000000000000127a       0x8d ./Core/Src/NMEA.o
 .debug_macro   0x0000000000001307       0x16 ./Core/Src/NMEA.o
 .debug_macro   0x000000000000131d       0x43 ./Core/Src/NMEA.o
 .debug_macro   0x0000000000001360       0x34 ./Core/Src/NMEA.o
 .debug_macro   0x0000000000001394       0x10 ./Core/Src/NMEA.o
 .debug_macro   0x00000000000013a4       0x58 ./Core/Src/NMEA.o
 .debug_macro   0x00000000000013fc       0x71 ./Core/Src/NMEA.o
 .debug_macro   0x000000000000146d       0x1c ./Core/Src/NMEA.o
 .debug_macro   0x0000000000001489      0x12a ./Core/Src/NMEA.o
 .debug_macro   0x00000000000015b3      0x339 ./Core/Src/NMEA.o
 .debug_macro   0x00000000000018ec       0x16 ./Core/Src/NMEA.o
 .debug_macro   0x0000000000001902       0x29 ./Core/Src/NMEA.o
 .debug_macro   0x000000000000192b       0x16 ./Core/Src/NMEA.o
 .debug_macro   0x0000000000001941       0x35 ./Core/Src/NMEA.o
 .debug_macro   0x0000000000001976       0x20 ./Core/Src/NMEA.o
 .debug_macro   0x0000000000001996      0x1a9 ./Core/Src/NMEA.o
 .debug_macro   0x0000000000001b3f      0x388 ./Core/Src/main.o
 .debug_macro   0x0000000000001ec7      0x190 ./Core/Src/main.o
 .debug_macro   0x0000000000002057       0x2e ./Core/Src/main.o
 .debug_macro   0x0000000000002085       0x42 ./Core/Src/main.o
 .debug_macro   0x00000000000020c7       0x1c ./Core/Src/main.o
 .debug_macro   0x00000000000020e3       0x29 ./Core/Src/main.o
 .debug_macro   0x000000000000210c      0x101 ./Core/Src/main.o
 .debug_macro   0x000000000000220d     0x1336 ./Core/Src/main.o
 .debug_macro   0x0000000000003543       0x5e ./Core/Src/main.o
 .debug_macro   0x00000000000035a1    0x1ac8f ./Core/Src/main.o
 .debug_macro   0x000000000001e230       0x42 ./Core/Src/main.o
 .debug_macro   0x000000000001e272     0x34df ./Core/Src/main.o
 .debug_macro   0x0000000000021751      0x174 ./Core/Src/main.o
 .debug_macro   0x00000000000218c5       0x5c ./Core/Src/main.o
 .debug_macro   0x0000000000021921     0x1948 ./Core/Src/main.o
 .debug_macro   0x0000000000023269      0xa4b ./Core/Src/main.o
 .debug_macro   0x0000000000023cb4      0x153 ./Core/Src/main.o
 .debug_macro   0x0000000000023e07      0x1d9 ./Core/Src/main.o
 .debug_macro   0x0000000000023fe0      0x4e1 ./Core/Src/main.o
 .debug_macro   0x00000000000244c1      0x1ac ./Core/Src/main.o
 .debug_macro   0x000000000002466d       0x4a ./Core/Src/main.o
 .debug_macro   0x00000000000246b7      0x1ba ./Core/Src/main.o
 .debug_macro   0x0000000000024871      0x231 ./Core/Src/main.o
 .debug_macro   0x0000000000024aa2      0x3bb ./Core/Src/main.o
 .debug_macro   0x0000000000024e5d       0x36 ./Core/Src/main.o
 .debug_macro   0x0000000000024e93      0x11c ./Core/Src/main.o
 .debug_macro   0x0000000000024faf      0x22c ./Core/Src/main.o
 .debug_macro   0x00000000000251db       0x5b ./Core/Src/main.o
 .debug_macro   0x0000000000025236       0xa5 ./Core/Src/main.o
 .debug_macro   0x00000000000252db       0xf3 ./Core/Src/main.o
 .debug_macro   0x00000000000253ce      0x199 ./Core/Src/main.o
 .debug_macro   0x0000000000025567      0x487 ./Core/Src/main.o
 .debug_macro   0x00000000000259ee      0x67e ./Core/Src/main.o
 .debug_macro   0x000000000002606c       0xa6 ./Core/Src/main.o
 .debug_macro   0x0000000000026112      0x3f1 ./Core/Src/main.o
 .debug_macro   0x0000000000026503       0x10 ./Core/Src/main.o
 .debug_macro   0x0000000000026513       0x16 ./Core/Src/main.o
 .debug_macro   0x0000000000026529      0x333 ./Core/Src/main.o
 .debug_macro   0x000000000002685c       0x10 ./Core/Src/main.o
 .debug_macro   0x000000000002686c       0x10 ./Core/Src/main.o
 .debug_macro   0x000000000002687c       0x1c ./Core/Src/main.o
 .debug_macro   0x0000000000026898       0x52 ./Core/Src/main.o
 .debug_macro   0x00000000000268ea       0x22 ./Core/Src/main.o
 .debug_macro   0x000000000002690c       0x10 ./Core/Src/main.o
 .debug_macro   0x000000000002691c       0x40 ./Core/Src/main.o
 .debug_macro   0x000000000002695c       0xd5 ./Core/Src/main.o
 .debug_macro   0x0000000000026a31       0x1c ./Core/Src/main.o
 .debug_macro   0x0000000000026a4d       0x3d ./Core/Src/main.o
 .debug_macro   0x0000000000026a8a       0x16 ./Core/Src/main.o
 .debug_macro   0x0000000000026aa0      0x145 ./Core/Src/main.o
 .debug_macro   0x0000000000026be5      0x1e6 ./Core/Src/stm32l5xx_hal_msp.o
 .debug_macro   0x0000000000026dcb      0x1f0 ./Core/Src/stm32l5xx_it.o
 .debug_macro   0x0000000000026fbb      0x1dc ./Core/Src/system_stm32l5xx.o
 .debug_macro   0x0000000000027197      0x2c6 ./Core/Src/uartRingBuffer.o
 .debug_macro   0x000000000002745d       0x10 ./Core/Src/uartRingBuffer.o
 .debug_macro   0x000000000002746d      0x20c ./Drivers/STM32L5xx_HAL_Driver/Src/stm32l5xx_hal.o
 .debug_macro   0x0000000000027679      0x1dc ./Drivers/STM32L5xx_HAL_Driver/Src/stm32l5xx_hal_cortex.o
 .debug_macro   0x0000000000027855      0x1dc ./Drivers/STM32L5xx_HAL_Driver/Src/stm32l5xx_hal_dma.o
 .debug_macro   0x0000000000027a31      0x20f ./Drivers/STM32L5xx_HAL_Driver/Src/stm32l5xx_hal_gpio.o
 .debug_macro   0x0000000000027c40      0x20c ./Drivers/STM32L5xx_HAL_Driver/Src/stm32l5xx_hal_pwr_ex.o
 .debug_macro   0x0000000000027e4c      0x206 ./Drivers/STM32L5xx_HAL_Driver/Src/stm32l5xx_hal_rcc.o
 .debug_macro   0x0000000000028052      0x242 ./Drivers/STM32L5xx_HAL_Driver/Src/stm32l5xx_hal_rcc_ex.o
 .debug_macro   0x0000000000028294      0x207 ./Drivers/STM32L5xx_HAL_Driver/Src/stm32l5xx_hal_uart.o
 .debug_macro   0x000000000002849b      0x1e8 ./Drivers/STM32L5xx_HAL_Driver/Src/stm32l5xx_hal_uart_ex.o

.debug_line     0x0000000000000000     0xd6d4
 .debug_line    0x0000000000000000      0xa34 ./Core/Src/NMEA.o
 .debug_line    0x0000000000000a34      0xa48 ./Core/Src/main.o
 .debug_line    0x000000000000147c      0x75f ./Core/Src/stm32l5xx_hal_msp.o
 .debug_line    0x0000000000001bdb      0x7e4 ./Core/Src/stm32l5xx_it.o
 .debug_line    0x00000000000023bf      0x792 ./Core/Src/system_stm32l5xx.o
 .debug_line    0x0000000000002b51      0xdef ./Core/Src/uartRingBuffer.o
 .debug_line    0x0000000000003940       0x88 ./Core/Startup/startup_stm32l552zetxq.o
 .debug_line    0x00000000000039c8      0xb07 ./Drivers/STM32L5xx_HAL_Driver/Src/stm32l5xx_hal.o
 .debug_line    0x00000000000044cf      0xcff ./Drivers/STM32L5xx_HAL_Driver/Src/stm32l5xx_hal_cortex.o
 .debug_line    0x00000000000051ce      0xf9a ./Drivers/STM32L5xx_HAL_Driver/Src/stm32l5xx_hal_dma.o
 .debug_line    0x0000000000006168      0xb4e ./Drivers/STM32L5xx_HAL_Driver/Src/stm32l5xx_hal_gpio.o
 .debug_line    0x0000000000006cb6      0xeaf ./Drivers/STM32L5xx_HAL_Driver/Src/stm32l5xx_hal_pwr_ex.o
 .debug_line    0x0000000000007b65     0x1240 ./Drivers/STM32L5xx_HAL_Driver/Src/stm32l5xx_hal_rcc.o
 .debug_line    0x0000000000008da5     0x1b5d ./Drivers/STM32L5xx_HAL_Driver/Src/stm32l5xx_hal_rcc_ex.o
 .debug_line    0x000000000000a902     0x213a ./Drivers/STM32L5xx_HAL_Driver/Src/stm32l5xx_hal_uart.o
 .debug_line    0x000000000000ca3c      0xc98 ./Drivers/STM32L5xx_HAL_Driver/Src/stm32l5xx_hal_uart_ex.o

.debug_str      0x0000000000000000    0xfebff
 .debug_str     0x0000000000000000     0x7984 ./Core/Src/NMEA.o
                                       0x7c5b (size before relaxing)
 .debug_str     0x0000000000007984    0xf369b ./Core/Src/main.o
                                      0xfaabb (size before relaxing)
 .debug_str     0x00000000000fb01f      0x945 ./Core/Src/stm32l5xx_hal_msp.o
                                      0xf704e (size before relaxing)
 .debug_str     0x00000000000fb964       0xd7 ./Core/Src/stm32l5xx_it.o
                                      0xf65a7 (size before relaxing)
 .debug_str     0x00000000000fba3b      0x148 ./Core/Src/system_stm32l5xx.o
                                      0xf62b7 (size before relaxing)
 .debug_str     0x00000000000fbb83      0x1fd ./Core/Src/uartRingBuffer.o
                                      0xf992a (size before relaxing)
 .debug_str     0x00000000000fbd80       0x37 ./Core/Startup/startup_stm32l552zetxq.o
                                         0x60 (size before relaxing)
 .debug_str     0x00000000000fbdb7      0x525 ./Drivers/STM32L5xx_HAL_Driver/Src/stm32l5xx_hal.o
                                      0xf6d72 (size before relaxing)
 .debug_str     0x00000000000fc2dc      0x3fe ./Drivers/STM32L5xx_HAL_Driver/Src/stm32l5xx_hal_cortex.o
                                      0xf6c5d (size before relaxing)
 .debug_str     0x00000000000fc6da      0x339 ./Drivers/STM32L5xx_HAL_Driver/Src/stm32l5xx_hal_dma.o
                                      0xf6632 (size before relaxing)
 .debug_str     0x00000000000fca13      0x29c ./Drivers/STM32L5xx_HAL_Driver/Src/stm32l5xx_hal_gpio.o
                                      0xf6333 (size before relaxing)
 .debug_str     0x00000000000fccaf      0x73f ./Drivers/STM32L5xx_HAL_Driver/Src/stm32l5xx_hal_pwr_ex.o
                                      0xf6a32 (size before relaxing)
 .debug_str     0x00000000000fd3ee      0x3f8 ./Drivers/STM32L5xx_HAL_Driver/Src/stm32l5xx_hal_rcc.o
                                      0xf6854 (size before relaxing)
 .debug_str     0x00000000000fd7e6      0x7ce ./Drivers/STM32L5xx_HAL_Driver/Src/stm32l5xx_hal_rcc_ex.o
                                      0xf6dc2 (size before relaxing)
 .debug_str     0x00000000000fdfb4      0x966 ./Drivers/STM32L5xx_HAL_Driver/Src/stm32l5xx_hal_uart.o
                                      0xf709d (size before relaxing)
 .debug_str     0x00000000000fe91a      0x2e5 ./Drivers/STM32L5xx_HAL_Driver/Src/stm32l5xx_hal_uart_ex.o
                                      0xf685c (size before relaxing)

.comment        0x0000000000000000       0x53
 .comment       0x0000000000000000       0x53 ./Core/Src/NMEA.o
                                         0x54 (size before relaxing)
 .comment       0x0000000000000053       0x54 ./Core/Src/main.o
 .comment       0x0000000000000053       0x54 ./Core/Src/stm32l5xx_hal_msp.o
 .comment       0x0000000000000053       0x54 ./Core/Src/stm32l5xx_it.o
 .comment       0x0000000000000053       0x54 ./Core/Src/system_stm32l5xx.o
 .comment       0x0000000000000053       0x54 ./Core/Src/uartRingBuffer.o
 .comment       0x0000000000000053       0x54 ./Drivers/STM32L5xx_HAL_Driver/Src/stm32l5xx_hal.o
 .comment       0x0000000000000053       0x54 ./Drivers/STM32L5xx_HAL_Driver/Src/stm32l5xx_hal_cortex.o
 .comment       0x0000000000000053       0x54 ./Drivers/STM32L5xx_HAL_Driver/Src/stm32l5xx_hal_dma.o
 .comment       0x0000000000000053       0x54 ./Drivers/STM32L5xx_HAL_Driver/Src/stm32l5xx_hal_gpio.o
 .comment       0x0000000000000053       0x54 ./Drivers/STM32L5xx_HAL_Driver/Src/stm32l5xx_hal_pwr_ex.o
 .comment       0x0000000000000053       0x54 ./Drivers/STM32L5xx_HAL_Driver/Src/stm32l5xx_hal_rcc.o
 .comment       0x0000000000000053       0x54 ./Drivers/STM32L5xx_HAL_Driver/Src/stm32l5xx_hal_rcc_ex.o
 .comment       0x0000000000000053       0x54 ./Drivers/STM32L5xx_HAL_Driver/Src/stm32l5xx_hal_uart.o
 .comment       0x0000000000000053       0x54 ./Drivers/STM32L5xx_HAL_Driver/Src/stm32l5xx_hal_uart_ex.o

.debug_frame    0x0000000000000000     0x331c
 .debug_frame   0x0000000000000000       0x70 ./Core/Src/NMEA.o
 .debug_frame   0x0000000000000070       0xac ./Core/Src/main.o
 .debug_frame   0x000000000000011c       0x80 ./Core/Src/stm32l5xx_hal_msp.o
 .debug_frame   0x000000000000019c      0x120 ./Core/Src/stm32l5xx_it.o
 .debug_frame   0x00000000000002bc       0x58 ./Core/Src/system_stm32l5xx.o
 .debug_frame   0x0000000000000314      0x200 ./Core/Src/uartRingBuffer.o
 .debug_frame   0x0000000000000514      0x4a4 ./Drivers/STM32L5xx_HAL_Driver/Src/stm32l5xx_hal.o
 .debug_frame   0x00000000000009b8      0x508 ./Drivers/STM32L5xx_HAL_Driver/Src/stm32l5xx_hal_cortex.o
 .debug_frame   0x0000000000000ec0      0x29c ./Drivers/STM32L5xx_HAL_Driver/Src/stm32l5xx_hal_dma.o
 .debug_frame   0x000000000000115c      0x174 ./Drivers/STM32L5xx_HAL_Driver/Src/stm32l5xx_hal_gpio.o
 .debug_frame   0x00000000000012d0      0x6fc ./Drivers/STM32L5xx_HAL_Driver/Src/stm32l5xx_hal_pwr_ex.o
 .debug_frame   0x00000000000019cc      0x270 ./Drivers/STM32L5xx_HAL_Driver/Src/stm32l5xx_hal_rcc.o
 .debug_frame   0x0000000000001c3c      0x48c ./Drivers/STM32L5xx_HAL_Driver/Src/stm32l5xx_hal_rcc_ex.o
 .debug_frame   0x00000000000020c8      0xa7c ./Drivers/STM32L5xx_HAL_Driver/Src/stm32l5xx_hal_uart.o
 .debug_frame   0x0000000000002b44      0x29c ./Drivers/STM32L5xx_HAL_Driver/Src/stm32l5xx_hal_uart_ex.o
 .debug_frame   0x0000000000002de0       0x30 c:/st/stm32cubeide_1.8.0/stm32cubeide/plugins/com.st.stm32cube.ide.mcu.externaltools.gnu-tools-for-stm32.9-2020-q2-update.win32_2.0.0.202105311346/tools/bin/../lib/gcc/arm-none-eabi/9.3.1/../../../../arm-none-eabi/lib/thumb/v8-m.main+fp/hard\libc_nano.a(lib_a-atoi.o)
 .debug_frame   0x0000000000002e10       0x20 c:/st/stm32cubeide_1.8.0/stm32cubeide/plugins/com.st.stm32cube.ide.mcu.externaltools.gnu-tools-for-stm32.9-2020-q2-update.win32_2.0.0.202105311346/tools/bin/../lib/gcc/arm-none-eabi/9.3.1/../../../../arm-none-eabi/lib/thumb/v8-m.main+fp/hard\libc_nano.a(lib_a-errno.o)
 .debug_frame   0x0000000000002e30       0x2c c:/st/stm32cubeide_1.8.0/stm32cubeide/plugins/com.st.stm32cube.ide.mcu.externaltools.gnu-tools-for-stm32.9-2020-q2-update.win32_2.0.0.202105311346/tools/bin/../lib/gcc/arm-none-eabi/9.3.1/../../../../arm-none-eabi/lib/thumb/v8-m.main+fp/hard\libc_nano.a(lib_a-init.o)
 .debug_frame   0x0000000000002e5c       0x20 c:/st/stm32cubeide_1.8.0/stm32cubeide/plugins/com.st.stm32cube.ide.mcu.externaltools.gnu-tools-for-stm32.9-2020-q2-update.win32_2.0.0.202105311346/tools/bin/../lib/gcc/arm-none-eabi/9.3.1/../../../../arm-none-eabi/lib/thumb/v8-m.main+fp/hard\libc_nano.a(lib_a-memset.o)
 .debug_frame   0x0000000000002e7c       0x64 c:/st/stm32cubeide_1.8.0/stm32cubeide/plugins/com.st.stm32cube.ide.mcu.externaltools.gnu-tools-for-stm32.9-2020-q2-update.win32_2.0.0.202105311346/tools/bin/../lib/gcc/arm-none-eabi/9.3.1/../../../../arm-none-eabi/lib/thumb/v8-m.main+fp/hard\libc_nano.a(lib_a-strtol.o)
 .debug_frame   0x0000000000002ee0       0x34 c:/st/stm32cubeide_1.8.0/stm32cubeide/plugins/com.st.stm32cube.ide.mcu.externaltools.gnu-tools-for-stm32.9-2020-q2-update.win32_2.0.0.202105311346/tools/bin/../lib/gcc/arm-none-eabi/9.3.1/../../../../arm-none-eabi/lib/thumb/v8-m.main+fp/hard\libm.a(lib_a-w_pow.o)
 .debug_frame   0x0000000000002f14       0xa8 c:/st/stm32cubeide_1.8.0/stm32cubeide/plugins/com.st.stm32cube.ide.mcu.externaltools.gnu-tools-for-stm32.9-2020-q2-update.win32_2.0.0.202105311346/tools/bin/../lib/gcc/arm-none-eabi/9.3.1/../../../../arm-none-eabi/lib/thumb/v8-m.main+fp/hard\libm.a(lib_a-e_pow.o)
 .debug_frame   0x0000000000002fbc       0x30 c:/st/stm32cubeide_1.8.0/stm32cubeide/plugins/com.st.stm32cube.ide.mcu.externaltools.gnu-tools-for-stm32.9-2020-q2-update.win32_2.0.0.202105311346/tools/bin/../lib/gcc/arm-none-eabi/9.3.1/../../../../arm-none-eabi/lib/thumb/v8-m.main+fp/hard\libm.a(lib_a-e_sqrt.o)
 .debug_frame   0x0000000000002fec       0x20 c:/st/stm32cubeide_1.8.0/stm32cubeide/plugins/com.st.stm32cube.ide.mcu.externaltools.gnu-tools-for-stm32.9-2020-q2-update.win32_2.0.0.202105311346/tools/bin/../lib/gcc/arm-none-eabi/9.3.1/../../../../arm-none-eabi/lib/thumb/v8-m.main+fp/hard\libm.a(lib_a-s_fabs.o)
 .debug_frame   0x000000000000300c       0x28 c:/st/stm32cubeide_1.8.0/stm32cubeide/plugins/com.st.stm32cube.ide.mcu.externaltools.gnu-tools-for-stm32.9-2020-q2-update.win32_2.0.0.202105311346/tools/bin/../lib/gcc/arm-none-eabi/9.3.1/../../../../arm-none-eabi/lib/thumb/v8-m.main+fp/hard\libm.a(lib_a-s_finite.o)
 .debug_frame   0x0000000000003034       0x20 c:/st/stm32cubeide_1.8.0/stm32cubeide/plugins/com.st.stm32cube.ide.mcu.externaltools.gnu-tools-for-stm32.9-2020-q2-update.win32_2.0.0.202105311346/tools/bin/../lib/gcc/arm-none-eabi/9.3.1/../../../../arm-none-eabi/lib/thumb/v8-m.main+fp/hard\libm.a(lib_a-s_nan.o)
 .debug_frame   0x0000000000003054       0x34 c:/st/stm32cubeide_1.8.0/stm32cubeide/plugins/com.st.stm32cube.ide.mcu.externaltools.gnu-tools-for-stm32.9-2020-q2-update.win32_2.0.0.202105311346/tools/bin/../lib/gcc/arm-none-eabi/9.3.1/../../../../arm-none-eabi/lib/thumb/v8-m.main+fp/hard\libm.a(lib_a-s_rint.o)
 .debug_frame   0x0000000000003088       0x2c c:/st/stm32cubeide_1.8.0/stm32cubeide/plugins/com.st.stm32cube.ide.mcu.externaltools.gnu-tools-for-stm32.9-2020-q2-update.win32_2.0.0.202105311346/tools/bin/../lib/gcc/arm-none-eabi/9.3.1/../../../../arm-none-eabi/lib/thumb/v8-m.main+fp/hard\libm.a(lib_a-s_scalbn.o)
 .debug_frame   0x00000000000030b4       0xac c:/st/stm32cubeide_1.8.0/stm32cubeide/plugins/com.st.stm32cube.ide.mcu.externaltools.gnu-tools-for-stm32.9-2020-q2-update.win32_2.0.0.202105311346/tools/bin/../lib/gcc/arm-none-eabi/9.3.1/thumb/v8-m.main+fp/hard\libgcc.a(_arm_addsubdf3.o)
 .debug_frame   0x0000000000003160       0x50 c:/st/stm32cubeide_1.8.0/stm32cubeide/plugins/com.st.stm32cube.ide.mcu.externaltools.gnu-tools-for-stm32.9-2020-q2-update.win32_2.0.0.202105311346/tools/bin/../lib/gcc/arm-none-eabi/9.3.1/thumb/v8-m.main+fp/hard\libgcc.a(_arm_muldivdf3.o)
 .debug_frame   0x00000000000031b0       0xc4 c:/st/stm32cubeide_1.8.0/stm32cubeide/plugins/com.st.stm32cube.ide.mcu.externaltools.gnu-tools-for-stm32.9-2020-q2-update.win32_2.0.0.202105311346/tools/bin/../lib/gcc/arm-none-eabi/9.3.1/thumb/v8-m.main+fp/hard\libgcc.a(_arm_cmpdf2.o)
 .debug_frame   0x0000000000003274       0x20 c:/st/stm32cubeide_1.8.0/stm32cubeide/plugins/com.st.stm32cube.ide.mcu.externaltools.gnu-tools-for-stm32.9-2020-q2-update.win32_2.0.0.202105311346/tools/bin/../lib/gcc/arm-none-eabi/9.3.1/thumb/v8-m.main+fp/hard\libgcc.a(_arm_unorddf2.o)
 .debug_frame   0x0000000000003294       0x24 c:/st/stm32cubeide_1.8.0/stm32cubeide/plugins/com.st.stm32cube.ide.mcu.externaltools.gnu-tools-for-stm32.9-2020-q2-update.win32_2.0.0.202105311346/tools/bin/../lib/gcc/arm-none-eabi/9.3.1/thumb/v8-m.main+fp/hard\libgcc.a(_arm_truncdfsf2.o)
 .debug_frame   0x00000000000032b8       0x2c c:/st/stm32cubeide_1.8.0/stm32cubeide/plugins/com.st.stm32cube.ide.mcu.externaltools.gnu-tools-for-stm32.9-2020-q2-update.win32_2.0.0.202105311346/tools/bin/../lib/gcc/arm-none-eabi/9.3.1/thumb/v8-m.main+fp/hard\libgcc.a(_aeabi_uldivmod.o)
 .debug_frame   0x00000000000032e4       0x38 c:/st/stm32cubeide_1.8.0/stm32cubeide/plugins/com.st.stm32cube.ide.mcu.externaltools.gnu-tools-for-stm32.9-2020-q2-update.win32_2.0.0.202105311346/tools/bin/../lib/gcc/arm-none-eabi/9.3.1/thumb/v8-m.main+fp/hard\libgcc.a(_udivmoddi4.o)
