15:38:08 **** Incremental Build of configuration Debug for project Slave_NRF24_Receiver ****
make -j8 all 
arm-none-eabi-gcc "../Core/Src/main.c" -mcpu=cortex-m33 -std=gnu11 -g3 -DDEBUG -DUSE_HAL_DRIVER -DSTM32L552xx -c -I../Core/Inc -I../Drivers/STM32L5xx_HAL_Driver/Inc -I../Drivers/STM32L5xx_HAL_Driver/Inc/Legacy -I../Drivers/CMSIS/Device/ST/STM32L5xx/Include -I../Drivers/CMSIS/Include -O0 -ffunction-sections -fdata-sections -Wall -fstack-usage -MMD -MP -MF"Core/Src/main.d" -MT"Core/Src/main.o" --specs=nano.specs -mfpu=fpv5-sp-d16 -mfloat-abi=hard -mthumb -o "Core/Src/main.o"
../Core/Src/main.c: In function 'main':
../Core/Src/main.c:110:11: warning: unused variable 'test_status' [-Wunused-variable]
  110 |   uint8_t test_status[1] = {0x07};
      |           ^~~~~~~~~~~
arm-none-eabi-gcc -o "Slave_NRF24_Receiver.elf" @"objects.list"   -mcpu=cortex-m33 -T"D:\Clock_Synchronization\Slave_NRF24_Receiver\STM32L552ZETXQ_FLASH.ld" --specs=nosys.specs -Wl,-Map="Slave_NRF24_Receiver.map" -Wl,--gc-sections -static --specs=nano.specs -mfpu=fpv5-sp-d16 -mfloat-abi=hard -mthumb -Wl,--start-group -lc -lm -Wl,--end-group
Finished building target: Slave_NRF24_Receiver.elf
 
arm-none-eabi-size   Slave_NRF24_Receiver.elf 
arm-none-eabi-objdump -h -S  Slave_NRF24_Receiver.elf  > "Slave_NRF24_Receiver.list"
arm-none-eabi-objcopy  -O binary  Slave_NRF24_Receiver.elf  "Slave_NRF24_Receiver.bin"
   text	   data	    bss	    dec	    hex	filename
  14716	     20	   1748	  16484	   4064	Slave_NRF24_Receiver.elf
Finished building: default.size.stdout
 
Finished building: Slave_NRF24_Receiver.bin
 
Finished building: Slave_NRF24_Receiver.list
 

15:38:09 Build Finished. 0 errors, 1 warnings. (took 996ms)

